Archive member included to satisfy reference by file (symbol)

c:/nxp/s32ds.3.5/s32ds/build_tools/gcc_b1620/gcc-6.3-arm32-eabi/bin/../lib/gcc/arm-none-eabi/6.3.1/thumb/v7e-m/fpv4-sp/hard\libgcc.a(_aeabi_uldivmod.o)
                              ./SDK/platform/drivers/src/lptmr/lptmr_driver.o (__aeabi_uldivmod)
c:/nxp/s32ds.3.5/s32ds/build_tools/gcc_b1620/gcc-6.3-arm32-eabi/bin/../lib/gcc/arm-none-eabi/6.3.1/thumb/v7e-m/fpv4-sp/hard\libgcc.a(_udivmoddi4.o)
                              c:/nxp/s32ds.3.5/s32ds/build_tools/gcc_b1620/gcc-6.3-arm32-eabi/bin/../lib/gcc/arm-none-eabi/6.3.1/thumb/v7e-m/fpv4-sp/hard\libgcc.a(_aeabi_uldivmod.o) (__udivmoddi4)
c:/nxp/s32ds.3.5/s32ds/build_tools/gcc_b1620/gcc-6.3-arm32-eabi/bin/../lib/gcc/arm-none-eabi/6.3.1/thumb/v7e-m/fpv4-sp/hard\libgcc.a(_dvmd_tls.o)
                              c:/nxp/s32ds.3.5/s32ds/build_tools/gcc_b1620/gcc-6.3-arm32-eabi/bin/../lib/gcc/arm-none-eabi/6.3.1/thumb/v7e-m/fpv4-sp/hard\libgcc.a(_aeabi_uldivmod.o) (__aeabi_ldiv0)
C:/NXP/S32DS.3.5/S32DS/build_tools/gcc_b1620/gcc-6.3-arm32-eabi/arm-none-eabi/newlib/lib/thumb/v7e-m/fpv4-sp/hard\libc_nano.a(lib_a-exit.o)
                              C:/NXP/S32DS.3.5/S32DS/build_tools/gcc_b1620/gcc-6.3-arm32-eabi/arm-none-eabi/newlib/lib/thumb/v7e-m/fpv4-sp/hard/crt0.o (exit)
C:/NXP/S32DS.3.5/S32DS/build_tools/gcc_b1620/gcc-6.3-arm32-eabi/arm-none-eabi/newlib/lib/thumb/v7e-m/fpv4-sp/hard\libc_nano.a(lib_a-impure.o)
                              C:/NXP/S32DS.3.5/S32DS/build_tools/gcc_b1620/gcc-6.3-arm32-eabi/arm-none-eabi/newlib/lib/thumb/v7e-m/fpv4-sp/hard\libc_nano.a(lib_a-exit.o) (_global_impure_ptr)
C:/NXP/S32DS.3.5/S32DS/build_tools/gcc_b1620/gcc-6.3-arm32-eabi/arm-none-eabi/newlib/lib/thumb/v7e-m/fpv4-sp/hard\libc_nano.a(lib_a-init.o)
                              C:/NXP/S32DS.3.5/S32DS/build_tools/gcc_b1620/gcc-6.3-arm32-eabi/arm-none-eabi/newlib/lib/thumb/v7e-m/fpv4-sp/hard/crt0.o (__libc_init_array)
C:/NXP/S32DS.3.5/S32DS/build_tools/gcc_b1620/gcc-6.3-arm32-eabi/arm-none-eabi/newlib/lib/thumb/v7e-m/fpv4-sp/hard\libc_nano.a(lib_a-memset.o)
                              C:/NXP/S32DS.3.5/S32DS/build_tools/gcc_b1620/gcc-6.3-arm32-eabi/arm-none-eabi/newlib/lib/thumb/v7e-m/fpv4-sp/hard/crt0.o (memset)
C:/NXP/S32DS.3.5/S32DS/build_tools/gcc_b1620/gcc-6.3-arm32-eabi/arm-none-eabi/newlib/lib/thumb/v7e-m/fpv4-sp/hard\libc_nano.a(lib_a-rand.o)
                              ./src/DIAG/diag_can_uds/uds_serv27/iso14229_serv27.o (rand)
C:/NXP/S32DS.3.5/S32DS/build_tools/gcc_b1620/gcc-6.3-arm32-eabi/arm-none-eabi/newlib/lib/thumb/v7e-m/fpv4-sp/hard\libc_nano.a(lib_a-malloc.o)
                              C:/NXP/S32DS.3.5/S32DS/build_tools/gcc_b1620/gcc-6.3-arm32-eabi/arm-none-eabi/newlib/lib/thumb/v7e-m/fpv4-sp/hard\libc_nano.a(lib_a-rand.o) (malloc)
C:/NXP/S32DS.3.5/S32DS/build_tools/gcc_b1620/gcc-6.3-arm32-eabi/arm-none-eabi/newlib/lib/thumb/v7e-m/fpv4-sp/hard\libc_nano.a(lib_a-nano-freer.o)
                              C:/NXP/S32DS.3.5/S32DS/build_tools/gcc_b1620/gcc-6.3-arm32-eabi/arm-none-eabi/newlib/lib/thumb/v7e-m/fpv4-sp/hard\libc_nano.a(lib_a-malloc.o) (_free_r)
C:/NXP/S32DS.3.5/S32DS/build_tools/gcc_b1620/gcc-6.3-arm32-eabi/arm-none-eabi/newlib/lib/thumb/v7e-m/fpv4-sp/hard\libc_nano.a(lib_a-nano-mallocr.o)
                              C:/NXP/S32DS.3.5/S32DS/build_tools/gcc_b1620/gcc-6.3-arm32-eabi/arm-none-eabi/newlib/lib/thumb/v7e-m/fpv4-sp/hard\libc_nano.a(lib_a-malloc.o) (_malloc_r)
C:/NXP/S32DS.3.5/S32DS/build_tools/gcc_b1620/gcc-6.3-arm32-eabi/arm-none-eabi/newlib/lib/thumb/v7e-m/fpv4-sp/hard\libc_nano.a(lib_a-sbrkr.o)
                              C:/NXP/S32DS.3.5/S32DS/build_tools/gcc_b1620/gcc-6.3-arm32-eabi/arm-none-eabi/newlib/lib/thumb/v7e-m/fpv4-sp/hard\libc_nano.a(lib_a-nano-mallocr.o) (_sbrk_r)
C:/NXP/S32DS.3.5/S32DS/build_tools/gcc_b1620/gcc-6.3-arm32-eabi/arm-none-eabi/newlib/lib/thumb/v7e-m/fpv4-sp/hard\libc_nano.a(lib_a-mlock.o)
                              C:/NXP/S32DS.3.5/S32DS/build_tools/gcc_b1620/gcc-6.3-arm32-eabi/arm-none-eabi/newlib/lib/thumb/v7e-m/fpv4-sp/hard\libc_nano.a(lib_a-nano-freer.o) (__malloc_lock)
C:/NXP/S32DS.3.5/S32DS/build_tools/gcc_b1620/gcc-6.3-arm32-eabi/arm-none-eabi/newlib/lib/thumb/v7e-m/fpv4-sp/hard\libc_nano.a(lib_a-reent.o)
                              C:/NXP/S32DS.3.5/S32DS/build_tools/gcc_b1620/gcc-6.3-arm32-eabi/arm-none-eabi/newlib/lib/thumb/v7e-m/fpv4-sp/hard\libc_nano.a(lib_a-sbrkr.o) (errno)
C:/NXP/S32DS.3.5/S32DS/build_tools/gcc_b1620/gcc-6.3-arm32-eabi/arm-none-eabi/newlib/lib/thumb/v7e-m/fpv4-sp/hard\libnosys.a(sbrk.o)
                              C:/NXP/S32DS.3.5/S32DS/build_tools/gcc_b1620/gcc-6.3-arm32-eabi/arm-none-eabi/newlib/lib/thumb/v7e-m/fpv4-sp/hard\libc_nano.a(lib_a-sbrkr.o) (_sbrk)
C:/NXP/S32DS.3.5/S32DS/build_tools/gcc_b1620/gcc-6.3-arm32-eabi/arm-none-eabi/newlib/lib/thumb/v7e-m/fpv4-sp/hard\libnosys.a(_exit.o)
[...]
Memory Configuration

Name             Origin             Length             Attributes
m_interrupts     0x00000000         0x00000400         xr
m_flash_config   0x00000400         0x00000010         xr
m_text           0x00000410         0x0017fbf0         xr
m_data           0x1ffe0000         0x00020000         rw
m_data_2         0x20000000         0x0001f000         rw
*default*        0x00000000         0xffffffff

Linker script and memory map

LOAD c:/nxp/s32ds.3.5/s32ds/build_tools/gcc_b1620/gcc-6.3-arm32-eabi/bin/../lib/gcc/arm-none-eabi/6.3.1/thumb/v7e-m/fpv4-sp/hard/crti.o
LOAD c:/nxp/s32ds.3.5/s32ds/build_tools/gcc_b1620/gcc-6.3-arm32-eabi/bin/../lib/gcc/arm-none-eabi/6.3.1/thumb/v7e-m/fpv4-sp/hard/crtbegin.o
LOAD C:/NXP/S32DS.3.5/S32DS/build_tools/gcc_b1620/gcc-6.3-arm32-eabi/arm-none-eabi/newlib/lib/thumb/v7e-m/fpv4-sp/hard/crt0.o
LOAD ./Project_Settings/Startup_Code/startup_S32K148.o
LOAD ./SDK/S32K148_SDK_4.0.1/platform/devices/S32K148/startup/system_S32K148.o
LOAD ./SDK/S32K148_SDK_4.0.1/platform/devices/startup.o
LOAD ./SDK/platform/drivers/src/clock/S32K1xx/clock_S32K1xx.o
LOAD ./SDK/platform/drivers/src/edma/edma_driver.o
LOAD ./SDK/platform/drivers/src/edma/edma_hw_access.o
LOAD ./SDK/platform/drivers/src/edma/edma_irq.o
LOAD ./SDK/platform/drivers/src/flash/flash_driver.o
LOAD ./SDK/platform/drivers/src/flexcan/flexcan_driver.o
LOAD ./SDK/platform/drivers/src/flexcan/flexcan_hw_access.o
LOAD ./SDK/platform/drivers/src/flexcan/flexcan_irq.o
LOAD ./SDK/platform/drivers/src/interrupt/interrupt_manager.o
LOAD ./SDK/platform/drivers/src/lptmr/lptmr_driver.o
LOAD ./SDK/platform/drivers/src/lptmr/lptmr_hw_access.o
LOAD ./SDK/platform/drivers/src/pins/pins_driver.o
LOAD ./SDK/platform/drivers/src/pins/pins_port_hw_access.o
LOAD ./SDK/rtos/osif/osif_baremetal.o
LOAD ./board/clock_config.o
LOAD ./board/peripherals_edma_config_1.o
LOAD ./board/peripherals_flash_1.o
LOAD ./board/peripherals_flexcan_config_1.o
LOAD ./board/peripherals_lptmr_1.o
LOAD ./board/peripherals_osif_1.o
LOAD ./board/pin_mux.o
LOAD ./src/Board_Init.o
LOAD ./src/CAN.o
LOAD ./src/Flash_EEPROM.o
LOAD ./src/Timer.o
LOAD ./src/main.o
LOAD ./src/DIAG/diag_appl_test/diag_adapt.o
LOAD ./src/DIAG/diag_appl_test/diag_appl_test.o
LOAD ./src/DIAG/diag_can_tp/conf/i15765_conf.o
LOAD ./src/DIAG/diag_can_tp/dcan_tp/i15765_init.o
LOAD ./src/DIAG/diag_can_tp/dcan_tp/i15765_nl.o
LOAD ./src/DIAG/diag_can_tp/dcan_tp/i15765_tp.o
LOAD ./src/DIAG/diag_can_uds/conf/uds_conf.o
LOAD ./src/DIAG/diag_can_uds/uds_serv10/iso14229_serv10.o
LOAD ./src/DIAG/diag_can_uds/uds_serv11/iso14229_serv11.o
LOAD ./src/DIAG/diag_can_uds/uds_serv27/iso14229_serv27.o
LOAD ./src/DIAG/diag_can_uds/uds_session/uds_session.o
LOAD ./src/DIAG/diag_common/diag_cil/can_callback.o
LOAD ./src/DIAG/diag_common/diag_cil/can_if.o
LOAD ./src/DIAG/diag_common/diag_cil/cil_nvm.o
LOAD ./src/DIAG/diag_common/diag_cil/conf/cil_can_conf.o
LOAD ./src/DIAG/diag_common/diag_scheduler/can_sched.o
LOAD ./src/DIAG/diag_common/diag_scheduler/com_tasksched.o
LOAD ./src/DIAG/diag_common/diag_scheduler/conf/can_sched_conf.o
LOAD ./src/DIAG/diag_common/diag_utils/crc_util.o
LOAD ./src/DIAG/diag_common/diag_utils/diag_typedefs.o
LOAD ./src/DIAG/diag_common/diag_utils/math_util.o
LOAD ./src/DIAG/diag_common/diag_utils/str_util.o
LOAD ./src/DIAG/diag_common/diag_utils/utils.o
LOAD ./src/DIAG/diag_common/fee_adapt/conf/fee_conf.o
LOAD ./src/DIAG/diag_common/fee_adapt/fee_adapt.o
START GROUP
LOAD c:/nxp/s32ds.3.5/s32ds/build_tools/gcc_b1620/gcc-6.3-arm32-eabi/bin/../lib/gcc/arm-none-eabi/6.3.1/thumb/v7e-m/fpv4-sp/hard\libgcc.a
LOAD C:/NXP/S32DS.3.5/S32DS/build_tools/gcc_b1620/gcc-6.3-arm32-eabi/arm-none-eabi/newlib/lib/thumb/v7e-m/fpv4-sp/hard\libc_nano.a
END GROUP
START GROUP
LOAD c:/nxp/s32ds.3.5/s32ds/build_tools/gcc_b1620/gcc-6.3-arm32-eabi/bin/../lib/gcc/arm-none-eabi/6.3.1/thumb/v7e-m/fpv4-sp/hard\libgcc.a
LOAD C:/NXP/S32DS.3.5/S32DS/build_tools/gcc_b1620/gcc-6.3-arm32-eabi/arm-none-eabi/newlib/lib/thumb/v7e-m/fpv4-sp/hard\libc_nano.a
LOAD C:/NXP/S32DS.3.5/S32DS/build_tools/gcc_b1620/gcc-6.3-arm32-eabi/arm-none-eabi/newlib/lib/thumb/v7e-m/fpv4-sp/hard\libnosys.a
END GROUP
START GROUP
LOAD c:/nxp/s32ds.3.5/s32ds/build_tools/gcc_b1620/gcc-6.3-arm32-eabi/bin/../lib/gcc/arm-none-eabi/6.3.1/thumb/v7e-m/fpv4-sp/hard\libgcc.a
LOAD C:/NXP/S32DS.3.5/S32DS/build_tools/gcc_b1620/gcc-6.3-arm32-eabi/arm-none-eabi/newlib/lib/thumb/v7e-m/fpv4-sp/hard\libc_nano.a
LOAD C:/NXP/S32DS.3.5/S32DS/build_tools/gcc_b1620/gcc-6.3-arm32-eabi/arm-none-eabi/newlib/lib/thumb/v7e-m/fpv4-sp/hard\libnosys.a
END GROUP
LOAD c:/nxp/s32ds.3.5/s32ds/build_tools/gcc_b1620/gcc-6.3-arm32-eabi/bin/../lib/gcc/arm-none-eabi/6.3.1/thumb/v7e-m/fpv4-sp/hard/crtend.o
LOAD c:/nxp/s32ds.3.5/s32ds/build_tools/gcc_b1620/gcc-6.3-arm32-eabi/bin/../lib/gcc/arm-none-eabi/6.3.1/thumb/v7e-m/fpv4-sp/hard/crtn.o
                0x00000400                HEAP_SIZE = DEFINED (__heap_size__)?__heap_size__:0x400
                0x00000400                STACK_SIZE = DEFINED (__stack_size__)?__stack_size__:0x400
                0x00000400                M_VECTOR_RAM_SIZE = DEFINED (__flash_vector_table__)?0x0:0x400

.interrupts     0x00000000      0x400
                0x00000000                __VECTOR_TABLE = .
                0x00000000                __interrupts_start__ = .
                0x00000000                . = ALIGN (0x4)
 *(.isr_vector)
 .isr_vector    0x00000000      0x400 ./Project_Settings/Startup_Code/startup_S32K148.o
                0x00000000                __isr_vector
                0x00000400                __interrupts_end__ = .
                0x00000400                . = ALIGN (0x4)

.flash_config   0x00000400       0x10
                0x00000400                . = ALIGN (0x4)
 *(.FlashConfig)
 .FlashConfig   0x00000400       0x10 ./Project_Settings/Startup_Code/startup_S32K148.o
                0x00000410                . = ALIGN (0x4)

.text           0x00000410     0x4df8
                0x00000410                . = ALIGN (0x4)
 *(.text)
 .text          0x00000410       0x4c ./Project_Settings/Startup_Code/startup_S32K148.o
                0x00000410                Reset_Handler
                0x00000458                FTM5_Ch2_Ch3_IRQHandler
                0x00000458                DebugMon_Handler
                0x00000458                HardFault_Handler
                0x00000458                FTM7_Ch2_Ch3_IRQHandler
                0x00000458                Reserved103_IRQHandler
                0x00000458                FTM7_Ch6_Ch7_IRQHandler
                0x00000458                FTM2_Ovf_Reload_IRQHandler
                0x00000458                Reserved50_IRQHandler
                0x00000458                FTFC_Fault_IRQHandler
                0x00000458                FTM0_Ch6_Ch7_IRQHandler
                0x00000458                Reserved114_IRQHandler
                0x00000458                PendSV_Handler
                0x00000458                NMI_Handler
                0x00000458                ERM_double_fault_IRQHandler
                0x00000458                Reserved59_IRQHandler
                0x00000458                LPIT0_Ch0_IRQHandler
                0x00000458                Reserved99_IRQHandler
                0x00000458                FTM7_Ch4_Ch5_IRQHandler
                0x00000458                FTM3_Ch6_Ch7_IRQHandler
                0x00000458                LPIT0_Ch3_IRQHandler
                0x00000458                LPI2C1_Master_IRQHandler
                0x00000458                FTM0_Ch4_Ch5_IRQHandler
                0x00000458                FTM4_Ch6_Ch7_IRQHandler
                0x00000458                FTM3_Ch0_Ch1_IRQHandler
                0x00000458                SWI_IRQHandler
                0x00000458                ADC0_IRQHandler
                0x00000458                FTM2_Ch4_Ch5_IRQHandler
                0x00000458                UsageFault_Handler
                0x00000458                FTM0_Ovf_Reload_IRQHandler
                0x00000458                FTM4_Fault_IRQHandler
                0x00000458                DefaultISR
                0x00000458                Reserved58_IRQHandler
                0x00000458                FTM7_Fault_IRQHandler
                0x00000458                LPI2C1_Slave_IRQHandler
                0x00000458                FTM1_Ch2_Ch3_IRQHandler
                0x00000458                Reserved82_IRQHandler
                0x00000458                LPI2C0_Slave_IRQHandler
                0x00000458                PORTD_IRQHandler
                0x00000458                SAI1_Rx_IRQHandler
                0x00000458                Reserved69_IRQHandler
                0x00000458                PORTB_IRQHandler
                0x00000458                Reserved70_IRQHandler
                0x00000458                ADC1_IRQHandler
                0x00000458                FTM2_Ch2_Ch3_IRQHandler
                0x00000458                FTM5_Ch0_Ch1_IRQHandler
                0x00000458                Reserved53_IRQHandler
                0x00000458                RTC_IRQHandler
                0x00000458                PDB0_IRQHandler
                0x00000458                Reserved54_IRQHandler
                0x00000458                FTM6_Fault_IRQHandler
                0x00000458                FTM2_Ch6_Ch7_IRQHandler
                0x00000458                FTM6_Ch4_Ch5_IRQHandler
                0x00000458                FTM3_Ch2_Ch3_IRQHandler
                0x00000458                FTM6_Ch2_Ch3_IRQHandler
                0x00000458                FTM2_Ch0_Ch1_IRQHandler
                0x00000458                LPSPI1_IRQHandler
                0x00000458                LPUART1_RxTx_IRQHandler
                0x00000458                FTM4_Ovf_Reload_IRQHandler
                0x00000458                RTC_Seconds_IRQHandler
                0x00000458                FTM7_Ch0_Ch1_IRQHandler
                0x00000458                Reserved110_IRQHandler
                0x00000458                Reserved107_IRQHandler
                0x00000458                ENET_TIMER_IRQHandler
                0x00000458                Read_Collision_IRQHandler
                0x00000458                FTFC_IRQHandler
                0x00000458                FTM1_Ch6_Ch7_IRQHandler
                0x00000458                FTM5_Fault_IRQHandler
                0x00000458                FTM6_Ovf_Reload_IRQHandler
                0x00000458                LPIT0_Ch1_IRQHandler
                0x00000458                FTM4_Ch0_Ch1_IRQHandler
                0x00000458                FTM1_Ch4_Ch5_IRQHandler
                0x00000458                FTM3_Ovf_Reload_IRQHandler
                0x00000458                SAI0_Tx_IRQHandler
                0x00000458                LPUART2_RxTx_IRQHandler
                0x00000458                FTM5_Ch4_Ch5_IRQHandler
                0x00000458                LPSPI0_IRQHandler
                0x00000458                WDOG_EWM_IRQHandler
                0x00000458                MemManage_Handler
                0x00000458                Reserved83_IRQHandler
                0x00000458                FTM0_Fault_IRQHandler
                0x00000458                FTM6_Ch6_Ch7_IRQHandler
                0x00000458                Reserved48_IRQHandler
                0x00000458                SVC_Handler
                0x00000458                ENET_TX_IRQHandler
                0x00000458                ERM_single_fault_IRQHandler
                0x00000458                FTM2_Fault_IRQHandler
                0x00000458                FTM0_Ch2_Ch3_IRQHandler
                0x00000458                FTM4_Ch2_Ch3_IRQHandler
                0x00000458                FTM0_Ch0_Ch1_IRQHandler
                0x00000458                FTM4_Ch4_Ch5_IRQHandler
                0x00000458                FTM5_Ovf_Reload_IRQHandler
                0x00000458                FTM3_Fault_IRQHandler
                0x00000458                RCM_IRQHandler
                0x00000458                Reserved100_IRQHandler
                0x00000458                SAI0_Rx_IRQHandler
                0x00000458                SCG_IRQHandler
                0x00000458                PDB1_IRQHandler
                0x00000458                LPI2C0_Master_IRQHandler
                0x00000458                ENET_WAKE_IRQHandler
                0x00000458                FTM1_Fault_IRQHandler
                0x00000458                Reserved106_IRQHandler
                0x00000458                ENET_ERR_IRQHandler
                0x00000458                LVD_LVW_IRQHandler
                0x00000458                ENET_STOP_IRQHandler
                0x00000458                ENET_RX_IRQHandler
                0x00000458                LPIT0_Ch2_IRQHandler
                0x00000458                PORTA_IRQHandler
                0x00000458                FTM5_Ch6_Ch7_IRQHandler
                0x00000458                MCM_IRQHandler
                0x00000458                LPSPI2_IRQHandler
                0x00000458                FTM7_Ovf_Reload_IRQHandler
                0x00000458                FTM3_Ch4_Ch5_IRQHandler
                0x00000458                PORTE_IRQHandler
                0x00000458                LPUART0_RxTx_IRQHandler
                0x00000458                FTM6_Ch0_Ch1_IRQHandler
                0x00000458                LPTMR0_IRQHandler
                0x00000458                BusFault_Handler
                0x00000458                FTM1_Ovf_Reload_IRQHandler
                0x00000458                QSPI_IRQHandler
                0x00000458                CMP0_IRQHandler
                0x00000458                Reserved52_IRQHandler
                0x00000458                PORTC_IRQHandler
                0x00000458                FTM1_Ch0_Ch1_IRQHandler
                0x00000458                FLEXIO_IRQHandler
                0x00000458                SAI1_Tx_IRQHandler
                0x00000458                Reserved113_IRQHandler
 .text          0x0000045c       0x30 c:/nxp/s32ds.3.5/s32ds/build_tools/gcc_b1620/gcc-6.3-arm32-eabi/bin/../lib/gcc/arm-none-eabi/6.3.1/thumb/v7e-m/fpv4-sp/hard\libgcc.a(_aeabi_uldivmod.o)
                0x0000045c                __aeabi_uldivmod
 .text          0x0000048c      0x2e4 c:/nxp/s32ds.3.5/s32ds/build_tools/gcc_b1620/gcc-6.3-arm32-eabi/bin/../lib/gcc/arm-none-eabi/6.3.1/thumb/v7e-m/fpv4-sp/hard\libgcc.a(_udivmoddi4.o)
                0x0000048c                __udivmoddi4
 .text          0x00000770        0x4 c:/nxp/s32ds.3.5/s32ds/build_tools/gcc_b1620/gcc-6.3-arm32-eabi/bin/../lib/gcc/arm-none-eabi/6.3.1/thumb/v7e-m/fpv4-sp/hard\libgcc.a(_dvmd_tls.o)
                0x00000770                __aeabi_idiv0
                0x00000770                __aeabi_ldiv0
 *(.text*)
 .text.SystemInit
                0x00000774       0x4c ./SDK/S32K148_SDK_4.0.1/platform/devices/S32K148/startup/system_S32K148.o
                0x00000774                SystemInit
 .text.init_data_bss
                0x000007c0       0xd8 ./SDK/S32K148_SDK_4.0.1/platform/devices/startup.o
                0x000007c0                init_data_bss
 .text.CLOCK_SYS_GetCurrentRunMode
                0x00000898       0x24 ./SDK/platform/drivers/src/clock/S32K1xx/clock_S32K1xx.o
 .text.CLOCK_SYS_GetSysOscFreq
                0x000008bc       0x1c ./SDK/platform/drivers/src/clock/S32K1xx/clock_S32K1xx.o
 .text.CLOCK_SYS_ConfigureSOSC
                0x000008d8      0x12c ./SDK/platform/drivers/src/clock/S32K1xx/clock_S32K1xx.o
 .text.CLOCK_SYS_GetSircFreq
                0x00000a04       0x2c ./SDK/platform/drivers/src/clock/S32K1xx/clock_S32K1xx.o
 .text.CLOCK_SYS_ConfigureSIRC
                0x00000a30       0xc4 ./SDK/platform/drivers/src/clock/S32K1xx/clock_S32K1xx.o
 .text.CLOCK_SYS_GetFircFreq
                0x00000af4       0x20 ./SDK/platform/drivers/src/clock/S32K1xx/clock_S32K1xx.o
 .text.CLOCK_SYS_ConfigureFIRC
                0x00000b14       0xb4 ./SDK/platform/drivers/src/clock/S32K1xx/clock_S32K1xx.o
 .text.CLOCK_SYS_GetSysPllFreq
                0x00000bc8       0x44 ./SDK/platform/drivers/src/clock/S32K1xx/clock_S32K1xx.o
 .text.CLOCK_SYS_ConfigureSPLL
                0x00000c0c      0x104 ./SDK/platform/drivers/src/clock/S32K1xx/clock_S32K1xx.o
 .text.CLOCK_SYS_SetSystemClockConfig
                0x00000d10      0x1e4 ./SDK/platform/drivers/src/clock/S32K1xx/clock_S32K1xx.o
 .text.CLOCK_SYS_TransitionSystemClock
                0x00000ef4       0x3c ./SDK/platform/drivers/src/clock/S32K1xx/clock_S32K1xx.o
 .text.CLOCK_SYS_GetSystemClockFreq
                0x00000f30       0x78 ./SDK/platform/drivers/src/clock/S32K1xx/clock_S32K1xx.o
 .text.CLOCK_SYS_GetQspiIpgClk
                0x00000fa8       0x30 ./SDK/platform/drivers/src/clock/S32K1xx/clock_S32K1xx.o
 .text.CLOCK_SYS_GetScgClkOutFreq
                0x00000fd8       0x48 ./SDK/platform/drivers/src/clock/S32K1xx/clock_S32K1xx.o
 .text.CLOCK_SYS_GetSysAsyncFreq
                0x00001020       0xdc ./SDK/platform/drivers/src/clock/S32K1xx/clock_S32K1xx.o
 .text.CLOCK_SYS_GetSimRtcClkFreq
                0x000010fc       0x50 ./SDK/platform/drivers/src/clock/S32K1xx/clock_S32K1xx.o
 .text.CLOCK_SYS_GetQSPIInternalReferenceClock
                0x0000114c       0x3c ./SDK/platform/drivers/src/clock/S32K1xx/clock_S32K1xx.o
 .text.CLOCK_SYS_GetLpoFreq
                0x00001188       0x4c ./SDK/platform/drivers/src/clock/S32K1xx/clock_S32K1xx.o
 .text.CLOCK_SYS_GetSimClkOutFreq
                0x000011d4       0xe4 ./SDK/platform/drivers/src/clock/S32K1xx/clock_S32K1xx.o
 .text.CLOCK_SYS_GetSimClockFreq
                0x000012b8      0x2b8 ./SDK/platform/drivers/src/clock/S32K1xx/clock_S32K1xx.o
 .text.CLOCK_SYS_GetPeripheralClock
                0x00001570      0x108 ./SDK/platform/drivers/src/clock/S32K1xx/clock_S32K1xx.o
 .text.CLOCK_DRV_Init
                0x00001678      0x694 ./SDK/platform/drivers/src/clock/S32K1xx/clock_S32K1xx.o
                0x00001678                CLOCK_DRV_Init
 .text.CLOCK_DRV_GetFreq
                0x00001d0c      0x244 ./SDK/platform/drivers/src/clock/S32K1xx/clock_S32K1xx.o
                0x00001d0c                CLOCK_DRV_GetFreq
 .text.CLOCK_SYS_GetFreq
                0x00001f50        0x8 ./SDK/platform/drivers/src/clock/S32K1xx/clock_S32K1xx.o
                0x00001f50                CLOCK_SYS_GetFreq
 .text.EDMA_DRV_IRQHandler
                0x00001f58       0x2c ./SDK/platform/drivers/src/edma/edma_driver.o
                0x00001f58                EDMA_DRV_IRQHandler
 .text.EDMA_DRV_ErrorIRQHandler
                0x00001f84       0x3c ./SDK/platform/drivers/src/edma/edma_driver.o
                0x00001f84                EDMA_DRV_ErrorIRQHandler
 .text.EDMA_DRV_StopChannel
                0x00001fc0       0x18 ./SDK/platform/drivers/src/edma/edma_driver.o
                0x00001fc0                EDMA_DRV_StopChannel
 .text.EDMA_DRV_GetDmaRegBaseAddr
                0x00001fd8        0x8 ./SDK/platform/drivers/src/edma/edma_driver.o
                0x00001fd8                EDMA_DRV_GetDmaRegBaseAddr
 .text.EDMA_SetDmaRequestCmd
                0x00001fe0        0xa ./SDK/platform/drivers/src/edma/edma_hw_access.o
                0x00001fe0                EDMA_SetDmaRequestCmd
 .text.DMA0_IRQHandler
                0x00001fea        0xa ./SDK/platform/drivers/src/edma/edma_irq.o
                0x00001fea                DMA0_IRQHandler
 .text.DMA1_IRQHandler
                0x00001ff4        0xa ./SDK/platform/drivers/src/edma/edma_irq.o
                0x00001ff4                DMA1_IRQHandler
 .text.DMA2_IRQHandler
                0x00001ffe        0xa ./SDK/platform/drivers/src/edma/edma_irq.o
                0x00001ffe                DMA2_IRQHandler
 .text.DMA3_IRQHandler
                0x00002008        0xa ./SDK/platform/drivers/src/edma/edma_irq.o
                0x00002008                DMA3_IRQHandler
 .text.DMA4_IRQHandler
                0x00002012        0xa ./SDK/platform/drivers/src/edma/edma_irq.o
                0x00002012                DMA4_IRQHandler
 .text.DMA5_IRQHandler
                0x0000201c        0xa ./SDK/platform/drivers/src/edma/edma_irq.o
                0x0000201c                DMA5_IRQHandler
 .text.DMA6_IRQHandler
                0x00002026        0xa ./SDK/platform/drivers/src/edma/edma_irq.o
                0x00002026                DMA6_IRQHandler
 .text.DMA7_IRQHandler
                0x00002030        0xa ./SDK/platform/drivers/src/edma/edma_irq.o
                0x00002030                DMA7_IRQHandler
 .text.DMA8_IRQHandler
                0x0000203a        0xa ./SDK/platform/drivers/src/edma/edma_irq.o
                0x0000203a                DMA8_IRQHandler
 .text.DMA9_IRQHandler
                0x00002044        0xa ./SDK/platform/drivers/src/edma/edma_irq.o
                0x00002044                DMA9_IRQHandler
 .text.DMA10_IRQHandler
                0x0000204e        0xa ./SDK/platform/drivers/src/edma/edma_irq.o
                0x0000204e                DMA10_IRQHandler
 .text.DMA11_IRQHandler
                0x00002058        0xa ./SDK/platform/drivers/src/edma/edma_irq.o
                0x00002058                DMA11_IRQHandler
 .text.DMA12_IRQHandler
                0x00002062        0xa ./SDK/platform/drivers/src/edma/edma_irq.o
                0x00002062                DMA12_IRQHandler
 .text.DMA13_IRQHandler
                0x0000206c        0xa ./SDK/platform/drivers/src/edma/edma_irq.o
                0x0000206c                DMA13_IRQHandler
 .text.DMA14_IRQHandler
                0x00002076        0xa ./SDK/platform/drivers/src/edma/edma_irq.o
                0x00002076                DMA14_IRQHandler
 .text.DMA15_IRQHandler
                0x00002080        0xa ./SDK/platform/drivers/src/edma/edma_irq.o
                0x00002080                DMA15_IRQHandler
 .text.DMA_Error_IRQHandler
                0x0000208a       0x28 ./SDK/platform/drivers/src/edma/edma_irq.o
                0x0000208a                DMA_Error_IRQHandler
 *fill*         0x000020b2        0x2 
 .text.FLASH_DRV_Init
                0x000020b4       0xe8 ./SDK/platform/drivers/src/flash/flash_driver.o
                0x000020b4                FLASH_DRV_Init
 .text.FLASH_DRV_SetFlexRamFunction
                0x0000219c       0x68 ./SDK/platform/drivers/src/flash/flash_driver.o
                0x0000219c                FLASH_DRV_SetFlexRamFunction
 .text.FLASH_DRV_DEFlashPartition
                0x00002204       0x3c ./SDK/platform/drivers/src/flash/flash_driver.o
                0x00002204                FLASH_DRV_DEFlashPartition
 .text.FLEXCAN_StartSendData
                0x00002240       0xa8 ./SDK/platform/drivers/src/flexcan/flexcan_driver.o
 .text.FLEXCAN_StartRxMessageBufferData
                0x000022e8       0x80 ./SDK/platform/drivers/src/flexcan/flexcan_driver.o
 .text.FLEXCAN_CompleteRxMessageFifoData
                0x00002368       0xb0 ./SDK/platform/drivers/src/flexcan/flexcan_driver.o
 .text.FLEXCAN_CompleteTransfer
                0x00002418       0x38 ./SDK/platform/drivers/src/flexcan/flexcan_driver.o
 .text.FLEXCAN_DRV_SetRxMaskType
                0x00002450       0x40 ./SDK/platform/drivers/src/flexcan/flexcan_driver.o
                0x00002450                FLEXCAN_DRV_SetRxMaskType
 .text.FLEXCAN_DRV_SetRxIndividualMask
                0x00002490      0x150 ./SDK/platform/drivers/src/flexcan/flexcan_driver.o
                0x00002490                FLEXCAN_DRV_SetRxIndividualMask
 .text.FLEXCAN_DRV_Init
                0x000025e0      0x2e8 ./SDK/platform/drivers/src/flexcan/flexcan_driver.o
                0x000025e0                FLEXCAN_DRV_Init
 .text.FLEXCAN_DRV_ConfigTxMb
                0x000028c8       0x5c ./SDK/platform/drivers/src/flexcan/flexcan_driver.o
                0x000028c8                FLEXCAN_DRV_ConfigTxMb
 .text.FLEXCAN_DRV_Send
                0x00002924       0x54 ./SDK/platform/drivers/src/flexcan/flexcan_driver.o
                0x00002924                FLEXCAN_DRV_Send
 .text.FLEXCAN_DRV_ConfigRxMb
                0x00002978       0x98 ./SDK/platform/drivers/src/flexcan/flexcan_driver.o
                0x00002978                FLEXCAN_DRV_ConfigRxMb
 .text.FLEXCAN_DRV_Receive
                0x00002a10       0x2c ./SDK/platform/drivers/src/flexcan/flexcan_driver.o
                0x00002a10                FLEXCAN_DRV_Receive
 .text.FLEXCAN_BusOff_IRQHandler
                0x00002a3c       0x28 ./SDK/platform/drivers/src/flexcan/flexcan_driver.o
                0x00002a3c                FLEXCAN_BusOff_IRQHandler
 .text.FLEXCAN_IRQHandler
                0x00002a64      0x250 ./SDK/platform/drivers/src/flexcan/flexcan_driver.o
                0x00002a64                FLEXCAN_IRQHandler
 .text.FLEXCAN_Error_IRQHandler
                0x00002cb4       0x28 ./SDK/platform/drivers/src/flexcan/flexcan_driver.o
                0x00002cb4                FLEXCAN_Error_IRQHandler
 .text.FLEXCAN_WakeUpHandler
                0x00002cdc       0x6c ./SDK/platform/drivers/src/flexcan/flexcan_driver.o
                0x00002cdc                FLEXCAN_WakeUpHandler
 .text.FLEXCAN_DRV_InstallEventCallback
                0x00002d48       0x14 ./SDK/platform/drivers/src/flexcan/flexcan_driver.o
                0x00002d48                FLEXCAN_DRV_InstallEventCallback
 .text.FLEXCAN_ComputePayloadSize
                0x00002d5c       0x3e ./SDK/platform/drivers/src/flexcan/flexcan_hw_access.o
 *fill*         0x00002d9a        0x2 
 .text.FLEXCAN_GetRxFifoMask
                0x00002d9c       0x60 ./SDK/platform/drivers/src/flexcan/flexcan_hw_access.o
                0x00002d9c                FLEXCAN_GetRxFifoMask
 .text.FLEXCAN_GetMaxMbNum
                0x00002dfc       0x2c ./SDK/platform/drivers/src/flexcan/flexcan_hw_access.o
                0x00002dfc                FLEXCAN_GetMaxMbNum
 .text.FLEXCAN_Enable
                0x00002e28       0x2a ./SDK/platform/drivers/src/flexcan/flexcan_hw_access.o
                0x00002e28                FLEXCAN_Enable
 .text.FLEXCAN_Disable
                0x00002e52       0x18 ./SDK/platform/drivers/src/flexcan/flexcan_hw_access.o
                0x00002e52                FLEXCAN_Disable
 *fill*         0x00002e6a        0x2 
 .text.FLEXCAN_Init
                0x00002e6c       0x68 ./SDK/platform/drivers/src/flexcan/flexcan_hw_access.o
                0x00002e6c                FLEXCAN_Init
 .text.FLEXCAN_EnableRxFifo
                0x00002ed4       0x54 ./SDK/platform/drivers/src/flexcan/flexcan_hw_access.o
                0x00002ed4                FLEXCAN_EnableRxFifo
 .text.FLEXCAN_SetMsgBuffIntCmd
                0x00002f28       0x24 ./SDK/platform/drivers/src/flexcan/flexcan_hw_access.o
                0x00002f28                FLEXCAN_SetMsgBuffIntCmd
 .text.FLEXCAN_ExitFreezeMode
                0x00002f4c       0x1a ./SDK/platform/drivers/src/flexcan/flexcan_hw_access.o
                0x00002f4c                FLEXCAN_ExitFreezeMode
 .text.FLEXCAN_EnterFreezeMode
                0x00002f66       0x9e ./SDK/platform/drivers/src/flexcan/flexcan_hw_access.o
                0x00002f66                FLEXCAN_EnterFreezeMode
 .text.FLEXCAN_ClearErrIntStatusFlag
                0x00003004       0x18 ./SDK/platform/drivers/src/flexcan/flexcan_hw_access.o
                0x00003004                FLEXCAN_ClearErrIntStatusFlag
 .text.FLEXCAN_ClearBusOffIntStatusFlag
                0x0000301c       0x14 ./SDK/platform/drivers/src/flexcan/flexcan_hw_access.o
                0x0000301c                FLEXCAN_ClearBusOffIntStatusFlag
 .text.FLEXCAN_ReadRxFifo
                0x00003030       0x56 ./SDK/platform/drivers/src/flexcan/flexcan_hw_access.o
                0x00003030                FLEXCAN_ReadRxFifo
 .text.FLEXCAN_SetOperationMode
                0x00003086       0x68 ./SDK/platform/drivers/src/flexcan/flexcan_hw_access.o
                0x00003086                FLEXCAN_SetOperationMode
 .text.FLEXCAN_IsOutOfRangeMbIdx
                0x000030ee       0x2e ./SDK/platform/drivers/src/flexcan/flexcan_hw_access.o
                0x000030ee                FLEXCAN_IsOutOfRangeMbIdx
 .text.FLEXCAN_SetPayloadSize
                0x0000311c       0x1a ./SDK/platform/drivers/src/flexcan/flexcan_hw_access.o
                0x0000311c                FLEXCAN_SetPayloadSize
 .text.FLEXCAN_GetPayloadSize
                0x00003136       0x20 ./SDK/platform/drivers/src/flexcan/flexcan_hw_access.o
                0x00003136                FLEXCAN_GetPayloadSize
 .text.FLEXCAN_GetMsgBuffRegion
                0x00003156       0x30 ./SDK/platform/drivers/src/flexcan/flexcan_hw_access.o
                0x00003156                FLEXCAN_GetMsgBuffRegion
 *fill*         0x00003186        0x2 
 .text.FLEXCAN_SetTxMsgBuff
                0x00003188      0x190 ./SDK/platform/drivers/src/flexcan/flexcan_hw_access.o
                0x00003188                FLEXCAN_SetTxMsgBuff
 .text.FLEXCAN_SetRxMsgBuff
                0x00003318       0xc8 ./SDK/platform/drivers/src/flexcan/flexcan_hw_access.o
                0x00003318                FLEXCAN_SetRxMsgBuff
 .text.FLEXCAN_LockRxMsgBuff
                0x000033e0        0xa ./SDK/platform/drivers/src/flexcan/flexcan_hw_access.o
                0x000033e0                FLEXCAN_LockRxMsgBuff
 .text.FLEXCAN_GetMsgBuff
                0x000033ea       0x8e ./SDK/platform/drivers/src/flexcan/flexcan_hw_access.o
                0x000033ea                FLEXCAN_GetMsgBuff
 .text.FLEXCAN_SetMaxMsgBuffNum
                0x00003478       0x9c ./SDK/platform/drivers/src/flexcan/flexcan_hw_access.o
                0x00003478                FLEXCAN_SetMaxMsgBuffNum
 .text.CAN0_ORed_IRQHandler
                0x00003514        0xa ./SDK/platform/drivers/src/flexcan/flexcan_irq.o
                0x00003514                CAN0_ORed_IRQHandler
 .text.CAN0_Error_IRQHandler
                0x0000351e        0xa ./SDK/platform/drivers/src/flexcan/flexcan_irq.o
                0x0000351e                CAN0_Error_IRQHandler
 .text.CAN0_Wake_Up_IRQHandler
                0x00003528        0xa ./SDK/platform/drivers/src/flexcan/flexcan_irq.o
                0x00003528                CAN0_Wake_Up_IRQHandler
 .text.CAN0_ORed_0_15_MB_IRQHandler
                0x00003532        0xa ./SDK/platform/drivers/src/flexcan/flexcan_irq.o
                0x00003532                CAN0_ORed_0_15_MB_IRQHandler
 .text.CAN0_ORed_16_31_MB_IRQHandler
                0x0000353c        0xa ./SDK/platform/drivers/src/flexcan/flexcan_irq.o
                0x0000353c                CAN0_ORed_16_31_MB_IRQHandler
 .text.CAN1_ORed_IRQHandler
                0x00003546        0xa ./SDK/platform/drivers/src/flexcan/flexcan_irq.o
                0x00003546                CAN1_ORed_IRQHandler
 .text.CAN1_Error_IRQHandler
                0x00003550        0xa ./SDK/platform/drivers/src/flexcan/flexcan_irq.o
                0x00003550                CAN1_Error_IRQHandler
 .text.CAN1_ORed_0_15_MB_IRQHandler
                0x0000355a        0xa ./SDK/platform/drivers/src/flexcan/flexcan_irq.o
                0x0000355a                CAN1_ORed_0_15_MB_IRQHandler
 .text.CAN1_ORed_16_31_MB_IRQHandler
                0x00003564        0xa ./SDK/platform/drivers/src/flexcan/flexcan_irq.o
                0x00003564                CAN1_ORed_16_31_MB_IRQHandler
 .text.CAN2_ORed_IRQHandler
                0x0000356e        0xa ./SDK/platform/drivers/src/flexcan/flexcan_irq.o
                0x0000356e                CAN2_ORed_IRQHandler
 .text.CAN2_Error_IRQHandler
                0x00003578        0xa ./SDK/platform/drivers/src/flexcan/flexcan_irq.o
                0x00003578                CAN2_Error_IRQHandler
 .text.CAN2_ORed_0_15_MB_IRQHandler
                0x00003582        0xa ./SDK/platform/drivers/src/flexcan/flexcan_irq.o
                0x00003582                CAN2_ORed_0_15_MB_IRQHandler
 .text.CAN2_ORed_16_31_MB_IRQHandler
                0x0000358c        0xa ./SDK/platform/drivers/src/flexcan/flexcan_irq.o
                0x0000358c                CAN2_ORed_16_31_MB_IRQHandler
 *fill*         0x00003596        0x2 
 .text.INT_SYS_InstallHandler
                0x00003598       0x40 ./SDK/platform/drivers/src/interrupt/interrupt_manager.o
                0x00003598                INT_SYS_InstallHandler
 .text.INT_SYS_EnableIRQ
                0x000035d8       0x18 ./SDK/platform/drivers/src/interrupt/interrupt_manager.o
                0x000035d8                INT_SYS_EnableIRQ
 .text.INT_SYS_EnableIRQGlobal
                0x000035f0       0x1c ./SDK/platform/drivers/src/interrupt/interrupt_manager.o
                0x000035f0                INT_SYS_EnableIRQGlobal
 .text.INT_SYS_DisableIRQGlobal
                0x0000360c       0x10 ./SDK/platform/drivers/src/interrupt/interrupt_manager.o
                0x0000360c                INT_SYS_DisableIRQGlobal
 .text.lptmr_GetClkFreq
                0x0000361c       0x32 ./SDK/platform/drivers/src/lptmr/lptmr_driver.o
 *fill*         0x0000364e        0x2 
 .text.LPTMR_DRV_SetConfig
                0x00003650      0x1d0 ./SDK/platform/drivers/src/lptmr/lptmr_driver.o
                0x00003650                LPTMR_DRV_SetConfig
 .text.LPTMR_DRV_Init
                0x00003820       0x20 ./SDK/platform/drivers/src/lptmr/lptmr_driver.o
                0x00003820                LPTMR_DRV_Init
 .text.LPTMR_DRV_StartCounter
                0x00003840       0x14 ./SDK/platform/drivers/src/lptmr/lptmr_driver.o
                0x00003840                LPTMR_DRV_StartCounter
 .text.LPTMR_Init
                0x00003854       0x12 ./SDK/platform/drivers/src/lptmr/lptmr_hw_access.o
                0x00003854                LPTMR_Init
 .text.PINS_DRV_Init
                0x00003866       0x20 ./SDK/platform/drivers/src/pins/pins_driver.o
                0x00003866                PINS_DRV_Init
 .text.PINS_DRV_ClearPins
                0x00003886        0x4 ./SDK/platform/drivers/src/pins/pins_driver.o
                0x00003886                PINS_DRV_ClearPins
 *fill*         0x0000388a        0x2 
 .text.PINS_GetAdcInterleaveVal
                0x0000388c       0x6c ./SDK/platform/drivers/src/pins/pins_port_hw_access.o
 .text.PINS_Init
                0x000038f8      0x114 ./SDK/platform/drivers/src/pins/pins_port_hw_access.o
                0x000038f8                PINS_Init
 .text.SysTick_Handler
                0x00003a0c       0x10 ./SDK/rtos/osif/osif_baremetal.o
                0x00003a0c                SysTick_Handler
 .text.OSIF_SemaPost
                0x00003a1c       0x26 ./SDK/rtos/osif/osif_baremetal.o
                0x00003a1c                OSIF_SemaPost
 .text.OSIF_SemaCreate
                0x00003a42       0x14 ./SDK/rtos/osif/osif_baremetal.o
                0x00003a42                OSIF_SemaCreate
 .text.OSIF_SemaDestroy
                0x00003a56        0x4 ./SDK/rtos/osif/osif_baremetal.o
                0x00003a56                OSIF_SemaDestroy
 *fill*         0x00003a5a        0x2 
 .text.Board_init
                0x00003a5c       0x2c ./src/Board_Init.o
                0x00003a5c                Board_init
 .text.flexcan0_Callback
                0x00003a88       0x40 ./src/CAN.o
                0x00003a88                flexcan0_Callback
 .text.FlexCAN_init
                0x00003ac8       0x84 ./src/CAN.o
                0x00003ac8                FlexCAN_init
 .text.SendCAN0_Data
                0x00003b4c       0x38 ./src/CAN.o
                0x00003b4c                SendCAN0_Data
 .text.Flash_EEE_Partition_init
                0x00003b84       0x4c ./src/Flash_EEPROM.o
                0x00003b84                Flash_EEE_Partition_init
 .text.lptmrISR
                0x00003bd0       0x40 ./src/Timer.o
                0x00003bd0                lptmrISR
 .text.LPTMR_init_
                0x00003c10       0x2c ./src/Timer.o
                0x00003c10                LPTMR_init_
 .text.main     0x00003c3c       0x1c ./src/main.o
                0x00003c3c                main
 .text.Diag_Disable_Interrupts
                0x00003c58        0x2 ./src/DIAG/diag_appl_test/diag_adapt.o
                0x00003c58                Diag_Disable_Interrupts
 .text.Diag_Restore_Interrupts
                0x00003c5a        0x2 ./src/DIAG/diag_appl_test/diag_adapt.o
                0x00003c5a                Diag_Restore_Interrupts
 .text.DCAN_NL_Init
                0x00003c5c       0x74 ./src/DIAG/diag_can_tp/dcan_tp/i15765_init.o
                0x00003c5c                DCAN_NL_Init
 .text.DCAN_NL_RegisterCbk
                0x00003cd0        0xc ./src/DIAG/diag_can_tp/dcan_tp/i15765_init.o
                0x00003cd0                DCAN_NL_RegisterCbk
 .text.DCAN_NLIndication
                0x00003cdc       0x54 ./src/DIAG/diag_can_tp/dcan_tp/i15765_nl.o
 .text.DCAN_NLConfirm
                0x00003d30       0x58 ./src/DIAG/diag_can_tp/dcan_tp/i15765_nl.o
 .text.DCAN_NL_Proc_5ms
                0x00003d88      0x414 ./src/DIAG/diag_can_tp/dcan_tp/i15765_nl.o
                0x00003d88                DCAN_NL_Proc_5ms
 .text.DCAN_NL_RX
                0x0000419c      0x2c4 ./src/DIAG/diag_can_tp/dcan_tp/i15765_nl.o
                0x0000419c                DCAN_NL_RX
 .text.DCAN_NL_TX
                0x00004460      0x144 ./src/DIAG/diag_can_tp/dcan_tp/i15765_nl.o
                0x00004460                DCAN_NL_TX
 .text.CANSched_RxMsgCallback
                0x000045a4       0x36 ./src/DIAG/diag_can_tp/dcan_tp/i15765_nl.o
                0x000045a4                CANSched_RxMsgCallback
 *fill*         0x000045da        0x2 
 .text.i15765_tp_init_buffers
                0x000045dc       0x30 ./src/DIAG/diag_can_tp/dcan_tp/i15765_tp.o
                0x000045dc                i15765_tp_init_buffers
 .text.clearBuffer
                0x0000460c       0x30 ./src/DIAG/diag_can_tp/dcan_tp/i15765_tp.o
                0x0000460c                clearBuffer
 .text.DCAN_TP_Init
                0x0000463c       0x5c ./src/DIAG/diag_can_tp/dcan_tp/i15765_tp.o
                0x0000463c                DCAN_TP_Init
 .text.DCAN_TP_Proc_5ms
                0x00004698      0x114 ./src/DIAG/diag_can_tp/dcan_tp/i15765_tp.o
                0x00004698                DCAN_TP_Proc_5ms
 .text.DCAN_TP_FFRecd
                0x000047ac       0x24 ./src/DIAG/diag_can_tp/dcan_tp/i15765_tp.o
                0x000047ac                DCAN_TP_FFRecd
 .text.DCAN_TP_NewReqRecd
                0x000047d0       0x4c ./src/DIAG/diag_can_tp/dcan_tp/i15765_tp.o
                0x000047d0                DCAN_TP_NewReqRecd
 .text.DCAN_TP_TxConf
                0x0000481c       0x20 ./src/DIAG/diag_can_tp/dcan_tp/i15765_tp.o
                0x0000481c                DCAN_TP_TxConf
 .text.DCAN_TP_TxErr
                0x0000483c       0x20 ./src/DIAG/diag_can_tp/dcan_tp/i15765_tp.o
                0x0000483c                DCAN_TP_TxErr
 .text.DCAN_TP_RxErr
                0x0000485c       0x2c ./src/DIAG/diag_can_tp/dcan_tp/i15765_tp.o
                0x0000485c                DCAN_TP_RxErr
 .text.DCAN_CommCbk
                0x00004888       0x5c ./src/DIAG/diag_can_tp/dcan_tp/i15765_tp.o
 .text.uds_session_proc_5ms
                0x000048e4      0x2f0 ./src/DIAG/diag_can_uds/uds_session/uds_session.o
                0x000048e4                uds_session_proc_5ms
 .text.servDistSetstr
                0x00004bd4       0x2c ./src/DIAG/diag_can_uds/uds_session/uds_session.o
                0x00004bd4                servDistSetstr
 .text.ServDistUDS_init
                0x00004c00       0x18 ./src/DIAG/diag_can_uds/uds_session/uds_session.o
                0x00004c00                ServDistUDS_init
 .text.DRV_CAN_Reg_CilCallBack
                0x00004c18        0xc ./src/DIAG/diag_common/diag_cil/can_callback.o
                0x00004c18                DRV_CAN_Reg_CilCallBack
 .text.DRV_HAL2CIL_CallBack
                0x00004c24       0x18 ./src/DIAG/diag_common/diag_cil/can_callback.o
                0x00004c24                DRV_HAL2CIL_CallBack
 .text.CIL_CAN_HAL2CIL_IntCallBck
                0x00004c3c       0x68 ./src/DIAG/diag_common/diag_cil/can_if.o
                0x00004c3c                CIL_CAN_HAL2CIL_IntCallBck
 .text.CIL_CAN_Init
                0x00004ca4       0x28 ./src/DIAG/diag_common/diag_cil/can_if.o
                0x00004ca4                CIL_CAN_Init
 .text.CIL_CAN_Tx_AckMsg
                0x00004ccc       0x70 ./src/DIAG/diag_common/diag_cil/can_if.o
                0x00004ccc                CIL_CAN_Tx_AckMsg
 .text.CanSched_Init
                0x00004d3c       0x14 ./src/DIAG/diag_common/diag_scheduler/can_sched.o
                0x00004d3c                CanSched_Init
 .text.CanSched_5ms
                0x00004d50       0xa0 ./src/DIAG/diag_common/diag_scheduler/can_sched.o
                0x00004d50                CanSched_5ms
 .text.CanSched_RxCallBackInt
                0x00004df0       0x40 ./src/DIAG/diag_common/diag_scheduler/can_sched.o
                0x00004df0                CanSched_RxCallBackInt
 .text.Diag_TS_Init
                0x00004e30       0x18 ./src/DIAG/diag_common/diag_scheduler/com_tasksched.o
                0x00004e30                Diag_TS_Init
 .text.Diag_TS_Proc_5ms
                0x00004e48       0x14 ./src/DIAG/diag_common/diag_scheduler/com_tasksched.o
                0x00004e48                Diag_TS_Proc_5ms
 .text.CopyData
                0x00004e5c       0x14 ./src/DIAG/diag_common/diag_utils/str_util.o
                0x00004e5c                CopyData
 *(.rodata)
 *(.rodata*)
 .rodata.clockNameMappings
                0x00004e70       0xb8 ./SDK/platform/drivers/src/clock/S32K1xx/clock_S32K1xx.o
                0x00004e70                clockNameMappings
 .rodata.maxSysClksInHSRUN.7992
                0x00004f28       0x54 ./SDK/platform/drivers/src/clock/S32K1xx/clock_S32K1xx.o
 .rodata.maxSysClksInRUN.7991
                0x00004f7c       0x54 ./SDK/platform/drivers/src/clock/S32K1xx/clock_S32K1xx.o
 .rodata.maxSysClksInVLPR.7990
                0x00004fd0       0x54 ./SDK/platform/drivers/src/clock/S32K1xx/clock_S32K1xx.o
 .rodata.peripheralFeaturesList
                0x00005024       0x5c ./SDK/platform/drivers/src/clock/S32K1xx/clock_S32K1xx.o
                0x00005024                peripheralFeaturesList
 .rodata.fdInstances.7534
                0x00005080        0x3 ./SDK/platform/drivers/src/flexcan/flexcan_driver.o
 *fill*         0x00005083        0x1 
 .rodata.g_flexcanBase
                0x00005084        0xc ./SDK/platform/drivers/src/flexcan/flexcan_driver.o
 .rodata.g_flexcanBusOffIrqId
                0x00005090        0x6 ./SDK/platform/drivers/src/flexcan/flexcan_driver.o
 *fill*         0x00005096        0x2 
 .rodata.g_flexcanErrorIrqId
                0x00005098        0x6 ./SDK/platform/drivers/src/flexcan/flexcan_driver.o
 *fill*         0x0000509e        0x2 
 .rodata.g_flexcanOredMessageBufferIrqId
                0x000050a0        0xc ./SDK/platform/drivers/src/flexcan/flexcan_driver.o
 .rodata.g_flexcanWakeUpIrqId
                0x000050ac        0x6 ./SDK/platform/drivers/src/flexcan/flexcan_driver.o
 *fill*         0x000050b2        0x2 
 .rodata.payload_code.7632
                0x000050b4       0x41 ./SDK/platform/drivers/src/flexcan/flexcan_hw_access.o
 *fill*         0x000050f5        0x3 
 .rodata.Flash_InitConfig0
                0x000050f8       0x14 ./board/peripherals_flash_1.o
                0x000050f8                Flash_InitConfig0
 .rodata.lptmr_1_config0
                0x0000510c       0x10 ./board/peripherals_lptmr_1.o
                0x0000510c                lptmr_1_config0
 .rodata.DCAN_IsoTimings_st
                0x0000511c       0x10 ./src/DIAG/diag_can_tp/conf/i15765_conf.o
                0x0000511c                DCAN_IsoTimings_st
 .rodata.DCAN_TPTiming_St
                0x0000512c        0x8 ./src/DIAG/diag_can_tp/conf/i15765_conf.o
                0x0000512c                DCAN_TPTiming_St
 .rodata.DCAN_nlInputVector_st
                0x00005134       0x18 ./src/DIAG/diag_can_tp/conf/i15765_conf.o
                0x00005134                DCAN_nlInputVector_st
 .rodata.UDSServDist_apt
                0x0000514c       0x30 ./src/DIAG/diag_can_uds/conf/uds_conf.o
                0x0000514c                UDSServDist_apt
 .rodata.CIL_CAN_Conf_aSt
                0x0000517c       0x60 ./src/DIAG/diag_common/diag_cil/conf/cil_can_conf.o
                0x0000517c                CIL_CAN_Conf_aSt
 .rodata.CANSCHED_RX_Conf_aSt
                0x000051dc       0x10 ./src/DIAG/diag_common/diag_scheduler/conf/can_sched_conf.o
                0x000051dc                CANSCHED_RX_Conf_aSt
 .rodata.CANSCHED_TX_Conf_aSt
                0x000051ec        0xc ./src/DIAG/diag_common/diag_scheduler/conf/can_sched_conf.o
                0x000051ec                CANSCHED_TX_Conf_aSt
 *(.init)
 .init          0x000051f8        0x4 c:/nxp/s32ds.3.5/s32ds/build_tools/gcc_b1620/gcc-6.3-arm32-eabi/bin/../lib/gcc/arm-none-eabi/6.3.1/thumb/v7e-m/fpv4-sp/hard/crti.o
                0x000051f8                _init
 *(.fini)
 .fini          0x000051fc        0x4 c:/nxp/s32ds.3.5/s32ds/build_tools/gcc_b1620/gcc-6.3-arm32-eabi/bin/../lib/gcc/arm-none-eabi/6.3.1/thumb/v7e-m/fpv4-sp/hard/crti.o
                0x000051fc                _fini
 .fini.__stub   0x00005200        0x8 linker stubs
 *(.eh_frame)
                0x00005208                . = ALIGN (0x4)

.glue_7         0x00005208        0x0
 .glue_7        0x00005208        0x0 linker stubs

.glue_7t        0x00005208        0x0
 .glue_7t       0x00005208        0x0 linker stubs

.vfp11_veneer   0x00005208        0x0
 .vfp11_veneer  0x00005208        0x0 linker stubs

.v4_bx          0x00005208        0x0
 .v4_bx         0x00005208        0x0 linker stubs

.iplt           0x00005208        0x0
 .iplt          0x00005208        0x0 ./Project_Settings/Startup_Code/startup_S32K148.o

.ARM            0x00005208        0x8
                0x00005208                __exidx_start = .
 *(.ARM.exidx*)
 .ARM.exidx     0x00005208        0x8 c:/nxp/s32ds.3.5/s32ds/build_tools/gcc_b1620/gcc-6.3-arm32-eabi/bin/../lib/gcc/arm-none-eabi/6.3.1/thumb/v7e-m/fpv4-sp/hard\libgcc.a(_udivmoddi4.o)
                0x00005210                __exidx_end = .
                0x00005210                __etext = .
                0x00005210                __DATA_ROM = .

.interrupts_ram
                0x1ffe0000      0x400
                0x1ffe0000                . = ALIGN (0x4)
                0x1ffe0000                __VECTOR_RAM__ = .
                0x1ffe0000                __RAM_START = .
                0x1ffe0000                __interrupts_ram_start__ = .
 *(.m_interrupts_ram)
                0x1ffe0400                . = (. + M_VECTOR_RAM_SIZE)
 *fill*         0x1ffe0000      0x400 
                0x1ffe0400                . = ALIGN (0x4)
                0x1ffe0400                __interrupts_ram_end__ = .
                0x1ffe0000                __VECTOR_RAM = DEFINED (__flash_vector_table__)?ORIGIN (m_interrupts):__VECTOR_RAM__
                0x00000400                __RAM_VECTOR_TABLE_SIZE = DEFINED (__flash_vector_table__)?0x0:(__interrupts_ram_end__ - __interrupts_ram_start__)

.data           0x1ffe0400      0x2d0 load address 0x00005210
                0x1ffe0400                . = ALIGN (0x4)
                0x1ffe0400                __DATA_RAM = .
                0x1ffe0400                __data_start__ = .
 *(.data)
 *(.data*)
 .data.peripheralClockConfig.7702
                0x1ffe0400       0xcd ./SDK/platform/drivers/src/clock/S32K1xx/clock_S32K1xx.o
 *fill*         0x1ffe04cd        0x3 
 .data.clockMan1_InitConfig0
                0x1ffe04d0       0x98 ./board/clock_config.o
                0x1ffe04d0                clockMan1_InitConfig0
 .data.peripheralClockConfig0
                0x1ffe0568       0xcd ./board/clock_config.o
                0x1ffe0568                peripheralClockConfig0
 *fill*         0x1ffe0635        0x3 
 .data.flexcanInitConfig0
                0x1ffe0638       0x38 ./board/peripherals_flexcan_config_1.o
                0x1ffe0638                flexcanInitConfig0
 .data.g_pin_mux_InitConfigArr0
                0x1ffe0670       0x48 ./board/pin_mux.o
                0x1ffe0670                g_pin_mux_InitConfigArr0
 .data.CAN_ID_info_t
                0x1ffe06b8       0x10 ./src/CAN.o
                0x1ffe06b8                CAN_ID_info_t
 .data.DCAN_TP_InstanceCANSignConf_aSt
                0x1ffe06c8        0x6 ./src/DIAG/diag_can_tp/conf/i15765_conf.o
                0x1ffe06c8                DCAN_TP_InstanceCANSignConf_aSt
                0x1ffe06d0                . = ALIGN (0x4)
 *fill*         0x1ffe06ce        0x2 
                0x1ffe06d0                __data_end__ = .
                0x000054e0                __DATA_END = (__DATA_ROM + (__data_end__ - __data_start__))
                0x000054e0                __CODE_ROM = __DATA_END

.igot.plt       0x1ffe06d0        0x0 load address 0x000054e0
 .igot.plt      0x1ffe06d0        0x0 ./Project_Settings/Startup_Code/startup_S32K148.o

.code           0x1ffe06d0       0x38 load address 0x000054e0
                0x1ffe06d0                . = ALIGN (0x4)
                0x1ffe06d0                __CODE_RAM = .
                0x1ffe06d0                __code_start__ = .
                0x1ffe06d0                __code_ram_start__ = .
 *(.code_ram)
 .code_ram      0x1ffe06d0       0x38 ./SDK/platform/drivers/src/flash/flash_driver.o
                0x1ffe0708                . = ALIGN (0x4)
                0x1ffe0708                __code_end__ = .
                0x1ffe0708                __code_ram_end__ = .
                0x00005518                __CODE_END = (__CODE_ROM + (__code_end__ - __code_start__))
                0x00005518                __CUSTOM_ROM = __CODE_END

.rel.dyn        0x1ffe0708        0x0 load address 0x00005518
 .rel.iplt      0x1ffe0708        0x0 ./Project_Settings/Startup_Code/startup_S32K148.o

.customSectionBlock
                0x20000000        0x0 load address 0x00005518
                0x20000000                __customSection_start__ = .
 *(.customSection)
                0x20000000                __customSection_end__ = .
                0x00005518                __CUSTOM_END = (__CUSTOM_ROM + (__customSection_end__ - __customSection_start__))
                0x00005518                __rom_end = __CUSTOM_END

.bss            0x20000000      0x6f4
                0x20000000                . = ALIGN (0x4)
                0x20000000                __BSS_START = .
                0x20000000                __bss_start__ = .
 *(.bss)
 *(.bss*)
 .bss.g_RtcClkInFreq
                0x20000000        0x4 ./SDK/platform/drivers/src/clock/S32K1xx/clock_S32K1xx.o
                0x20000000                g_RtcClkInFreq
 .bss.g_TClkFreq
                0x20000004        0xc ./SDK/platform/drivers/src/clock/S32K1xx/clock_S32K1xx.o
                0x20000004                g_TClkFreq
 .bss.g_xtal0ClkFreq
                0x20000010        0x4 ./SDK/platform/drivers/src/clock/S32K1xx/clock_S32K1xx.o
                0x20000010                g_xtal0ClkFreq
 .bss.s_virtEdmaState
                0x20000014        0x4 ./SDK/platform/drivers/src/edma/edma_driver.o
 .bss.g_flexcanStatePtr
                0x20000018        0xc ./SDK/platform/drivers/src/flexcan/flexcan_driver.o
 .bss.g_interruptDisableCount
                0x20000024        0x4 ./SDK/platform/drivers/src/interrupt/interrupt_manager.o
 .bss.s_osif_tick_cnt
                0x20000028        0x4 ./SDK/rtos/osif/osif_baremetal.o
 .bss.flexcanState0
                0x2000002c      0x114 ./board/peripherals_flexcan_config_1.o
                0x2000002c                flexcanState0
 .bss.RecvBuff1_St
                0x20000140       0x4c ./src/CAN.o
                0x20000140                RecvBuff1_St
 .bss.flashSSDConfig
                0x2000018c       0x1c ./src/Flash_EEPROM.o
                0x2000018c                flashSSDConfig
 .bss._1ms_Timer_Counter
                0x200001a8        0x4 ./src/Timer.o
                0x200001a8                _1ms_Timer_Counter
 .bss._5ms_TimerFlag
                0x200001ac        0x1 ./src/Timer.o
                0x200001ac                _5ms_TimerFlag
 *fill*         0x200001ad        0x3 
 .bss.CH1_nlFrameCtrl_st
                0x200001b0       0x18 ./src/DIAG/diag_can_tp/dcan_tp/i15765_init.o
                0x200001b0                CH1_nlFrameCtrl_st
 .bss.CH2_nlFrameCtrl_st
                0x200001c8       0x18 ./src/DIAG/diag_can_tp/dcan_tp/i15765_init.o
                0x200001c8                CH2_nlFrameCtrl_st
 .bss.CHBuffer_au8
                0x200001e0        0x8 ./src/DIAG/diag_can_tp/dcan_tp/i15765_init.o
                0x200001e0                CHBuffer_au8
 .bss.DCAN_ApplCbk
                0x200001e8        0x4 ./src/DIAG/diag_can_tp/dcan_tp/i15765_init.o
                0x200001e8                DCAN_ApplCbk
 .bss.DCAN_CH1_nlDataBuffer
                0x200001ec       0xff ./src/DIAG/diag_can_tp/dcan_tp/i15765_init.o
                0x200001ec                DCAN_CH1_nlDataBuffer
 *fill*         0x200002eb        0x1 
 .bss.DCAN_CH2_nlDataBuffer
                0x200002ec       0xff ./src/DIAG/diag_can_tp/dcan_tp/i15765_init.o
                0x200002ec                DCAN_CH2_nlDataBuffer
 *fill*         0x200003eb        0x1 
 .bss.DCAN_nlFrameCtrl_paSt
                0x200003ec        0x8 ./src/DIAG/diag_can_tp/dcan_tp/i15765_init.o
                0x200003ec                DCAN_nlFrameCtrl_paSt
 .bss.Can_Applidata_St
                0x200003f4       0x10 ./src/DIAG/diag_can_tp/dcan_tp/i15765_nl.o
                0x200003f4                Can_Applidata_St
 .bss.DCAN_nlInputVector_pst
                0x20000404        0x4 ./src/DIAG/diag_can_tp/dcan_tp/i15765_nl.o
                0x20000404                DCAN_nlInputVector_pst
 .bss.FunAddessedID_flag
                0x20000408        0x1 ./src/DIAG/diag_can_tp/dcan_tp/i15765_nl.o
                0x20000408                FunAddessedID_flag
 *fill*         0x20000409        0x3 
 .bss.CHBuffer_TP_au8
                0x2000040c        0x8 ./src/DIAG/diag_can_tp/dcan_tp/i15765_tp.o
                0x2000040c                CHBuffer_TP_au8
 .bss.DCAN_TPDataBuffer1_au8
                0x20000414       0xff ./src/DIAG/diag_can_tp/dcan_tp/i15765_tp.o
                0x20000414                DCAN_TPDataBuffer1_au8
 *fill*         0x20000513        0x1 
 .bss.DCAN_TPDataBuffer2_au8
                0x20000514       0xff ./src/DIAG/diag_can_tp/dcan_tp/i15765_tp.o
                0x20000514                DCAN_TPDataBuffer2_au8
 *fill*         0x20000613        0x1 
 .bss.DCAN_TPFrameCtrl1_St
                0x20000614       0x1c ./src/DIAG/diag_can_tp/dcan_tp/i15765_tp.o
                0x20000614                DCAN_TPFrameCtrl1_St
 .bss.DCAN_TPFrameCtrl2_St
                0x20000630       0x1c ./src/DIAG/diag_can_tp/dcan_tp/i15765_tp.o
                0x20000630                DCAN_TPFrameCtrl2_St
 .bss.DCAN_tpFrameCtrl_paSt
                0x2000064c        0x8 ./src/DIAG/diag_can_tp/dcan_tp/i15765_tp.o
                0x2000064c                DCAN_tpFrameCtrl_paSt
 .bss.count_u8.5679
                0x20000654        0x1 ./src/DIAG/diag_can_tp/dcan_tp/i15765_tp.o
 *fill*         0x20000655        0x3 
 .bss.ServDistUDS_pt
                0x20000658        0x4 ./src/DIAG/diag_can_uds/uds_session/uds_session.o
 .bss.Serv_databuf_St
                0x2000065c        0xc ./src/DIAG/diag_can_uds/uds_session/uds_session.o
                0x2000065c                Serv_databuf_St
 .bss.call_serviceagain_b.5905
                0x20000668        0x1 ./src/DIAG/diag_can_uds/uds_session/uds_session.o
 .bss.current_active_session_u8
                0x20000669        0x1 ./src/DIAG/diag_can_uds/uds_session/uds_session.o
                0x20000669                current_active_session_u8
 *fill*         0x2000066a        0x2 
 .bss.instanceSessTimeout_au8.5880
                0x2000066c        0x1 ./src/DIAG/diag_can_uds/uds_session/uds_session.o
 .bss.instanceSessTimeout_b.5879
                0x2000066d        0x1 ./src/DIAG/diag_can_uds/uds_session/uds_session.o
 .bss.sid_u8.5904
                0x2000066e        0x1 ./src/DIAG/diag_can_uds/uds_session/uds_session.o
 *fill*         0x2000066f        0x1 
 .bss.CAN_HAL2CIL_FnPtr
                0x20000670        0x4 ./src/DIAG/diag_common/diag_cil/can_callback.o
                0x20000670                CAN_HAL2CIL_FnPtr
 .bss.CAN_TxMessage_St
                0x20000674       0x4c ./src/DIAG/diag_common/diag_cil/can_if.o
                0x20000674                CAN_TxMessage_St
 .bss.CIL_CAN_ConfCANIDs_u32
                0x200006c0        0xc ./src/DIAG/diag_common/diag_cil/can_if.o
 .bss.CanSB_St  0x200006cc       0x14 ./src/DIAG/diag_common/diag_cil/conf/cil_can_conf.o
                0x200006cc                CanSB_St
 .bss.CAN_IntCbCnt_u16
                0x200006e0        0x2 ./src/DIAG/diag_common/diag_scheduler/can_sched.o
 *fill*         0x200006e2        0x2 
 .bss.CAN_MsgRxBoxTimeOutCnt
                0x200006e4        0x4 ./src/DIAG/diag_common/diag_scheduler/can_sched.o
 .bss.CAN_Transmit_TimerCnt
                0x200006e8        0x2 ./src/DIAG/diag_common/diag_scheduler/can_sched.o
 *fill*         0x200006ea        0x2 
 .bss.CanSB_St_P
                0x200006ec        0x4 ./src/DIAG/diag_common/diag_scheduler/can_sched.o
                0x200006ec                CanSB_St_P
 .bss.TS_time_ms_u32
                0x200006f0        0x4 ./src/DIAG/diag_common/diag_utils/diag_typedefs.o
                0x200006f0                TS_time_ms_u32
 *(COMMON)
                0x200006f4                . = ALIGN (0x4)
                0x200006f4                __bss_end__ = .
                0x200006f4                __BSS_END = .

.heap           0x200006f4      0x404
                0x200006f8                . = ALIGN (0x8)
 *fill*         0x200006f4        0x4 
                0x200006f8                __end__ = .
                0x200006f8                __heap_start__ = .
                0x200006f8                PROVIDE (end = .)
                [!provide]                PROVIDE (_end = .)
                [!provide]                PROVIDE (__end = .)
                0x200006f8                __HeapBase = .
                0x20000af8                . = (. + HEAP_SIZE)
 *fill*         0x200006f8      0x400 
                0x20000af8                __HeapLimit = .
                0x20000af8                __heap_limit = .
                0x20000af8                __heap_end__ = .
                0x2001f000                __StackTop = (ORIGIN (m_data_2) + LENGTH (m_data_2))
                0x2001ec00                __StackLimit = (__StackTop - STACK_SIZE)
                0x2001f000                PROVIDE (__stack = __StackTop)
                0x2001f000                __RAM_END = __StackTop

.stack          0x2001ec00      0x400
                0x2001ec00                . = ALIGN (0x8)
                0x2001ec00                __stack_start__ = .
                0x2001f000                . = (. + STACK_SIZE)
 *fill*         0x2001ec00      0x400 
                0x2001f000                __stack_end__ = .

.ARM.attributes
                0x00000000       0x30
 *(.ARM.attributes)
 .ARM.attributes
                0x00000000       0x22 c:/nxp/s32ds.3.5/s32ds/build_tools/gcc_b1620/gcc-6.3-arm32-eabi/bin/../lib/gcc/arm-none-eabi/6.3.1/thumb/v7e-m/fpv4-sp/hard/crti.o
 .ARM.attributes
                0x00000022       0x1f ./Project_Settings/Startup_Code/startup_S32K148.o
 .ARM.attributes
                0x00000041       0x39 ./SDK/S32K148_SDK_4.0.1/platform/devices/S32K148/startup/system_S32K148.o
 .ARM.attributes
                0x0000007a       0x39 ./SDK/S32K148_SDK_4.0.1/platform/devices/startup.o
 .ARM.attributes
                0x000000b3       0x39 ./SDK/platform/drivers/src/clock/S32K1xx/clock_S32K1xx.o
 .ARM.attributes
                0x000000ec       0x39 ./SDK/platform/drivers/src/edma/edma_driver.o
 .ARM.attributes
                0x00000125       0x39 ./SDK/platform/drivers/src/edma/edma_hw_access.o
 .ARM.attributes
                0x0000015e       0x39 ./SDK/platform/drivers/src/edma/edma_irq.o
 .ARM.attributes
                0x00000197       0x39 ./SDK/platform/drivers/src/flash/flash_driver.o
 .ARM.attributes
                0x000001d0       0x39 ./SDK/platform/drivers/src/flexcan/flexcan_driver.o
 .ARM.attributes
                0x00000209       0x39 ./SDK/platform/drivers/src/flexcan/flexcan_hw_access.o
 .ARM.attributes
                0x00000242       0x39 ./SDK/platform/drivers/src/flexcan/flexcan_irq.o
 .ARM.attributes
                0x0000027b       0x39 ./SDK/platform/drivers/src/interrupt/interrupt_manager.o
 .ARM.attributes
                0x000002b4       0x39 ./SDK/platform/drivers/src/lptmr/lptmr_driver.o
 .ARM.attributes
                0x000002ed       0x39 ./SDK/platform/drivers/src/lptmr/lptmr_hw_access.o
 .ARM.attributes
                0x00000326       0x39 ./SDK/platform/drivers/src/pins/pins_driver.o
 .ARM.attributes
                0x0000035f       0x39 ./SDK/platform/drivers/src/pins/pins_port_hw_access.o
 .ARM.attributes
                0x00000398       0x39 ./SDK/rtos/osif/osif_baremetal.o
 .ARM.attributes
                0x000003d1       0x39 ./board/clock_config.o
 .ARM.attributes
                0x0000040a       0x39 ./board/peripherals_flash_1.o
 .ARM.attributes
                0x00000443       0x39 ./board/peripherals_flexcan_config_1.o
 .ARM.attributes
                0x0000047c       0x39 ./board/peripherals_lptmr_1.o
 .ARM.attributes
                0x000004b5       0x39 ./board/pin_mux.o
 .ARM.attributes
                0x000004ee       0x39 ./src/Board_Init.o
 .ARM.attributes
                0x00000527       0x39 ./src/CAN.o
 .ARM.attributes
                0x00000560       0x39 ./src/Flash_EEPROM.o
 .ARM.attributes
                0x00000599       0x39 ./src/Timer.o
 .ARM.attributes
                0x000005d2       0x39 ./src/main.o
 .ARM.attributes
                0x0000060b       0x39 ./src/DIAG/diag_appl_test/diag_adapt.o
 .ARM.attributes
                0x00000644       0x39 ./src/DIAG/diag_can_tp/conf/i15765_conf.o
 .ARM.attributes
                0x0000067d       0x39 ./src/DIAG/diag_can_tp/dcan_tp/i15765_init.o
 .ARM.attributes
                0x000006b6       0x39 ./src/DIAG/diag_can_tp/dcan_tp/i15765_nl.o
 .ARM.attributes
                0x000006ef       0x39 ./src/DIAG/diag_can_tp/dcan_tp/i15765_tp.o
 .ARM.attributes
                0x00000728       0x39 ./src/DIAG/diag_can_uds/conf/uds_conf.o
 .ARM.attributes
                0x00000761       0x39 ./src/DIAG/diag_can_uds/uds_session/uds_session.o
 .ARM.attributes
                0x0000079a       0x39 ./src/DIAG/diag_common/diag_cil/can_callback.o
 .ARM.attributes
                0x000007d3       0x39 ./src/DIAG/diag_common/diag_cil/can_if.o
 .ARM.attributes
                0x0000080c       0x39 ./src/DIAG/diag_common/diag_cil/conf/cil_can_conf.o
 .ARM.attributes
                0x00000845       0x39 ./src/DIAG/diag_common/diag_scheduler/can_sched.o
 .ARM.attributes
                0x0000087e       0x39 ./src/DIAG/diag_common/diag_scheduler/com_tasksched.o
 .ARM.attributes
                0x000008b7       0x39 ./src/DIAG/diag_common/diag_scheduler/conf/can_sched_conf.o
 .ARM.attributes
                0x000008f0       0x39 ./src/DIAG/diag_common/diag_utils/diag_typedefs.o
 .ARM.attributes
                0x00000929       0x39 ./src/DIAG/diag_common/diag_utils/str_util.o
 .ARM.attributes
                0x00000962       0x22 c:/nxp/s32ds.3.5/s32ds/build_tools/gcc_b1620/gcc-6.3-arm32-eabi/bin/../lib/gcc/arm-none-eabi/6.3.1/thumb/v7e-m/fpv4-sp/hard\libgcc.a(_aeabi_uldivmod.o)
 .ARM.attributes
                0x00000984       0x34 c:/nxp/s32ds.3.5/s32ds/build_tools/gcc_b1620/gcc-6.3-arm32-eabi/bin/../lib/gcc/arm-none-eabi/6.3.1/thumb/v7e-m/fpv4-sp/hard\libgcc.a(_udivmoddi4.o)
 .ARM.attributes
                0x000009b8       0x22 c:/nxp/s32ds.3.5/s32ds/build_tools/gcc_b1620/gcc-6.3-arm32-eabi/bin/../lib/gcc/arm-none-eabi/6.3.1/thumb/v7e-m/fpv4-sp/hard\libgcc.a(_dvmd_tls.o)
                0x00000001                ASSERT ((__rom_end <= (ORIGIN (m_text) + LENGTH (m_text))), Region m_text overflowed!)
                0x00000001                ASSERT ((__StackLimit >= __HeapLimit), region m_data_2 overflowed with stack and heap)
OUTPUT(UDS_BSW_S32K148.elf elf32-littlearm)

.debug_line     0x00000000     0xb127
 .debug_line    0x00000000       0x84 ./Project_Settings/Startup_Code/startup_S32K148.o
 .debug_line    0x00000084      0x284 ./SDK/S32K148_SDK_4.0.1/platform/devices/S32K148/startup/system_S32K148.o
 .debug_line    0x00000308      0x181 ./SDK/S32K148_SDK_4.0.1/platform/devices/startup.o
 .debug_line    0x00000489     0x12d4 ./SDK/platform/drivers/src/clock/S32K1xx/clock_S32K1xx.o
 .debug_line    0x0000175d      0x8af ./SDK/platform/drivers/src/edma/edma_driver.o
 .debug_line    0x0000200c      0x35a ./SDK/platform/drivers/src/edma/edma_hw_access.o
 .debug_line    0x00002366      0x2f2 ./SDK/platform/drivers/src/edma/edma_irq.o
 .debug_line    0x00002658      0x7d0 ./SDK/platform/drivers/src/flash/flash_driver.o
 .debug_line    0x00002e28      0xe81 ./SDK/platform/drivers/src/flexcan/flexcan_driver.o
 .debug_line    0x00003ca9      0x837 ./SDK/platform/drivers/src/flexcan/flexcan_hw_access.o
 .debug_line    0x000044e0      0x140 ./SDK/platform/drivers/src/flexcan/flexcan_irq.o
 .debug_line    0x00004620      0x35e ./SDK/platform/drivers/src/interrupt/interrupt_manager.o
 .debug_line    0x0000497e      0x659 ./SDK/platform/drivers/src/lptmr/lptmr_driver.o
 .debug_line    0x00004fd7      0x1ba ./SDK/platform/drivers/src/lptmr/lptmr_hw_access.o
 .debug_line    0x00005191      0x4c3 ./SDK/platform/drivers/src/pins/pins_driver.o
 .debug_line    0x00005654      0x2dd ./SDK/platform/drivers/src/pins/pins_port_hw_access.o
 .debug_line    0x00005931      0x3f4 ./SDK/rtos/osif/osif_baremetal.o
 .debug_line    0x00005d25      0x24b ./board/clock_config.o
 .debug_line    0x00005f70      0x15f ./board/peripherals_flash_1.o
 .debug_line    0x000060cf      0x18e ./board/peripherals_flexcan_config_1.o
 .debug_line    0x0000625d      0x15f ./board/peripherals_lptmr_1.o
 .debug_line    0x000063bc      0x1bc ./board/pin_mux.o
 .debug_line    0x00006578      0x499 ./src/Board_Init.o
 .debug_line    0x00006a11      0x3f9 ./src/CAN.o
 .debug_line    0x00006e0a      0x425 ./src/Flash_EEPROM.o
 .debug_line    0x0000722f      0x42d ./src/Timer.o
 .debug_line    0x0000765c      0x495 ./src/main.o
 .debug_line    0x00007af1      0x3f0 ./src/DIAG/diag_appl_test/diag_adapt.o
 .debug_line    0x00007ee1      0x2c9 ./src/DIAG/diag_can_tp/conf/i15765_conf.o
 .debug_line    0x000081aa      0x386 ./src/DIAG/diag_can_tp/dcan_tp/i15765_init.o
 .debug_line    0x00008530      0x62f ./src/DIAG/diag_can_tp/dcan_tp/i15765_nl.o
 .debug_line    0x00008b5f      0x49c ./src/DIAG/diag_can_tp/dcan_tp/i15765_tp.o
 .debug_line    0x00008ffb      0x386 ./src/DIAG/diag_can_uds/conf/uds_conf.o
 .debug_line    0x00009381      0x4b0 ./src/DIAG/diag_can_uds/uds_session/uds_session.o
 .debug_line    0x00009831      0x1c2 ./src/DIAG/diag_common/diag_cil/can_callback.o
 .debug_line    0x000099f3      0x57f ./src/DIAG/diag_common/diag_cil/can_if.o
 .debug_line    0x00009f72      0x201 ./src/DIAG/diag_common/diag_cil/conf/cil_can_conf.o
 .debug_line    0x0000a173      0x3e6 ./src/DIAG/diag_common/diag_scheduler/can_sched.o
 .debug_line    0x0000a559      0x42c ./src/DIAG/diag_common/diag_scheduler/com_tasksched.o
 .debug_line    0x0000a985      0x396 ./src/DIAG/diag_common/diag_scheduler/conf/can_sched_conf.o
 .debug_line    0x0000ad1b      0x13f ./src/DIAG/diag_common/diag_utils/diag_typedefs.o
 .debug_line    0x0000ae5a      0x2cd ./src/DIAG/diag_common/diag_utils/str_util.o

.debug_info     0x00000000    0x312fb
 .debug_info    0x00000000       0x26 ./Project_Settings/Startup_Code/startup_S32K148.o
 .debug_info    0x00000026      0x65f ./SDK/S32K148_SDK_4.0.1/platform/devices/S32K148/startup/system_S32K148.o
 .debug_info    0x00000685      0x2ad ./SDK/S32K148_SDK_4.0.1/platform/devices/startup.o
 .debug_info    0x00000932     0x655b ./SDK/platform/drivers/src/clock/S32K1xx/clock_S32K1xx.o
 .debug_info    0x00006e8d     0x389c ./SDK/platform/drivers/src/edma/edma_driver.o
 .debug_info    0x0000a729      0x95d ./SDK/platform/drivers/src/edma/edma_hw_access.o
 .debug_info    0x0000b086      0x6da ./SDK/platform/drivers/src/edma/edma_irq.o
 .debug_info    0x0000b760     0x1978 ./SDK/platform/drivers/src/flash/flash_driver.o
 .debug_info    0x0000d0d8     0x5654 ./SDK/platform/drivers/src/flexcan/flexcan_driver.o
 .debug_info    0x0001272c     0x1ecf ./SDK/platform/drivers/src/flexcan/flexcan_hw_access.o
 .debug_info    0x000145fb      0x280 ./SDK/platform/drivers/src/flexcan/flexcan_irq.o
 .debug_info    0x0001487b      0xa80 ./SDK/platform/drivers/src/interrupt/interrupt_manager.o
 .debug_info    0x000152fb     0x2268 ./SDK/platform/drivers/src/lptmr/lptmr_driver.o
 .debug_info    0x00017563      0x11c ./SDK/platform/drivers/src/lptmr/lptmr_hw_access.o
 .debug_info    0x0001767f     0x13d5 ./SDK/platform/drivers/src/pins/pins_driver.o
 .debug_info    0x00018a54      0x8a8 ./SDK/platform/drivers/src/pins/pins_port_hw_access.o
 .debug_info    0x000192fc      0xb2b ./SDK/rtos/osif/osif_baremetal.o
 .debug_info    0x00019e27     0x1333 ./board/clock_config.o
 .debug_info    0x0001b15a      0x108 ./board/peripherals_flash_1.o
 .debug_info    0x0001b262      0x4f5 ./board/peripherals_flexcan_config_1.o
 .debug_info    0x0001b757      0x281 ./board/peripherals_lptmr_1.o
 .debug_info    0x0001b9d8      0x405 ./board/pin_mux.o
 .debug_info    0x0001bddd     0x20dc ./src/Board_Init.o
 .debug_info    0x0001deb9     0x23fd ./src/CAN.o
 .debug_info    0x000202b6     0x23d6 ./src/Flash_EEPROM.o
 .debug_info    0x0002268c     0x247e ./src/Timer.o
 .debug_info    0x00024b0a     0x209b ./src/main.o
 .debug_info    0x00026ba5      0xc13 ./src/DIAG/diag_appl_test/diag_adapt.o
 .debug_info    0x000277b8      0x7f8 ./src/DIAG/diag_can_tp/conf/i15765_conf.o
 .debug_info    0x00027fb0      0x7b7 ./src/DIAG/diag_can_tp/dcan_tp/i15765_init.o
 .debug_info    0x00028767      0xf7f ./src/DIAG/diag_can_tp/dcan_tp/i15765_nl.o
 .debug_info    0x000296e6      0xbae ./src/DIAG/diag_can_tp/dcan_tp/i15765_tp.o
 .debug_info    0x0002a294      0xd63 ./src/DIAG/diag_can_uds/conf/uds_conf.o
 .debug_info    0x0002aff7      0xf40 ./src/DIAG/diag_can_uds/uds_session/uds_session.o
 .debug_info    0x0002bf37      0x191 ./src/DIAG/diag_common/diag_cil/can_callback.o
 .debug_info    0x0002c0c8     0x255f ./src/DIAG/diag_common/diag_cil/can_if.o
 .debug_info    0x0002e627      0x38a ./src/DIAG/diag_common/diag_cil/conf/cil_can_conf.o
 .debug_info    0x0002e9b1      0xa16 ./src/DIAG/diag_common/diag_scheduler/can_sched.o
 .debug_info    0x0002f3c7      0x98f ./src/DIAG/diag_common/diag_scheduler/com_tasksched.o
 .debug_info    0x0002fd56      0x8d5 ./src/DIAG/diag_common/diag_scheduler/conf/can_sched_conf.o
 .debug_info    0x0003062b       0xa2 ./src/DIAG/diag_common/diag_utils/diag_typedefs.o
 .debug_info    0x000306cd      0xc2e ./src/DIAG/diag_common/diag_utils/str_util.o

.debug_abbrev   0x00000000     0x4b93
 .debug_abbrev  0x00000000       0x14 ./Project_Settings/Startup_Code/startup_S32K148.o
 .debug_abbrev  0x00000014      0x140 ./SDK/S32K148_SDK_4.0.1/platform/devices/S32K148/startup/system_S32K148.o
 .debug_abbrev  0x00000154       0xe0 ./SDK/S32K148_SDK_4.0.1/platform/devices/startup.o
 .debug_abbrev  0x00000234      0x3fb ./SDK/platform/drivers/src/clock/S32K1xx/clock_S32K1xx.o
 .debug_abbrev  0x0000062f      0x422 ./SDK/platform/drivers/src/edma/edma_driver.o
 .debug_abbrev  0x00000a51      0x205 ./SDK/platform/drivers/src/edma/edma_hw_access.o
 .debug_abbrev  0x00000c56      0x1b8 ./SDK/platform/drivers/src/edma/edma_irq.o
 .debug_abbrev  0x00000e0e      0x2bf ./SDK/platform/drivers/src/flash/flash_driver.o
 .debug_abbrev  0x000010cd      0x44e ./SDK/platform/drivers/src/flexcan/flexcan_driver.o
 .debug_abbrev  0x0000151b      0x3ab ./SDK/platform/drivers/src/flexcan/flexcan_hw_access.o
 .debug_abbrev  0x000018c6       0x6c ./SDK/platform/drivers/src/flexcan/flexcan_irq.o
 .debug_abbrev  0x00001932      0x1f4 ./SDK/platform/drivers/src/interrupt/interrupt_manager.o
 .debug_abbrev  0x00001b26      0x358 ./SDK/platform/drivers/src/lptmr/lptmr_driver.o
 .debug_abbrev  0x00001e7e       0xaf ./SDK/platform/drivers/src/lptmr/lptmr_hw_access.o
 .debug_abbrev  0x00001f2d      0x2db ./SDK/platform/drivers/src/pins/pins_driver.o
 .debug_abbrev  0x00002208      0x1f5 ./SDK/platform/drivers/src/pins/pins_port_hw_access.o
 .debug_abbrev  0x000023fd      0x2c6 ./SDK/rtos/osif/osif_baremetal.o
 .debug_abbrev  0x000026c3      0x122 ./board/clock_config.o
 .debug_abbrev  0x000027e5       0x91 ./board/peripherals_flash_1.o
 .debug_abbrev  0x00002876      0x107 ./board/peripherals_flexcan_config_1.o
 .debug_abbrev  0x0000297d       0x8c ./board/peripherals_lptmr_1.o
 .debug_abbrev  0x00002a09       0xca ./board/pin_mux.o
 .debug_abbrev  0x00002ad3      0x1bd ./src/Board_Init.o
 .debug_abbrev  0x00002c90      0x238 ./src/CAN.o
 .debug_abbrev  0x00002ec8      0x23f ./src/Flash_EEPROM.o
 .debug_abbrev  0x00003107      0x207 ./src/Timer.o
 .debug_abbrev  0x0000330e      0x199 ./src/main.o
 .debug_abbrev  0x000034a7      0x145 ./src/DIAG/diag_appl_test/diag_adapt.o
 .debug_abbrev  0x000035ec       0xec ./src/DIAG/diag_can_tp/conf/i15765_conf.o
 .debug_abbrev  0x000036d8      0x174 ./src/DIAG/diag_can_tp/dcan_tp/i15765_init.o
 .debug_abbrev  0x0000384c      0x2a2 ./src/DIAG/diag_can_tp/dcan_tp/i15765_nl.o
 .debug_abbrev  0x00003aee      0x1e5 ./src/DIAG/diag_can_tp/dcan_tp/i15765_tp.o
 .debug_abbrev  0x00003cd3      0x147 ./src/DIAG/diag_can_uds/conf/uds_conf.o
 .debug_abbrev  0x00003e1a      0x2df ./src/DIAG/diag_can_uds/uds_session/uds_session.o
 .debug_abbrev  0x000040f9       0xe1 ./src/DIAG/diag_common/diag_cil/can_callback.o
 .debug_abbrev  0x000041da      0x282 ./src/DIAG/diag_common/diag_cil/can_if.o
 .debug_abbrev  0x0000445c       0xfb ./src/DIAG/diag_common/diag_cil/conf/cil_can_conf.o
 .debug_abbrev  0x00004557      0x196 ./src/DIAG/diag_common/diag_scheduler/can_sched.o
 .debug_abbrev  0x000046ed      0x10f ./src/DIAG/diag_common/diag_scheduler/com_tasksched.o
 .debug_abbrev  0x000047fc       0xe2 ./src/DIAG/diag_common/diag_scheduler/conf/can_sched_conf.o
 .debug_abbrev  0x000048de       0x58 ./src/DIAG/diag_common/diag_utils/diag_typedefs.o
 .debug_abbrev  0x00004936      0x25d ./src/DIAG/diag_common/diag_utils/str_util.o

.debug_aranges  0x00000000      0xf10
 .debug_aranges
                0x00000000       0x20 ./Project_Settings/Startup_Code/startup_S32K148.o
 .debug_aranges
                0x00000020       0x30 ./SDK/S32K148_SDK_4.0.1/platform/devices/S32K148/startup/system_S32K148.o
 .debug_aranges
                0x00000050       0x20 ./SDK/S32K148_SDK_4.0.1/platform/devices/startup.o
 .debug_aranges
                0x00000070      0x138 ./SDK/platform/drivers/src/clock/S32K1xx/clock_S32K1xx.o
 .debug_aranges
                0x000001a8      0x138 ./SDK/platform/drivers/src/edma/edma_driver.o
 .debug_aranges
                0x000002e0       0x88 ./SDK/platform/drivers/src/edma/edma_hw_access.o
 .debug_aranges
                0x00000368       0xa0 ./SDK/platform/drivers/src/edma/edma_irq.o
 .debug_aranges
                0x00000408      0x130 ./SDK/platform/drivers/src/flash/flash_driver.o
 .debug_aranges
                0x00000538      0x178 ./SDK/platform/drivers/src/flexcan/flexcan_driver.o
 .debug_aranges
                0x000006b0       0xf8 ./SDK/platform/drivers/src/flexcan/flexcan_hw_access.o
 .debug_aranges
                0x000007a8       0x80 ./SDK/platform/drivers/src/flexcan/flexcan_irq.o
 .debug_aranges
                0x00000828       0x70 ./SDK/platform/drivers/src/interrupt/interrupt_manager.o
 .debug_aranges
                0x00000898       0xa8 ./SDK/platform/drivers/src/lptmr/lptmr_driver.o
 .debug_aranges
                0x00000940       0x20 ./SDK/platform/drivers/src/lptmr/lptmr_hw_access.o
 .debug_aranges
                0x00000960       0xe0 ./SDK/platform/drivers/src/pins/pins_driver.o
 .debug_aranges
                0x00000a40       0x40 ./SDK/platform/drivers/src/pins/pins_port_hw_access.o
 .debug_aranges
                0x00000a80       0x70 ./SDK/rtos/osif/osif_baremetal.o
 .debug_aranges
                0x00000af0       0x18 ./board/clock_config.o
 .debug_aranges
                0x00000b08       0x18 ./board/peripherals_flash_1.o
 .debug_aranges
                0x00000b20       0x18 ./board/peripherals_flexcan_config_1.o
 .debug_aranges
                0x00000b38       0x18 ./board/peripherals_lptmr_1.o
 .debug_aranges
                0x00000b50       0x18 ./board/pin_mux.o
 .debug_aranges
                0x00000b68       0x20 ./src/Board_Init.o
 .debug_aranges
                0x00000b88       0x30 ./src/CAN.o
 .debug_aranges
                0x00000bb8       0x38 ./src/Flash_EEPROM.o
 .debug_aranges
                0x00000bf0       0x28 ./src/Timer.o
 .debug_aranges
                0x00000c18       0x20 ./src/main.o
 .debug_aranges
                0x00000c38       0x28 ./src/DIAG/diag_appl_test/diag_adapt.o
 .debug_aranges
                0x00000c60       0x18 ./src/DIAG/diag_can_tp/conf/i15765_conf.o
 .debug_aranges
                0x00000c78       0x28 ./src/DIAG/diag_can_tp/dcan_tp/i15765_init.o
 .debug_aranges
                0x00000ca0       0x48 ./src/DIAG/diag_can_tp/dcan_tp/i15765_nl.o
 .debug_aranges
                0x00000ce8       0x68 ./src/DIAG/diag_can_tp/dcan_tp/i15765_tp.o
 .debug_aranges
                0x00000d50       0x18 ./src/DIAG/diag_can_uds/conf/uds_conf.o
 .debug_aranges
                0x00000d68       0x40 ./src/DIAG/diag_can_uds/uds_session/uds_session.o
 .debug_aranges
                0x00000da8       0x28 ./src/DIAG/diag_common/diag_cil/can_callback.o
 .debug_aranges
                0x00000dd0       0x40 ./src/DIAG/diag_common/diag_cil/can_if.o
 .debug_aranges
                0x00000e10       0x18 ./src/DIAG/diag_common/diag_cil/conf/cil_can_conf.o
 .debug_aranges
                0x00000e28       0x30 ./src/DIAG/diag_common/diag_scheduler/can_sched.o
 .debug_aranges
                0x00000e58       0x28 ./src/DIAG/diag_common/diag_scheduler/com_tasksched.o
 .debug_aranges
                0x00000e80       0x18 ./src/DIAG/diag_common/diag_scheduler/conf/can_sched_conf.o
 .debug_aranges
                0x00000e98       0x18 ./src/DIAG/diag_common/diag_utils/diag_typedefs.o
 .debug_aranges
                0x00000eb0       0x60 ./src/DIAG/diag_common/diag_utils/str_util.o

.debug_str      0x00000000     0xce4d
 .debug_str     0x00000000       0x7d ./Project_Settings/Startup_Code/startup_S32K148.o
 .debug_str     0x0000007d      0x410 ./SDK/S32K148_SDK_4.0.1/platform/devices/S32K148/startup/system_S32K148.o
                                0x49b (size before relaxing)
 .debug_str     0x0000048d      0x21e ./SDK/S32K148_SDK_4.0.1/platform/devices/startup.o
                                0x455 (size before relaxing)
 .debug_str     0x000006ab     0x39e5 ./SDK/platform/drivers/src/clock/S32K1xx/clock_S32K1xx.o
                               0x3dbc (size before relaxing)
 .debug_str     0x00004090     0x21f9 ./SDK/platform/drivers/src/edma/edma_driver.o
                               0x2dde (size before relaxing)
 .debug_str     0x00006289       0x46 ./SDK/platform/drivers/src/edma/edma_hw_access.o
                                0x805 (size before relaxing)
 .debug_str     0x000062cf      0x162 ./SDK/platform/drivers/src/edma/edma_irq.o
                                0x51a (size before relaxing)
 .debug_str     0x00006431      0x74b ./SDK/platform/drivers/src/flash/flash_driver.o
                               0x1b97 (size before relaxing)
 .debug_str     0x00006b7c     0x1b5a ./SDK/platform/drivers/src/flexcan/flexcan_driver.o
                               0x364a (size before relaxing)
 .debug_str     0x000086d6      0x379 ./SDK/platform/drivers/src/flexcan/flexcan_hw_access.o
                               0x18b5 (size before relaxing)
 .debug_str     0x00008a4f      0x17c ./SDK/platform/drivers/src/flexcan/flexcan_irq.o
                                0x3e9 (size before relaxing)
 .debug_str     0x00008bcb      0x180 ./SDK/platform/drivers/src/interrupt/interrupt_manager.o
                                0xe36 (size before relaxing)
 .debug_str     0x00008d4b      0xa96 ./SDK/platform/drivers/src/lptmr/lptmr_driver.o
                               0x1ad4 (size before relaxing)
 .debug_str     0x000097e1       0x34 ./SDK/platform/drivers/src/lptmr/lptmr_hw_access.o
                                0x27a (size before relaxing)
 .debug_str     0x00009815      0x961 ./SDK/platform/drivers/src/pins/pins_driver.o
                               0x145f (size before relaxing)
 .debug_str     0x0000a176      0x19d ./SDK/platform/drivers/src/pins/pins_port_hw_access.o
                                0x947 (size before relaxing)
 .debug_str     0x0000a313      0x19d ./SDK/rtos/osif/osif_baremetal.o
                               0x11ed (size before relaxing)
 .debug_str     0x0000a4b0       0x71 ./board/clock_config.o
                               0x24d6 (size before relaxing)
 .debug_str     0x0000a521       0x31 ./board/peripherals_flash_1.o
                                0x2af (size before relaxing)
 .debug_str     0x0000a552       0x49 ./board/peripherals_flexcan_config_1.o
                                0x978 (size before relaxing)
 .debug_str     0x0000a59b       0x2f ./board/peripherals_lptmr_1.o
                                0x6e4 (size before relaxing)
 .debug_str     0x0000a5ca       0x2c ./board/pin_mux.o
                                0x60b (size before relaxing)
 .debug_str     0x0000a5f6       0xf7 ./src/Board_Init.o
                               0x392f (size before relaxing)
 .debug_str     0x0000a6ed       0xdb ./src/CAN.o
                               0x3b32 (size before relaxing)
 .debug_str     0x0000a7c8       0xf2 ./src/Flash_EEPROM.o
                               0x3ab7 (size before relaxing)
 .debug_str     0x0000a8ba       0x3a ./src/Timer.o
                               0x41a6 (size before relaxing)
 .debug_str     0x0000a8f4       0x2e ./src/main.o
                               0x38fc (size before relaxing)
 .debug_str     0x0000a922     0x1046 ./src/DIAG/diag_appl_test/diag_adapt.o
                               0x12fd (size before relaxing)
 .debug_str     0x0000b968      0x134 ./src/DIAG/diag_can_tp/conf/i15765_conf.o
                                0xab4 (size before relaxing)
 .debug_str     0x0000ba9c      0x175 ./src/DIAG/diag_can_tp/dcan_tp/i15765_init.o
                                0xa03 (size before relaxing)
 .debug_str     0x0000bc11      0x3a6 ./src/DIAG/diag_can_tp/dcan_tp/i15765_nl.o
                                0xe43 (size before relaxing)
 .debug_str     0x0000bfb7      0x24e ./src/DIAG/diag_can_tp/dcan_tp/i15765_tp.o
                                0xc9e (size before relaxing)
 .debug_str     0x0000c205      0x1db ./src/DIAG/diag_can_uds/conf/uds_conf.o
                               0x14b1 (size before relaxing)
 .debug_str     0x0000c3e0      0x162 ./src/DIAG/diag_can_uds/uds_session/uds_session.o
                               0x15da (size before relaxing)
 .debug_str     0x0000c542       0x96 ./src/DIAG/diag_common/diag_cil/can_callback.o
                                0x304 (size before relaxing)
 .debug_str     0x0000c5d8      0x106 ./src/DIAG/diag_common/diag_cil/can_if.o
                               0x3d4d (size before relaxing)
 .debug_str     0x0000c6de       0x78 ./src/DIAG/diag_common/diag_cil/conf/cil_can_conf.o
                                0x556 (size before relaxing)
 .debug_str     0x0000c756      0x1ab ./src/DIAG/diag_common/diag_scheduler/can_sched.o
                                0xc52 (size before relaxing)
 .debug_str     0x0000c901       0x37 ./src/DIAG/diag_common/diag_scheduler/com_tasksched.o
                                0xba1 (size before relaxing)
 .debug_str     0x0000c938       0x3d ./src/DIAG/diag_common/diag_scheduler/conf/can_sched_conf.o
                                0xb93 (size before relaxing)
 .debug_str     0x0000c975       0x33 ./src/DIAG/diag_common/diag_utils/diag_typedefs.o
                                0x265 (size before relaxing)
 .debug_str     0x0000c9a8      0x4a5 ./src/DIAG/diag_common/diag_utils/str_util.o
                                0x764 (size before relaxing)

.debug_loc      0x00000000    0x145df
 .debug_loc     0x00000000      0x10a ./SDK/S32K148_SDK_4.0.1/platform/devices/S32K148/startup/system_S32K148.o
 .debug_loc     0x0000010a       0xec ./SDK/S32K148_SDK_4.0.1/platform/devices/startup.o
 .debug_loc     0x000001f6     0x5532 ./SDK/platform/drivers/src/clock/S32K1xx/clock_S32K1xx.o
 .debug_loc     0x00005728     0x2867 ./SDK/platform/drivers/src/edma/edma_driver.o
 .debug_loc     0x00007f8f      0x6fa ./SDK/platform/drivers/src/edma/edma_hw_access.o
 .debug_loc     0x00008689       0x50 ./SDK/platform/drivers/src/edma/edma_irq.o
 .debug_loc     0x000086d9     0x1e5a ./SDK/platform/drivers/src/flash/flash_driver.o
 .debug_loc     0x0000a533     0x38b9 ./SDK/platform/drivers/src/flexcan/flexcan_driver.o
 .debug_loc     0x0000ddec     0x1c5c ./SDK/platform/drivers/src/flexcan/flexcan_hw_access.o
 .debug_loc     0x0000fa48      0x256 ./SDK/platform/drivers/src/interrupt/interrupt_manager.o
 .debug_loc     0x0000fc9e     0x12d7 ./SDK/platform/drivers/src/lptmr/lptmr_driver.o
 .debug_loc     0x00010f75       0x1f ./SDK/platform/drivers/src/lptmr/lptmr_hw_access.o
 .debug_loc     0x00010f94      0x77f ./SDK/platform/drivers/src/pins/pins_driver.o
 .debug_loc     0x00011713      0x56a ./SDK/platform/drivers/src/pins/pins_port_hw_access.o
 .debug_loc     0x00011c7d      0x275 ./SDK/rtos/osif/osif_baremetal.o
 .debug_loc     0x00011ef2      0x190 ./src/CAN.o
 .debug_loc     0x00012082      0x387 ./src/Flash_EEPROM.o
 .debug_loc     0x00012409       0x54 ./src/DIAG/diag_can_tp/dcan_tp/i15765_init.o
 .debug_loc     0x0001245d      0xf5a ./src/DIAG/diag_can_tp/dcan_tp/i15765_nl.o
 .debug_loc     0x000133b7      0x3d0 ./src/DIAG/diag_can_tp/dcan_tp/i15765_tp.o
 .debug_loc     0x00013787      0x361 ./src/DIAG/diag_can_uds/uds_session/uds_session.o
 .debug_loc     0x00013ae8       0xa4 ./src/DIAG/diag_common/diag_cil/can_callback.o
 .debug_loc     0x00013b8c      0x2f6 ./src/DIAG/diag_common/diag_cil/can_if.o
 .debug_loc     0x00013e82       0x80 ./src/DIAG/diag_common/diag_scheduler/can_sched.o
 .debug_loc     0x00013f02      0x6dd ./src/DIAG/diag_common/diag_utils/str_util.o

.debug_ranges   0x00000000     0x13e8
 .debug_ranges  0x00000000       0x20 ./SDK/S32K148_SDK_4.0.1/platform/devices/S32K148/startup/system_S32K148.o
 .debug_ranges  0x00000020       0x10 ./SDK/S32K148_SDK_4.0.1/platform/devices/startup.o
 .debug_ranges  0x00000030      0x478 ./SDK/platform/drivers/src/clock/S32K1xx/clock_S32K1xx.o
 .debug_ranges  0x000004a8      0x158 ./SDK/platform/drivers/src/edma/edma_driver.o
 .debug_ranges  0x00000600       0x90 ./SDK/platform/drivers/src/edma/edma_hw_access.o
 .debug_ranges  0x00000690       0x90 ./SDK/platform/drivers/src/edma/edma_irq.o
 .debug_ranges  0x00000720      0x198 ./SDK/platform/drivers/src/flash/flash_driver.o
 .debug_ranges  0x000008b8      0x2d0 ./SDK/platform/drivers/src/flexcan/flexcan_driver.o
 .debug_ranges  0x00000b88      0x150 ./SDK/platform/drivers/src/flexcan/flexcan_hw_access.o
 .debug_ranges  0x00000cd8       0x70 ./SDK/platform/drivers/src/flexcan/flexcan_irq.o
 .debug_ranges  0x00000d48       0x98 ./SDK/platform/drivers/src/interrupt/interrupt_manager.o
 .debug_ranges  0x00000de0      0x1a8 ./SDK/platform/drivers/src/lptmr/lptmr_driver.o
 .debug_ranges  0x00000f88       0x10 ./SDK/platform/drivers/src/lptmr/lptmr_hw_access.o
 .debug_ranges  0x00000f98       0xd0 ./SDK/platform/drivers/src/pins/pins_driver.o
 .debug_ranges  0x00001068       0x30 ./SDK/platform/drivers/src/pins/pins_port_hw_access.o
 .debug_ranges  0x00001098       0x90 ./SDK/rtos/osif/osif_baremetal.o
 .debug_ranges  0x00001128       0x10 ./src/Board_Init.o
 .debug_ranges  0x00001138       0x38 ./src/CAN.o
 .debug_ranges  0x00001170       0x40 ./src/Flash_EEPROM.o
 .debug_ranges  0x000011b0       0x18 ./src/Timer.o
 .debug_ranges  0x000011c8       0x10 ./src/main.o
 .debug_ranges  0x000011d8       0x18 ./src/DIAG/diag_appl_test/diag_adapt.o
 .debug_ranges  0x000011f0       0x18 ./src/DIAG/diag_can_tp/dcan_tp/i15765_init.o
 .debug_ranges  0x00001208       0x68 ./src/DIAG/diag_can_tp/dcan_tp/i15765_nl.o
 .debug_ranges  0x00001270       0x58 ./src/DIAG/diag_can_tp/dcan_tp/i15765_tp.o
 .debug_ranges  0x000012c8       0x50 ./src/DIAG/diag_can_uds/uds_session/uds_session.o
 .debug_ranges  0x00001318       0x18 ./src/DIAG/diag_common/diag_cil/can_callback.o
 .debug_ranges  0x00001330       0x30 ./src/DIAG/diag_common/diag_cil/can_if.o
 .debug_ranges  0x00001360       0x20 ./src/DIAG/diag_common/diag_scheduler/can_sched.o
 .debug_ranges  0x00001380       0x18 ./src/DIAG/diag_common/diag_scheduler/com_tasksched.o
 .debug_ranges  0x00001398       0x50 ./src/DIAG/diag_common/diag_utils/str_util.o

.comment        0x00000000       0x7e
 .comment       0x00000000       0x7e ./SDK/S32K148_SDK_4.0.1/platform/devices/S32K148/startup/system_S32K148.o
                                 0x7f (size before relaxing)
 .comment       0x0000007e       0x7f ./SDK/S32K148_SDK_4.0.1/platform/devices/startup.o
 .comment       0x0000007e       0x7f ./SDK/platform/drivers/src/clock/S32K1xx/clock_S32K1xx.o
 .comment       0x0000007e       0x7f ./SDK/platform/drivers/src/edma/edma_driver.o
 .comment       0x0000007e       0x7f ./SDK/platform/drivers/src/edma/edma_hw_access.o
 .comment       0x0000007e       0x7f ./SDK/platform/drivers/src/edma/edma_irq.o
 .comment       0x0000007e       0x7f ./SDK/platform/drivers/src/flash/flash_driver.o
 .comment       0x0000007e       0x7f ./SDK/platform/drivers/src/flexcan/flexcan_driver.o
 .comment       0x0000007e       0x7f ./SDK/platform/drivers/src/flexcan/flexcan_hw_access.o
 .comment       0x0000007e       0x7f ./SDK/platform/drivers/src/flexcan/flexcan_irq.o
 .comment       0x0000007e       0x7f ./SDK/platform/drivers/src/interrupt/interrupt_manager.o
 .comment       0x0000007e       0x7f ./SDK/platform/drivers/src/lptmr/lptmr_driver.o
 .comment       0x0000007e       0x7f ./SDK/platform/drivers/src/lptmr/lptmr_hw_access.o
 .comment       0x0000007e       0x7f ./SDK/platform/drivers/src/pins/pins_driver.o
 .comment       0x0000007e       0x7f ./SDK/platform/drivers/src/pins/pins_port_hw_access.o
 .comment       0x0000007e       0x7f ./SDK/rtos/osif/osif_baremetal.o
 .comment       0x0000007e       0x7f ./board/clock_config.o
 .comment       0x0000007e       0x7f ./board/peripherals_flash_1.o
 .comment       0x0000007e       0x7f ./board/peripherals_flexcan_config_1.o
 .comment       0x0000007e       0x7f ./board/peripherals_lptmr_1.o
 .comment       0x0000007e       0x7f ./board/pin_mux.o
 .comment       0x0000007e       0x7f ./src/Board_Init.o
 .comment       0x0000007e       0x7f ./src/CAN.o
 .comment       0x0000007e       0x7f ./src/Flash_EEPROM.o
 .comment       0x0000007e       0x7f ./src/Timer.o
 .comment       0x0000007e       0x7f ./src/main.o
 .comment       0x0000007e       0x7f ./src/DIAG/diag_appl_test/diag_adapt.o
 .comment       0x0000007e       0x7f ./src/DIAG/diag_can_tp/conf/i15765_conf.o
 .comment       0x0000007e       0x7f ./src/DIAG/diag_can_tp/dcan_tp/i15765_init.o
 .comment       0x0000007e       0x7f ./src/DIAG/diag_can_tp/dcan_tp/i15765_nl.o
 .comment       0x0000007e       0x7f ./src/DIAG/diag_can_tp/dcan_tp/i15765_tp.o
 .comment       0x0000007e       0x7f ./src/DIAG/diag_can_uds/conf/uds_conf.o
 .comment       0x0000007e       0x7f ./src/DIAG/diag_can_uds/uds_session/uds_session.o
 .comment       0x0000007e       0x7f ./src/DIAG/diag_common/diag_cil/can_callback.o
 .comment       0x0000007e       0x7f ./src/DIAG/diag_common/diag_cil/can_if.o
 .comment       0x0000007e       0x7f ./src/DIAG/diag_common/diag_cil/conf/cil_can_conf.o
 .comment       0x0000007e       0x7f ./src/DIAG/diag_common/diag_scheduler/can_sched.o
 .comment       0x0000007e       0x7f ./src/DIAG/diag_common/diag_scheduler/com_tasksched.o
 .comment       0x0000007e       0x7f ./src/DIAG/diag_common/diag_scheduler/conf/can_sched_conf.o
 .comment       0x0000007e       0x7f ./src/DIAG/diag_common/diag_utils/diag_typedefs.o
 .comment       0x0000007e       0x7f ./src/DIAG/diag_common/diag_utils/str_util.o

.debug_frame    0x00000000     0x24b4
 .debug_frame   0x00000000       0x40 ./SDK/S32K148_SDK_4.0.1/platform/devices/S32K148/startup/system_S32K148.o
 .debug_frame   0x00000040       0x2c ./SDK/S32K148_SDK_4.0.1/platform/devices/startup.o
 .debug_frame   0x0000006c      0x3c8 ./SDK/platform/drivers/src/clock/S32K1xx/clock_S32K1xx.o
 .debug_frame   0x00000434      0x388 ./SDK/platform/drivers/src/edma/edma_driver.o
 .debug_frame   0x000007bc      0x144 ./SDK/platform/drivers/src/edma/edma_hw_access.o
 .debug_frame   0x00000900      0x1ac ./SDK/platform/drivers/src/edma/edma_irq.o
 .debug_frame   0x00000aac      0x398 ./SDK/platform/drivers/src/flash/flash_driver.o
 .debug_frame   0x00000e44      0x530 ./SDK/platform/drivers/src/flexcan/flexcan_driver.o
 .debug_frame   0x00001374      0x2a0 ./SDK/platform/drivers/src/flexcan/flexcan_hw_access.o
 .debug_frame   0x00001614      0x148 ./SDK/platform/drivers/src/flexcan/flexcan_irq.o
 .debug_frame   0x0000175c       0xd8 ./SDK/platform/drivers/src/interrupt/interrupt_manager.o
 .debug_frame   0x00001834      0x198 ./SDK/platform/drivers/src/lptmr/lptmr_driver.o
 .debug_frame   0x000019cc       0x20 ./SDK/platform/drivers/src/lptmr/lptmr_hw_access.o
 .debug_frame   0x000019ec      0x1e4 ./SDK/platform/drivers/src/pins/pins_driver.o
 .debug_frame   0x00001bd0       0x98 ./SDK/platform/drivers/src/pins/pins_port_hw_access.o
 .debug_frame   0x00001c68       0xf8 ./SDK/rtos/osif/osif_baremetal.o
 .debug_frame   0x00001d60       0x28 ./src/Board_Init.o
 .debug_frame   0x00001d88       0x80 ./src/CAN.o
 .debug_frame   0x00001e08       0x94 ./src/Flash_EEPROM.o
 .debug_frame   0x00001e9c       0x38 ./src/Timer.o
 .debug_frame   0x00001ed4       0x28 ./src/main.o