Archive member included to satisfy reference by file (symbol)

c:/nxp/s32ds.3.5/s32ds/build_tools/gcc_b1620/gcc-6.3-arm32-eabi/bin/../lib/gcc/arm-none-eabi/6.3.1/thumb/v6-m\libgcc.a(_udivsi3.o)
                              ./SDK/S32K116_SDK_4.0.1/platform/devices/S32K116/startup/system_S32K116.o (__aeabi_uidiv)
c:/nxp/s32ds.3.5/s32ds/build_tools/gcc_b1620/gcc-6.3-arm32-eabi/bin/../lib/gcc/arm-none-eabi/6.3.1/thumb/v6-m\libgcc.a(_dvmd_tls.o)
                              c:/nxp/s32ds.3.5/s32ds/build_tools/gcc_b1620/gcc-6.3-arm32-eabi/bin/../lib/gcc/arm-none-eabi/6.3.1/thumb/v6-m\libgcc.a(_udivsi3.o) (__aeabi_idiv0)
c:/nxp/s32ds.3.5/s32ds/build_tools/gcc_b1620/gcc-6.3-arm32-eabi/bin/../lib/gcc/arm-none-eabi/6.3.1/thumb/v6-m\libgcc.a(_aeabi_uldivmod.o)
                              ./SDK/platform/drivers/src/lptmr/lptmr_driver.o (__aeabi_uldivmod)
c:/nxp/s32ds.3.5/s32ds/build_tools/gcc_b1620/gcc-6.3-arm32-eabi/bin/../lib/gcc/arm-none-eabi/6.3.1/thumb/v6-m\libgcc.a(_muldi3.o)
                              ./SDK/platform/drivers/src/lptmr/lptmr_driver.o (__aeabi_lmul)
c:/nxp/s32ds.3.5/s32ds/build_tools/gcc_b1620/gcc-6.3-arm32-eabi/bin/../lib/gcc/arm-none-eabi/6.3.1/thumb/v6-m\libgcc.a(_udivmoddi4.o)
                              c:/nxp/s32ds.3.5/s32ds/build_tools/gcc_b1620/gcc-6.3-arm32-eabi/bin/../lib/gcc/arm-none-eabi/6.3.1/thumb/v6-m\libgcc.a(_aeabi_uldivmod.o) (__udivmoddi4)
c:/nxp/s32ds.3.5/s32ds/build_tools/gcc_b1620/gcc-6.3-arm32-eabi/bin/../lib/gcc/arm-none-eabi/6.3.1/thumb/v6-m\libgcc.a(_clzdi2.o)
                              c:/nxp/s32ds.3.5/s32ds/build_tools/gcc_b1620/gcc-6.3-arm32-eabi/bin/../lib/gcc/arm-none-eabi/6.3.1/thumb/v6-m\libgcc.a(_udivmoddi4.o) (__clzdi2)
c:/nxp/s32ds.3.5/s32ds/build_tools/gcc_b1620/gcc-6.3-arm32-eabi/bin/../lib/gcc/arm-none-eabi/6.3.1/thumb/v6-m\libgcc.a(_clzsi2.o)
                              c:/nxp/s32ds.3.5/s32ds/build_tools/gcc_b1620/gcc-6.3-arm32-eabi/bin/../lib/gcc/arm-none-eabi/6.3.1/thumb/v6-m\libgcc.a(_clzdi2.o) (__clzsi2)
C:/NXP/S32DS.3.5/S32DS/build_tools/gcc_b1620/gcc-6.3-arm32-eabi/arm-none-eabi/newlib/lib/thumb/v6-m\libc_nano.a(lib_a-exit.o)
                              C:/NXP/S32DS.3.5/S32DS/build_tools/gcc_b1620/gcc-6.3-arm32-eabi/arm-none-eabi/newlib/lib/thumb/v6-m/crt0.o (exit)
C:/NXP/S32DS.3.5/S32DS/build_tools/gcc_b1620/gcc-6.3-arm32-eabi/arm-none-eabi/newlib/lib/thumb/v6-m\libc_nano.a(lib_a-impure.o)
                              C:/NXP/S32DS.3.5/S32DS/build_tools/gcc_b1620/gcc-6.3-arm32-eabi/arm-none-eabi/newlib/lib/thumb/v6-m\libc_nano.a(lib_a-exit.o) (_global_impure_ptr)
C:/NXP/S32DS.3.5/S32DS/build_tools/gcc_b1620/gcc-6.3-arm32-eabi/arm-none-eabi/newlib/lib/thumb/v6-m\libc_nano.a(lib_a-init.o)
                              C:/NXP/S32DS.3.5/S32DS/build_tools/gcc_b1620/gcc-6.3-arm32-eabi/arm-none-eabi/newlib/lib/thumb/v6-m/crt0.o (__libc_init_array)
C:/NXP/S32DS.3.5/S32DS/build_tools/gcc_b1620/gcc-6.3-arm32-eabi/arm-none-eabi/newlib/lib/thumb/v6-m\libc_nano.a(lib_a-memset.o)
                              C:/NXP/S32DS.3.5/S32DS/build_tools/gcc_b1620/gcc-6.3-arm32-eabi/arm-none-eabi/newlib/lib/thumb/v6-m/crt0.o (memset)
C:/NXP/S32DS.3.5/S32DS/build_tools/gcc_b1620/gcc-6.3-arm32-eabi/arm-none-eabi/newlib/lib/thumb/v6-m\libc_nano.a(lib_a-rand.o)
                              ./src/DIAG/diag_can_uds/uds_serv27/iso14229_serv27.o (rand)
C:/NXP/S32DS.3.5/S32DS/build_tools/gcc_b1620/gcc-6.3-arm32-eabi/arm-none-eabi/newlib/lib/thumb/v6-m\libc_nano.a(lib_a-malloc.o)
                              C:/NXP/S32DS.3.5/S32DS/build_tools/gcc_b1620/gcc-6.3-arm32-eabi/arm-none-eabi/newlib/lib/thumb/v6-m\libc_nano.a(lib_a-rand.o) (malloc)
C:/NXP/S32DS.3.5/S32DS/build_tools/gcc_b1620/gcc-6.3-arm32-eabi/arm-none-eabi/newlib/lib/thumb/v6-m\libc_nano.a(lib_a-nano-freer.o)
                              C:/NXP/S32DS.3.5/S32DS/build_tools/gcc_b1620/gcc-6.3-arm32-eabi/arm-none-eabi/newlib/lib/thumb/v6-m\libc_nano.a(lib_a-malloc.o) (_free_r)
C:/NXP/S32DS.3.5/S32DS/build_tools/gcc_b1620/gcc-6.3-arm32-eabi/arm-none-eabi/newlib/lib/thumb/v6-m\libc_nano.a(lib_a-nano-mallocr.o)
                              C:/NXP/S32DS.3.5/S32DS/build_tools/gcc_b1620/gcc-6.3-arm32-eabi/arm-none-eabi/newlib/lib/thumb/v6-m\libc_nano.a(lib_a-malloc.o) (_malloc_r)
C:/NXP/S32DS.3.5/S32DS/build_tools/gcc_b1620/gcc-6.3-arm32-eabi/arm-none-eabi/newlib/lib/thumb/v6-m\libc_nano.a(lib_a-sbrkr.o)
                              C:/NXP/S32DS.3.5/S32DS/build_tools/gcc_b1620/gcc-6.3-arm32-eabi/arm-none-eabi/newlib/lib/thumb/v6-m\libc_nano.a(lib_a-nano-mallocr.o) (_sbrk_r)
C:/NXP/S32DS.3.5/S32DS/build_tools/gcc_b1620/gcc-6.3-arm32-eabi/arm-none-eabi/newlib/lib/thumb/v6-m\libc_nano.a(lib_a-mlock.o)
                              C:/NXP/S32DS.3.5/S32DS/build_tools/gcc_b1620/gcc-6.3-arm32-eabi/arm-none-eabi/newlib/lib/thumb/v6-m\libc_nano.a(lib_a-nano-freer.o) (__malloc_lock)
C:/NXP/S32DS.3.5/S32DS/build_tools/gcc_b1620/gcc-6.3-arm32-eabi/arm-none-eabi/newlib/lib/thumb/v6-m\libc_nano.a(lib_a-reent.o)
[...]
Memory Configuration

Name             Origin             Length             Attributes
m_interrupts     0x00000000         0x000000c0         xr
m_flash_config   0x00000400         0x00000010         xr
m_text           0x00000410         0x0001fbf0         xr
m_custom         0x1ffffc00         0x00000400         rw
m_data           0x20000000         0x000020c0         rw
m_data_2         0x200020c0         0x00001740         rw
*default*        0x00000000         0xffffffff

Linker script and memory map

LOAD c:/nxp/s32ds.3.5/s32ds/build_tools/gcc_b1620/gcc-6.3-arm32-eabi/bin/../lib/gcc/arm-none-eabi/6.3.1/thumb/v6-m/crti.o
LOAD c:/nxp/s32ds.3.5/s32ds/build_tools/gcc_b1620/gcc-6.3-arm32-eabi/bin/../lib/gcc/arm-none-eabi/6.3.1/thumb/v6-m/crtbegin.o
LOAD C:/NXP/S32DS.3.5/S32DS/build_tools/gcc_b1620/gcc-6.3-arm32-eabi/arm-none-eabi/newlib/lib/thumb/v6-m/crt0.o
LOAD ./Project_Settings/Startup_Code/startup_S32K116.o
LOAD ./SDK/S32K116_SDK_4.0.1/platform/devices/S32K116/startup/system_S32K116.o
LOAD ./SDK/S32K116_SDK_4.0.1/platform/devices/startup.o
LOAD ./SDK/platform/drivers/src/clock/S32K1xx/clock_S32K1xx.o
LOAD ./SDK/platform/drivers/src/edma/edma_driver.o
LOAD ./SDK/platform/drivers/src/edma/edma_hw_access.o
LOAD ./SDK/platform/drivers/src/edma/edma_irq.o
LOAD ./SDK/platform/drivers/src/flash/flash_driver.o
LOAD ./SDK/platform/drivers/src/flexcan/flexcan_driver.o
LOAD ./SDK/platform/drivers/src/flexcan/flexcan_hw_access.o
LOAD ./SDK/platform/drivers/src/flexcan/flexcan_irq.o
LOAD ./SDK/platform/drivers/src/interrupt/interrupt_manager.o
LOAD ./SDK/platform/drivers/src/lptmr/lptmr_driver.o
LOAD ./SDK/platform/drivers/src/lptmr/lptmr_hw_access.o
LOAD ./SDK/platform/drivers/src/pins/pins_driver.o
LOAD ./SDK/platform/drivers/src/pins/pins_port_hw_access.o
LOAD ./SDK/rtos/osif/osif_baremetal.o
LOAD ./board/clock_config.o
LOAD ./board/peripherals_edma_config_1.o
LOAD ./board/peripherals_flash_1.o
LOAD ./board/peripherals_flexcan_config_1.o
LOAD ./board/peripherals_lptmr_1.o
LOAD ./board/peripherals_osif_1.o
LOAD ./board/pin_mux.o
LOAD ./src/Board_Init.o
LOAD ./src/CAN.o
LOAD ./src/Flash_EEPROM.o
LOAD ./src/Timer.o
LOAD ./src/main.o
LOAD ./src/DIAG/diag_appl_test/diag_adapt.o
LOAD ./src/DIAG/diag_appl_test/diag_appl_test.o
LOAD ./src/DIAG/diag_can_tp/conf/i15765_conf.o
LOAD ./src/DIAG/diag_can_tp/dcan_tp/i15765_init.o
LOAD ./src/DIAG/diag_can_tp/dcan_tp/i15765_nl.o
LOAD ./src/DIAG/diag_can_tp/dcan_tp/i15765_tp.o
LOAD ./src/DIAG/diag_can_uds/conf/uds_conf.o
LOAD ./src/DIAG/diag_can_uds/uds_serv10/iso14229_serv10.o
LOAD ./src/DIAG/diag_can_uds/uds_serv11/iso14229_serv11.o
LOAD ./src/DIAG/diag_can_uds/uds_serv27/iso14229_serv27.o
LOAD ./src/DIAG/diag_can_uds/uds_session/uds_session.o
LOAD ./src/DIAG/diag_common/diag_cil/can_callback.o
LOAD ./src/DIAG/diag_common/diag_cil/can_if.o
LOAD ./src/DIAG/diag_common/diag_cil/cil_nvm.o
LOAD ./src/DIAG/diag_common/diag_cil/conf/cil_can_conf.o
LOAD ./src/DIAG/diag_common/diag_scheduler/can_sched.o
LOAD ./src/DIAG/diag_common/diag_scheduler/com_tasksched.o
LOAD ./src/DIAG/diag_common/diag_scheduler/conf/can_sched_conf.o
LOAD ./src/DIAG/diag_common/diag_utils/crc_util.o
LOAD ./src/DIAG/diag_common/diag_utils/diag_typedefs.o
LOAD ./src/DIAG/diag_common/diag_utils/math_util.o
LOAD ./src/DIAG/diag_common/diag_utils/str_util.o
LOAD ./src/DIAG/diag_common/diag_utils/utils.o
LOAD ./src/DIAG/diag_common/fee_adapt/conf/fee_conf.o
LOAD ./src/DIAG/diag_common/fee_adapt/fee_adapt.o
START GROUP
LOAD c:/nxp/s32ds.3.5/s32ds/build_tools/gcc_b1620/gcc-6.3-arm32-eabi/bin/../lib/gcc/arm-none-eabi/6.3.1/thumb/v6-m\libgcc.a
LOAD C:/NXP/S32DS.3.5/S32DS/build_tools/gcc_b1620/gcc-6.3-arm32-eabi/arm-none-eabi/newlib/lib/thumb/v6-m\libc_nano.a
END GROUP
START GROUP
LOAD c:/nxp/s32ds.3.5/s32ds/build_tools/gcc_b1620/gcc-6.3-arm32-eabi/bin/../lib/gcc/arm-none-eabi/6.3.1/thumb/v6-m\libgcc.a
LOAD C:/NXP/S32DS.3.5/S32DS/build_tools/gcc_b1620/gcc-6.3-arm32-eabi/arm-none-eabi/newlib/lib/thumb/v6-m\libc_nano.a
LOAD C:/NXP/S32DS.3.5/S32DS/build_tools/gcc_b1620/gcc-6.3-arm32-eabi/arm-none-eabi/newlib/lib/thumb/v6-m\libnosys.a
END GROUP
START GROUP
LOAD c:/nxp/s32ds.3.5/s32ds/build_tools/gcc_b1620/gcc-6.3-arm32-eabi/bin/../lib/gcc/arm-none-eabi/6.3.1/thumb/v6-m\libgcc.a
LOAD C:/NXP/S32DS.3.5/S32DS/build_tools/gcc_b1620/gcc-6.3-arm32-eabi/arm-none-eabi/newlib/lib/thumb/v6-m\libc_nano.a
LOAD C:/NXP/S32DS.3.5/S32DS/build_tools/gcc_b1620/gcc-6.3-arm32-eabi/arm-none-eabi/newlib/lib/thumb/v6-m\libnosys.a
END GROUP
LOAD c:/nxp/s32ds.3.5/s32ds/build_tools/gcc_b1620/gcc-6.3-arm32-eabi/bin/../lib/gcc/arm-none-eabi/6.3.1/thumb/v6-m/crtend.o
LOAD c:/nxp/s32ds.3.5/s32ds/build_tools/gcc_b1620/gcc-6.3-arm32-eabi/bin/../lib/gcc/arm-none-eabi/6.3.1/thumb/v6-m/crtn.o
                0x00000200                HEAP_SIZE = DEFINED (__heap_size__)?__heap_size__:0x200
                0x00000200                STACK_SIZE = DEFINED (__stack_size__)?__stack_size__:0x200
                0x000000c0                M_VECTOR_RAM_SIZE = DEFINED (__flash_vector_table__)?0x0:0xc0

.interrupts     0x00000000       0xc0
                0x00000000                __VECTOR_TABLE = .
                0x00000000                __interrupts_start__ = .
                0x00000000                . = ALIGN (0x4)
 *(.isr_vector)
 .isr_vector    0x00000000       0xc0 ./Project_Settings/Startup_Code/startup_S32K116.o
                0x00000000                __isr_vector
                0x000000c0                __interrupts_end__ = .
                0x000000c0                . = ALIGN (0x4)

.flash_config   0x00000400       0x10
                0x00000400                . = ALIGN (0x4)
 *(.FlashConfig)
 .FlashConfig   0x00000400       0x10 ./Project_Settings/Startup_Code/startup_S32K116.o
                0x00000410                . = ALIGN (0x4)

.text           0x00000410     0x5028
                0x00000410                . = ALIGN (0x4)
 *(.text)
 .text          0x00000410       0x44 ./Project_Settings/Startup_Code/startup_S32K116.o
                0x00000410                Reset_Handler
                0x00000450                ERM_fault_IRQHandler
                0x00000450                PendSV_Handler
                0x00000450                NMI_Handler
                0x00000450                LPIT0_IRQHandler
                0x00000450                ADC0_IRQHandler
                0x00000450                FTM0_Ovf_Reload_IRQHandler
                0x00000450                FTM1_Ch0_7_IRQHandler
                0x00000450                DefaultISR
                0x00000450                SCG_CMU_LVD_LVWSCG_IRQHandler
                0x00000450                FTM0_Ch0_7_IRQHandler
                0x00000450                RTC_IRQHandler
                0x00000450                PDB0_IRQHandler
                0x00000450                HardFault_Handler
                0x00000450                Reserved27_IRQHandler
                0x00000450                LPUART1_RxTx_IRQHandler
                0x00000450                RTC_Seconds_IRQHandler
                0x00000450                FTFC_IRQHandler
                0x00000450                LPSPI0_IRQHandler
                0x00000450                FTM0_Fault_IRQHandler
                0x00000450                SVC_Handler
                0x00000450                RCM_IRQHandler
                0x00000450                FTM1_Fault_IRQHandler
                0x00000450                LPI2C0_Master_Slave_IRQHandler
                0x00000450                LPUART0_RxTx_IRQHandler
                0x00000450                WDOG_IRQHandler
                0x00000450                LPTMR0_IRQHandler
                0x00000450                FTM1_Ovf_Reload_IRQHandler
                0x00000450                CMP0_IRQHandler
                0x00000450                PORT_IRQHandler
                0x00000450                FLEXIO_IRQHandler
 .text          0x00000454      0x114 c:/nxp/s32ds.3.5/s32ds/build_tools/gcc_b1620/gcc-6.3-arm32-eabi/bin/../lib/gcc/arm-none-eabi/6.3.1/thumb/v6-m\libgcc.a(_udivsi3.o)
                0x00000454                __aeabi_uidiv
                0x00000454                __udivsi3
                0x00000560                __aeabi_uidivmod
 .text          0x00000568        0x4 c:/nxp/s32ds.3.5/s32ds/build_tools/gcc_b1620/gcc-6.3-arm32-eabi/bin/../lib/gcc/arm-none-eabi/6.3.1/thumb/v6-m\libgcc.a(_dvmd_tls.o)
                0x00000568                __aeabi_idiv0
                0x00000568                __aeabi_ldiv0
 .text          0x0000056c       0x40 c:/nxp/s32ds.3.5/s32ds/build_tools/gcc_b1620/gcc-6.3-arm32-eabi/bin/../lib/gcc/arm-none-eabi/6.3.1/thumb/v6-m\libgcc.a(_aeabi_uldivmod.o)
                0x0000056c                __aeabi_uldivmod
 .text          0x000005ac       0x54 c:/nxp/s32ds.3.5/s32ds/build_tools/gcc_b1620/gcc-6.3-arm32-eabi/bin/../lib/gcc/arm-none-eabi/6.3.1/thumb/v6-m\libgcc.a(_muldi3.o)
                0x000005ac                __muldi3
                0x000005ac                __aeabi_lmul
 .text          0x00000600      0x180 c:/nxp/s32ds.3.5/s32ds/build_tools/gcc_b1620/gcc-6.3-arm32-eabi/bin/../lib/gcc/arm-none-eabi/6.3.1/thumb/v6-m\libgcc.a(_udivmoddi4.o)
                0x00000600                __udivmoddi4
 .text          0x00000780       0x18 c:/nxp/s32ds.3.5/s32ds/build_tools/gcc_b1620/gcc-6.3-arm32-eabi/bin/../lib/gcc/arm-none-eabi/6.3.1/thumb/v6-m\libgcc.a(_clzdi2.o)
                0x00000780                __clzdi2
 .text          0x00000798       0x3c c:/nxp/s32ds.3.5/s32ds/build_tools/gcc_b1620/gcc-6.3-arm32-eabi/bin/../lib/gcc/arm-none-eabi/6.3.1/thumb/v6-m\libgcc.a(_clzsi2.o)
                0x00000798                __clzsi2
 *(.text*)
 .text.SystemInit
                0x000007d4       0x24 ./SDK/S32K116_SDK_4.0.1/platform/devices/S32K116/startup/system_S32K116.o
                0x000007d4                SystemInit
 .text.init_data_bss
                0x000007f8       0xdc ./SDK/S32K116_SDK_4.0.1/platform/devices/startup.o
                0x000007f8                init_data_bss
 .text.CLOCK_SYS_GetCurrentRunMode
                0x000008d4       0x28 ./SDK/platform/drivers/src/clock/S32K1xx/clock_S32K1xx.o
 .text.CLOCK_SYS_GetSysOscFreq
                0x000008fc       0x1c ./SDK/platform/drivers/src/clock/S32K1xx/clock_S32K1xx.o
 .text.CLOCK_SYS_ConfigureSOSC
                0x00000918      0x124 ./SDK/platform/drivers/src/clock/S32K1xx/clock_S32K1xx.o
 .text.CLOCK_SYS_GetSircFreq
                0x00000a3c       0x28 ./SDK/platform/drivers/src/clock/S32K1xx/clock_S32K1xx.o
 .text.CLOCK_SYS_ConfigureSIRC
                0x00000a64       0xc4 ./SDK/platform/drivers/src/clock/S32K1xx/clock_S32K1xx.o
 .text.CLOCK_SYS_GetFircFreq
                0x00000b28       0x24 ./SDK/platform/drivers/src/clock/S32K1xx/clock_S32K1xx.o
 .text.CLOCK_SYS_ConfigureFIRC
                0x00000b4c       0xb4 ./SDK/platform/drivers/src/clock/S32K1xx/clock_S32K1xx.o
 .text.CLOCK_SYS_GetSysPllFreq
                0x00000c00       0x40 ./SDK/platform/drivers/src/clock/S32K1xx/clock_S32K1xx.o
 .text.CLOCK_SYS_ConfigureSPLL
                0x00000c40      0x108 ./SDK/platform/drivers/src/clock/S32K1xx/clock_S32K1xx.o
 .text.CLOCK_SYS_SetSystemClockConfig
                0x00000d48      0x1d4 ./SDK/platform/drivers/src/clock/S32K1xx/clock_S32K1xx.o
 .text.CLOCK_SYS_TransitionSystemClock
                0x00000f1c       0x3c ./SDK/platform/drivers/src/clock/S32K1xx/clock_S32K1xx.o
 .text.CLOCK_SYS_GetSystemClockFreq
                0x00000f58       0x7c ./SDK/platform/drivers/src/clock/S32K1xx/clock_S32K1xx.o
 .text.CLOCK_SYS_GetQspiIpgClk
                0x00000fd4       0x30 ./SDK/platform/drivers/src/clock/S32K1xx/clock_S32K1xx.o
 .text.CLOCK_SYS_GetScgClkOutFreq
                0x00001004       0x48 ./SDK/platform/drivers/src/clock/S32K1xx/clock_S32K1xx.o
 .text.CLOCK_SYS_GetSysAsyncFreq
                0x0000104c       0xf0 ./SDK/platform/drivers/src/clock/S32K1xx/clock_S32K1xx.o
 .text.CLOCK_SYS_GetSimRtcClkFreq
                0x0000113c       0x50 ./SDK/platform/drivers/src/clock/S32K1xx/clock_S32K1xx.o
 .text.CLOCK_SYS_GetQSPIInternalReferenceClock
                0x0000118c       0x3c ./SDK/platform/drivers/src/clock/S32K1xx/clock_S32K1xx.o
 .text.CLOCK_SYS_GetLpoFreq
                0x000011c8       0x4c ./SDK/platform/drivers/src/clock/S32K1xx/clock_S32K1xx.o
 .text.CLOCK_SYS_GetSimClkOutFreq
                0x00001214       0xdc ./SDK/platform/drivers/src/clock/S32K1xx/clock_S32K1xx.o
 .text.CLOCK_SYS_GetSimClockFreq
                0x000012f0      0x288 ./SDK/platform/drivers/src/clock/S32K1xx/clock_S32K1xx.o
 .text.CLOCK_SYS_GetPeripheralClock
                0x00001578      0x108 ./SDK/platform/drivers/src/clock/S32K1xx/clock_S32K1xx.o
 .text.CLOCK_DRV_Init
                0x00001680      0x6d0 ./SDK/platform/drivers/src/clock/S32K1xx/clock_S32K1xx.o
                0x00001680                CLOCK_DRV_Init
 .text.CLOCK_DRV_GetFreq
                0x00001d50      0x220 ./SDK/platform/drivers/src/clock/S32K1xx/clock_S32K1xx.o
                0x00001d50                CLOCK_DRV_GetFreq
 .text.CLOCK_SYS_GetFreq
                0x00001f70        0x8 ./SDK/platform/drivers/src/clock/S32K1xx/clock_S32K1xx.o
                0x00001f70                CLOCK_SYS_GetFreq
 .text.EDMA_DRV_IRQHandler
                0x00001f78       0x30 ./SDK/platform/drivers/src/edma/edma_driver.o
                0x00001f78                EDMA_DRV_IRQHandler
 .text.EDMA_DRV_ErrorIRQHandler
                0x00001fa8       0x44 ./SDK/platform/drivers/src/edma/edma_driver.o
                0x00001fa8                EDMA_DRV_ErrorIRQHandler
 .text.EDMA_DRV_StopChannel
                0x00001fec       0x18 ./SDK/platform/drivers/src/edma/edma_driver.o
                0x00001fec                EDMA_DRV_StopChannel
 .text.EDMA_DRV_GetDmaRegBaseAddr
                0x00002004        0x8 ./SDK/platform/drivers/src/edma/edma_driver.o
                0x00002004                EDMA_DRV_GetDmaRegBaseAddr
 .text.EDMA_SetDmaRequestCmd
                0x0000200c        0xc ./SDK/platform/drivers/src/edma/edma_hw_access.o
                0x0000200c                EDMA_SetDmaRequestCmd
 .text.DMA0_IRQHandler
                0x00002018        0xa ./SDK/platform/drivers/src/edma/edma_irq.o
                0x00002018                DMA0_IRQHandler
 .text.DMA1_IRQHandler
                0x00002022        0xa ./SDK/platform/drivers/src/edma/edma_irq.o
                0x00002022                DMA1_IRQHandler
 .text.DMA2_IRQHandler
                0x0000202c        0xa ./SDK/platform/drivers/src/edma/edma_irq.o
                0x0000202c                DMA2_IRQHandler
 .text.DMA3_IRQHandler
                0x00002036        0xa ./SDK/platform/drivers/src/edma/edma_irq.o
                0x00002036                DMA3_IRQHandler
 .text.DMA_Error_IRQHandler
                0x00002040       0x28 ./SDK/platform/drivers/src/edma/edma_irq.o
                0x00002040                DMA_Error_IRQHandler
 .text.FLASH_DRV_Init
                0x00002068      0x104 ./SDK/platform/drivers/src/flash/flash_driver.o
                0x00002068                FLASH_DRV_Init
 .text.FLASH_DRV_SetFlexRamFunction
                0x0000216c       0x70 ./SDK/platform/drivers/src/flash/flash_driver.o
                0x0000216c                FLASH_DRV_SetFlexRamFunction
 .text.FLASH_DRV_DEFlashPartition
                0x000021dc       0x40 ./SDK/platform/drivers/src/flash/flash_driver.o
                0x000021dc                FLASH_DRV_DEFlashPartition
 .text.FLEXCAN_StartSendData
                0x0000221c       0xb8 ./SDK/platform/drivers/src/flexcan/flexcan_driver.o
 .text.FLEXCAN_StartRxMessageBufferData
                0x000022d4       0x78 ./SDK/platform/drivers/src/flexcan/flexcan_driver.o
 .text.FLEXCAN_CompleteRxMessageFifoData
                0x0000234c       0xb8 ./SDK/platform/drivers/src/flexcan/flexcan_driver.o
 .text.FLEXCAN_CompleteTransfer
                0x00002404       0x38 ./SDK/platform/drivers/src/flexcan/flexcan_driver.o
 .text.FLEXCAN_DRV_SetRxMaskType
                0x0000243c       0x4c ./SDK/platform/drivers/src/flexcan/flexcan_driver.o
                0x0000243c                FLEXCAN_DRV_SetRxMaskType
 .text.FLEXCAN_DRV_SetRxIndividualMask
                0x00002488      0x188 ./SDK/platform/drivers/src/flexcan/flexcan_driver.o
                0x00002488                FLEXCAN_DRV_SetRxIndividualMask
 .text.FLEXCAN_DRV_Init
                0x00002610      0x358 ./SDK/platform/drivers/src/flexcan/flexcan_driver.o
                0x00002610                FLEXCAN_DRV_Init
 .text.FLEXCAN_DRV_ConfigTxMb
                0x00002968       0x54 ./SDK/platform/drivers/src/flexcan/flexcan_driver.o
                0x00002968                FLEXCAN_DRV_ConfigTxMb
 .text.FLEXCAN_DRV_Send
                0x000029bc       0x4c ./SDK/platform/drivers/src/flexcan/flexcan_driver.o
                0x000029bc                FLEXCAN_DRV_Send
 .text.FLEXCAN_DRV_ConfigRxMb
                0x00002a08       0x88 ./SDK/platform/drivers/src/flexcan/flexcan_driver.o
                0x00002a08                FLEXCAN_DRV_ConfigRxMb
 .text.FLEXCAN_DRV_Receive
                0x00002a90       0x30 ./SDK/platform/drivers/src/flexcan/flexcan_driver.o
                0x00002a90                FLEXCAN_DRV_Receive
 .text.FLEXCAN_Error_IRQHandler
                0x00002ac0       0x2c ./SDK/platform/drivers/src/flexcan/flexcan_driver.o
                0x00002ac0                FLEXCAN_Error_IRQHandler
 .text.FLEXCAN_WakeUpHandler
                0x00002aec       0x74 ./SDK/platform/drivers/src/flexcan/flexcan_driver.o
                0x00002aec                FLEXCAN_WakeUpHandler
 .text.FLEXCAN_IRQHandler
                0x00002b60      0x294 ./SDK/platform/drivers/src/flexcan/flexcan_driver.o
                0x00002b60                FLEXCAN_IRQHandler
 .text.FLEXCAN_DRV_InstallEventCallback
                0x00002df4       0x18 ./SDK/platform/drivers/src/flexcan/flexcan_driver.o
                0x00002df4                FLEXCAN_DRV_InstallEventCallback
 .text.FLEXCAN_ComputePayloadSize
                0x00002e0c       0x40 ./SDK/platform/drivers/src/flexcan/flexcan_hw_access.o
 .text.FLEXCAN_GetRxFifoMask
                0x00002e4c       0x64 ./SDK/platform/drivers/src/flexcan/flexcan_hw_access.o
                0x00002e4c                FLEXCAN_GetRxFifoMask
 .text.FLEXCAN_GetMaxMbNum
                0x00002eb0       0x30 ./SDK/platform/drivers/src/flexcan/flexcan_hw_access.o
                0x00002eb0                FLEXCAN_GetMaxMbNum
 .text.FLEXCAN_Enable
                0x00002ee0       0x34 ./SDK/platform/drivers/src/flexcan/flexcan_hw_access.o
                0x00002ee0                FLEXCAN_Enable
 .text.FLEXCAN_Disable
                0x00002f14       0x1c ./SDK/platform/drivers/src/flexcan/flexcan_hw_access.o
                0x00002f14                FLEXCAN_Disable
 .text.FLEXCAN_Init
                0x00002f30       0x70 ./SDK/platform/drivers/src/flexcan/flexcan_hw_access.o
                0x00002f30                FLEXCAN_Init
 .text.FLEXCAN_EnableRxFifo
                0x00002fa0       0x68 ./SDK/platform/drivers/src/flexcan/flexcan_hw_access.o
                0x00002fa0                FLEXCAN_EnableRxFifo
 .text.FLEXCAN_SetMsgBuffIntCmd
                0x00003008       0x22 ./SDK/platform/drivers/src/flexcan/flexcan_hw_access.o
                0x00003008                FLEXCAN_SetMsgBuffIntCmd
 *fill*         0x0000302a        0x2 
 .text.FLEXCAN_ExitFreezeMode
                0x0000302c       0x24 ./SDK/platform/drivers/src/flexcan/flexcan_hw_access.o
                0x0000302c                FLEXCAN_ExitFreezeMode
 .text.FLEXCAN_EnterFreezeMode
                0x00003050       0xa4 ./SDK/platform/drivers/src/flexcan/flexcan_hw_access.o
                0x00003050                FLEXCAN_EnterFreezeMode
 .text.FLEXCAN_ClearErrIntStatusFlag
                0x000030f4       0x14 ./SDK/platform/drivers/src/flexcan/flexcan_hw_access.o
                0x000030f4                FLEXCAN_ClearErrIntStatusFlag
 .text.FLEXCAN_ReadRxFifo
                0x00003108       0x9a ./SDK/platform/drivers/src/flexcan/flexcan_hw_access.o
                0x00003108                FLEXCAN_ReadRxFifo
 *fill*         0x000031a2        0x2 
 .text.FLEXCAN_SetOperationMode
                0x000031a4       0x78 ./SDK/platform/drivers/src/flexcan/flexcan_hw_access.o
                0x000031a4                FLEXCAN_SetOperationMode
 .text.FLEXCAN_IsOutOfRangeMbIdx
                0x0000321c       0x28 ./SDK/platform/drivers/src/flexcan/flexcan_hw_access.o
                0x0000321c                FLEXCAN_IsOutOfRangeMbIdx
 .text.FLEXCAN_SetPayloadSize
                0x00003244       0x20 ./SDK/platform/drivers/src/flexcan/flexcan_hw_access.o
                0x00003244                FLEXCAN_SetPayloadSize
 .text.FLEXCAN_GetPayloadSize
                0x00003264       0x1c ./SDK/platform/drivers/src/flexcan/flexcan_hw_access.o
                0x00003264                FLEXCAN_GetPayloadSize
 .text.FLEXCAN_GetMsgBuffRegion
                0x00003280       0x3c ./SDK/platform/drivers/src/flexcan/flexcan_hw_access.o
                0x00003280                FLEXCAN_GetMsgBuffRegion
 .text.FLEXCAN_SetTxMsgBuff
                0x000032bc      0x208 ./SDK/platform/drivers/src/flexcan/flexcan_hw_access.o
                0x000032bc                FLEXCAN_SetTxMsgBuff
 .text.FLEXCAN_SetRxMsgBuff
                0x000034c4       0xd4 ./SDK/platform/drivers/src/flexcan/flexcan_hw_access.o
                0x000034c4                FLEXCAN_SetRxMsgBuff
 .text.FLEXCAN_LockRxMsgBuff
                0x00003598        0xa ./SDK/platform/drivers/src/flexcan/flexcan_hw_access.o
                0x00003598                FLEXCAN_LockRxMsgBuff
 .text.FLEXCAN_GetMsgBuff
                0x000035a2       0xe0 ./SDK/platform/drivers/src/flexcan/flexcan_hw_access.o
                0x000035a2                FLEXCAN_GetMsgBuff
 .text.FLEXCAN_SetMaxMsgBuffNum
                0x00003682       0xa0 ./SDK/platform/drivers/src/flexcan/flexcan_hw_access.o
                0x00003682                FLEXCAN_SetMaxMsgBuffNum
 .text.CAN0_ORed_Err_Wakeup_IRQHandler
                0x00003722        0xa ./SDK/platform/drivers/src/flexcan/flexcan_irq.o
                0x00003722                CAN0_ORed_Err_Wakeup_IRQHandler
 .text.CAN0_ORed_0_31_MB_IRQHandler
                0x0000372c        0xa ./SDK/platform/drivers/src/flexcan/flexcan_irq.o
                0x0000372c                CAN0_ORed_0_31_MB_IRQHandler
 *fill*         0x00003736        0x2 
 .text.INT_SYS_InstallHandler
                0x00003738       0x40 ./SDK/platform/drivers/src/interrupt/interrupt_manager.o
                0x00003738                INT_SYS_InstallHandler
 .text.INT_SYS_EnableIRQ
                0x00003778       0x18 ./SDK/platform/drivers/src/interrupt/interrupt_manager.o
                0x00003778                INT_SYS_EnableIRQ
 .text.INT_SYS_EnableIRQGlobal
                0x00003790       0x1c ./SDK/platform/drivers/src/interrupt/interrupt_manager.o
                0x00003790                INT_SYS_EnableIRQGlobal
 .text.INT_SYS_DisableIRQGlobal
                0x000037ac       0x10 ./SDK/platform/drivers/src/interrupt/interrupt_manager.o
                0x000037ac                INT_SYS_DisableIRQGlobal
 .text.lptmr_GetClkFreq
                0x000037bc       0x30 ./SDK/platform/drivers/src/lptmr/lptmr_driver.o
 .text.LPTMR_DRV_SetConfig
                0x000037ec      0x208 ./SDK/platform/drivers/src/lptmr/lptmr_driver.o
                0x000037ec                LPTMR_DRV_SetConfig
 .text.LPTMR_DRV_Init
                0x000039f4       0x20 ./SDK/platform/drivers/src/lptmr/lptmr_driver.o
                0x000039f4                LPTMR_DRV_Init
 .text.LPTMR_DRV_StartCounter
                0x00003a14       0x14 ./SDK/platform/drivers/src/lptmr/lptmr_driver.o
                0x00003a14                LPTMR_DRV_StartCounter
 .text.LPTMR_Init
                0x00003a28       0x12 ./SDK/platform/drivers/src/lptmr/lptmr_hw_access.o
                0x00003a28                LPTMR_Init
 .text.PINS_DRV_Init
                0x00003a3a       0x1c ./SDK/platform/drivers/src/pins/pins_driver.o
                0x00003a3a                PINS_DRV_Init
 .text.PINS_DRV_ClearPins
                0x00003a56        0x4 ./SDK/platform/drivers/src/pins/pins_driver.o
                0x00003a56                PINS_DRV_ClearPins
 *fill*         0x00003a5a        0x2 
 .text.PINS_GetAdcInterleaveVal
                0x00003a5c       0x74 ./SDK/platform/drivers/src/pins/pins_port_hw_access.o
 .text.PINS_Init
                0x00003ad0      0x12c ./SDK/platform/drivers/src/pins/pins_port_hw_access.o
                0x00003ad0                PINS_Init
 .text.SysTick_Handler
                0x00003bfc       0x10 ./SDK/rtos/osif/osif_baremetal.o
                0x00003bfc                SysTick_Handler
 .text.OSIF_SemaPost
                0x00003c0c       0x26 ./SDK/rtos/osif/osif_baremetal.o
                0x00003c0c                OSIF_SemaPost
 .text.OSIF_SemaCreate
                0x00003c32       0x14 ./SDK/rtos/osif/osif_baremetal.o
                0x00003c32                OSIF_SemaCreate
 .text.OSIF_SemaDestroy
                0x00003c46        0x4 ./SDK/rtos/osif/osif_baremetal.o
                0x00003c46                OSIF_SemaDestroy
 *fill*         0x00003c4a        0x2 
 .text.Board_init
                0x00003c4c       0x2c ./src/Board_Init.o
                0x00003c4c                Board_init
 .text.flexcan0_Callback
                0x00003c78       0x28 ./src/CAN.o
                0x00003c78                flexcan0_Callback
 .text.FlexCAN_init
                0x00003ca0       0x88 ./src/CAN.o
                0x00003ca0                FlexCAN_init
 .text.SendCAN0_Data
                0x00003d28       0x42 ./src/CAN.o
                0x00003d28                SendCAN0_Data
 *fill*         0x00003d6a        0x2 
 .text.Flash_EEE_Partition_init
                0x00003d6c       0x4c ./src/Flash_EEPROM.o
                0x00003d6c                Flash_EEE_Partition_init
 .text.lptmrISR
                0x00003db8       0x38 ./src/Timer.o
                0x00003db8                lptmrISR
 .text.LPTMR_init_
                0x00003df0       0x2c ./src/Timer.o
                0x00003df0                LPTMR_init_
 .text.main     0x00003e1c       0x20 ./src/main.o
                0x00003e1c                main
 .text.Diag_Disable_Interrupts
                0x00003e3c        0x2 ./src/DIAG/diag_appl_test/diag_adapt.o
                0x00003e3c                Diag_Disable_Interrupts
 .text.Diag_Restore_Interrupts
                0x00003e3e        0x2 ./src/DIAG/diag_appl_test/diag_adapt.o
                0x00003e3e                Diag_Restore_Interrupts
 .text.DCAN_NL_Init
                0x00003e40       0x78 ./src/DIAG/diag_can_tp/dcan_tp/i15765_init.o
                0x00003e40                DCAN_NL_Init
 .text.DCAN_NL_RegisterCbk
                0x00003eb8        0xc ./src/DIAG/diag_can_tp/dcan_tp/i15765_init.o
                0x00003eb8                DCAN_NL_RegisterCbk
 .text.DCAN_NLIndication
                0x00003ec4       0x50 ./src/DIAG/diag_can_tp/dcan_tp/i15765_nl.o
 .text.DCAN_NLConfirm
                0x00003f14       0x58 ./src/DIAG/diag_can_tp/dcan_tp/i15765_nl.o
 .text.DCAN_NL_Proc_5ms
                0x00003f6c      0x400 ./src/DIAG/diag_can_tp/dcan_tp/i15765_nl.o
                0x00003f6c                DCAN_NL_Proc_5ms
 .text.DCAN_NL_RX
                0x0000436c      0x2d8 ./src/DIAG/diag_can_tp/dcan_tp/i15765_nl.o
                0x0000436c                DCAN_NL_RX
 .text.DCAN_NL_TX
                0x00004644      0x150 ./src/DIAG/diag_can_tp/dcan_tp/i15765_nl.o
                0x00004644                DCAN_NL_TX
 .text.CANSched_RxMsgCallback
                0x00004794       0x34 ./src/DIAG/diag_can_tp/dcan_tp/i15765_nl.o
                0x00004794                CANSched_RxMsgCallback
 .text.i15765_tp_init_buffers
                0x000047c8       0x30 ./src/DIAG/diag_can_tp/dcan_tp/i15765_tp.o
                0x000047c8                i15765_tp_init_buffers
 .text.clearBuffer
                0x000047f8       0x2c ./src/DIAG/diag_can_tp/dcan_tp/i15765_tp.o
                0x000047f8                clearBuffer
 .text.DCAN_TP_Init
                0x00004824       0x6c ./src/DIAG/diag_can_tp/dcan_tp/i15765_tp.o
                0x00004824                DCAN_TP_Init
 .text.DCAN_TP_Proc_5ms
                0x00004890      0x130 ./src/DIAG/diag_can_tp/dcan_tp/i15765_tp.o
                0x00004890                DCAN_TP_Proc_5ms
 .text.DCAN_TP_FFRecd
                0x000049c0       0x28 ./src/DIAG/diag_can_tp/dcan_tp/i15765_tp.o
                0x000049c0                DCAN_TP_FFRecd
 .text.DCAN_TP_NewReqRecd
                0x000049e8       0x4c ./src/DIAG/diag_can_tp/dcan_tp/i15765_tp.o
                0x000049e8                DCAN_TP_NewReqRecd
 .text.DCAN_TP_TxConf
                0x00004a34       0x20 ./src/DIAG/diag_can_tp/dcan_tp/i15765_tp.o
                0x00004a34                DCAN_TP_TxConf
 .text.DCAN_TP_TxErr
                0x00004a54       0x20 ./src/DIAG/diag_can_tp/dcan_tp/i15765_tp.o
                0x00004a54                DCAN_TP_TxErr
 .text.DCAN_TP_RxErr
                0x00004a74       0x30 ./src/DIAG/diag_can_tp/dcan_tp/i15765_tp.o
                0x00004a74                DCAN_TP_RxErr
 .text.DCAN_CommCbk
                0x00004aa4       0x58 ./src/DIAG/diag_can_tp/dcan_tp/i15765_tp.o
 .text.uds_session_proc_5ms
                0x00004afc      0x2f4 ./src/DIAG/diag_can_uds/uds_session/uds_session.o
                0x00004afc                uds_session_proc_5ms
 .text.servDistSetstr
                0x00004df0       0x2c ./src/DIAG/diag_can_uds/uds_session/uds_session.o
                0x00004df0                servDistSetstr
 .text.ServDistUDS_init
                0x00004e1c       0x18 ./src/DIAG/diag_can_uds/uds_session/uds_session.o
                0x00004e1c                ServDistUDS_init
 .text.DRV_CAN_Reg_CilCallBack
                0x00004e34        0xc ./src/DIAG/diag_common/diag_cil/can_callback.o
                0x00004e34                DRV_CAN_Reg_CilCallBack
 .text.CIL_CAN_HAL2CIL_IntCallBck
                0x00004e40       0x68 ./src/DIAG/diag_common/diag_cil/can_if.o
                0x00004e40                CIL_CAN_HAL2CIL_IntCallBck
 .text.CIL_CAN_Init
                0x00004ea8       0x28 ./src/DIAG/diag_common/diag_cil/can_if.o
                0x00004ea8                CIL_CAN_Init
 .text.CIL_CAN_Tx_AckMsg
                0x00004ed0       0x74 ./src/DIAG/diag_common/diag_cil/can_if.o
                0x00004ed0                CIL_CAN_Tx_AckMsg
 .text.CanSched_Init
                0x00004f44       0x14 ./src/DIAG/diag_common/diag_scheduler/can_sched.o
                0x00004f44                CanSched_Init
 .text.CanSched_5ms
                0x00004f58       0xa8 ./src/DIAG/diag_common/diag_scheduler/can_sched.o
                0x00004f58                CanSched_5ms
 .text.CanSched_RxCallBackInt
                0x00005000       0x44 ./src/DIAG/diag_common/diag_scheduler/can_sched.o
                0x00005000                CanSched_RxCallBackInt
 .text.Diag_TS_Init
                0x00005044       0x18 ./src/DIAG/diag_common/diag_scheduler/com_tasksched.o
                0x00005044                Diag_TS_Init
 .text.Diag_TS_Proc_5ms
                0x0000505c       0x14 ./src/DIAG/diag_common/diag_scheduler/com_tasksched.o
                0x0000505c                Diag_TS_Proc_5ms
 .text.CopyData
                0x00005070       0x14 ./src/DIAG/diag_common/diag_utils/str_util.o
                0x00005070                CopyData
 .text.memset   0x00005084       0x10 C:/NXP/S32DS.3.5/S32DS/build_tools/gcc_b1620/gcc-6.3-arm32-eabi/arm-none-eabi/newlib/lib/thumb/v6-m\libc_nano.a(lib_a-memset.o)
                0x00005084                memset
 *(.rodata)
 *(.rodata*)
 .rodata.clockNameMappings
                0x00005094       0xb8 ./SDK/platform/drivers/src/clock/S32K1xx/clock_S32K1xx.o
                0x00005094                clockNameMappings
 .rodata.maxSysClksInHSRUN.6717
                0x0000514c       0x54 ./SDK/platform/drivers/src/clock/S32K1xx/clock_S32K1xx.o
 .rodata.maxSysClksInRUN.6716
                0x000051a0       0x54 ./SDK/platform/drivers/src/clock/S32K1xx/clock_S32K1xx.o
 .rodata.maxSysClksInVLPR.6715
                0x000051f4       0x54 ./SDK/platform/drivers/src/clock/S32K1xx/clock_S32K1xx.o
 .rodata.peripheralFeaturesList
                0x00005248       0x5c ./SDK/platform/drivers/src/clock/S32K1xx/clock_S32K1xx.o
                0x00005248                peripheralFeaturesList
 .rodata.fdInstances.6262
                0x000052a4        0x3 ./SDK/platform/drivers/src/flexcan/flexcan_driver.o
 *fill*         0x000052a7        0x1 
 .rodata.g_flexcanBase
                0x000052a8        0xc ./SDK/platform/drivers/src/flexcan/flexcan_driver.o
 .rodata.g_flexcanBusOffIrqId
                0x000052b4        0x6 ./SDK/platform/drivers/src/flexcan/flexcan_driver.o
 *fill*         0x000052ba        0x2 
 .rodata.g_flexcanErrorIrqId
                0x000052bc        0x6 ./SDK/platform/drivers/src/flexcan/flexcan_driver.o
 *fill*         0x000052c2        0x2 
 .rodata.g_flexcanOredMessageBufferIrqId
                0x000052c4        0xc ./SDK/platform/drivers/src/flexcan/flexcan_driver.o
 .rodata.g_flexcanWakeUpIrqId
                0x000052d0        0x6 ./SDK/platform/drivers/src/flexcan/flexcan_driver.o
 *fill*         0x000052d6        0x2 
 .rodata.payload_code.6370
                0x000052d8       0x41 ./SDK/platform/drivers/src/flexcan/flexcan_hw_access.o
 *fill*         0x00005319        0x3 
 .rodata.Flash_InitConfig0
                0x0000531c       0x14 ./board/peripherals_flash_1.o
                0x0000531c                Flash_InitConfig0
 .rodata.lptmr_1_config0
                0x00005330       0x10 ./board/peripherals_lptmr_1.o
                0x00005330                lptmr_1_config0
 .rodata.DCAN_IsoTimings_st
                0x00005340       0x10 ./src/DIAG/diag_can_tp/conf/i15765_conf.o
                0x00005340                DCAN_IsoTimings_st
 .rodata.DCAN_TPTiming_St
                0x00005350        0x8 ./src/DIAG/diag_can_tp/conf/i15765_conf.o
                0x00005350                DCAN_TPTiming_St
 .rodata.DCAN_nlInputVector_st
                0x00005358       0x18 ./src/DIAG/diag_can_tp/conf/i15765_conf.o
                0x00005358                DCAN_nlInputVector_st
 .rodata.UDSServDist_apt
                0x00005370       0x30 ./src/DIAG/diag_can_uds/conf/uds_conf.o
                0x00005370                UDSServDist_apt
 .rodata.CIL_CAN_Conf_aSt
                0x000053a0       0x60 ./src/DIAG/diag_common/diag_cil/conf/cil_can_conf.o
                0x000053a0                CIL_CAN_Conf_aSt
 .rodata.CANSCHED_RX_Conf_aSt
                0x00005400       0x10 ./src/DIAG/diag_common/diag_scheduler/conf/can_sched_conf.o
                0x00005400                CANSCHED_RX_Conf_aSt
 .rodata.CANSCHED_TX_Conf_aSt
                0x00005410        0xc ./src/DIAG/diag_common/diag_scheduler/conf/can_sched_conf.o
                0x00005410                CANSCHED_TX_Conf_aSt
 *(.init)
 .init          0x0000541c        0x4 c:/nxp/s32ds.3.5/s32ds/build_tools/gcc_b1620/gcc-6.3-arm32-eabi/bin/../lib/gcc/arm-none-eabi/6.3.1/thumb/v6-m/crti.o
                0x0000541c                _init
 *(.fini)
 .fini          0x00005420        0x4 c:/nxp/s32ds.3.5/s32ds/build_tools/gcc_b1620/gcc-6.3-arm32-eabi/bin/../lib/gcc/arm-none-eabi/6.3.1/thumb/v6-m/crti.o
                0x00005420                _fini
 *fill*         0x00005424        0x4 
 .fini.__stub   0x00005428       0x10 linker stubs
 *(.eh_frame)
                0x00005438                . = ALIGN (0x4)

.glue_7         0x00005438        0x0
 .glue_7        0x00005438        0x0 linker stubs

.glue_7t        0x00005438        0x0
 .glue_7t       0x00005438        0x0 linker stubs

.vfp11_veneer   0x00005438        0x0
 .vfp11_veneer  0x00005438        0x0 linker stubs

.v4_bx          0x00005438        0x0
 .v4_bx         0x00005438        0x0 linker stubs

.iplt           0x00005438        0x0
 .iplt          0x00005438        0x0 ./Project_Settings/Startup_Code/startup_S32K116.o

.ARM            0x00005438        0x8
                0x00005438                __exidx_start = .
 *(.ARM.exidx*)
 .ARM.exidx     0x00005438        0x8 c:/nxp/s32ds.3.5/s32ds/build_tools/gcc_b1620/gcc-6.3-arm32-eabi/bin/../lib/gcc/arm-none-eabi/6.3.1/thumb/v6-m\libgcc.a(_udivmoddi4.o)
                0x00005440                __exidx_end = .
                0x00005440                __etext = .
                0x00005440                __DATA_ROM = .

.interrupts_ram
                0x20000000       0xc0
                0x20000000                . = ALIGN (0x4)
                0x20000000                __VECTOR_RAM__ = .
                0x20000000                __RAM_START = .
                0x20000000                __interrupts_ram_start__ = .
 *(.m_interrupts_ram)
                0x200000c0                . = (. + M_VECTOR_RAM_SIZE)
 *fill*         0x20000000       0xc0 
                0x200000c0                . = ALIGN (0x4)
                0x200000c0                __interrupts_ram_end__ = .
                0x20000000                __VECTOR_RAM = DEFINED (__flash_vector_table__)?ORIGIN (m_interrupts):__VECTOR_RAM__
                0x000000c0                __RAM_VECTOR_TABLE_SIZE = DEFINED (__flash_vector_table__)?0x0:(__interrupts_ram_end__ - __interrupts_ram_start__)

.data           0x200000c0      0x258 load address 0x00005440
                0x200000c0                . = ALIGN (0x4)
                0x200000c0                __DATA_RAM = .
                0x200000c0                __data_start__ = .
 *(.data)
 *(.data*)
 .data.peripheralClockConfig.6427
                0x200000c0       0xcd ./SDK/platform/drivers/src/clock/S32K1xx/clock_S32K1xx.o
 *fill*         0x2000018d        0x3 
 .data.clockMan1_InitConfig0
                0x20000190       0x98 ./board/clock_config.o
                0x20000190                clockMan1_InitConfig0
 .data.peripheralClockConfig0
                0x20000228       0x6e ./board/clock_config.o
                0x20000228                peripheralClockConfig0
 *fill*         0x20000296        0x2 
 .data.flexcanInitConfig0
                0x20000298       0x38 ./board/peripherals_flexcan_config_1.o
                0x20000298                flexcanInitConfig0
 .data.g_pin_mux_InitConfigArr0
                0x200002d0       0x30 ./board/pin_mux.o
                0x200002d0                g_pin_mux_InitConfigArr0
 .data.CAN_ID_info_t
                0x20000300       0x10 ./src/CAN.o
                0x20000300                CAN_ID_info_t
 .data.DCAN_TP_InstanceCANSignConf_aSt
                0x20000310        0x6 ./src/DIAG/diag_can_tp/conf/i15765_conf.o
                0x20000310                DCAN_TP_InstanceCANSignConf_aSt
                0x20000318                . = ALIGN (0x4)
 *fill*         0x20000316        0x2 
                0x20000318                __data_end__ = .
                0x00005698                __DATA_END = (__DATA_ROM + (__data_end__ - __data_start__))
                0x00005698                __CODE_ROM = __DATA_END

.igot.plt       0x20000318        0x0 load address 0x00005698
 .igot.plt      0x20000318        0x0 ./Project_Settings/Startup_Code/startup_S32K116.o

.code           0x20000318       0x38 load address 0x00005698
                0x20000318                . = ALIGN (0x4)
                0x20000318                __CODE_RAM = .
                0x20000318                __code_start__ = .
                0x20000318                __code_ram_start__ = .
 *(.code_ram)
 .code_ram      0x20000318       0x38 ./SDK/platform/drivers/src/flash/flash_driver.o
                0x20000350                . = ALIGN (0x4)
                0x20000350                __code_end__ = .
                0x20000350                __code_ram_end__ = .
                0x000056d0                __CODE_END = (__CODE_ROM + (__code_end__ - __code_start__))
                0x000056d0                __CUSTOM_ROM = __CODE_END

.rel.dyn        0x20000350        0x0 load address 0x000056d0
 .rel.iplt      0x20000350        0x0 ./Project_Settings/Startup_Code/startup_S32K116.o

.customSectionBlock
                0x1ffffc00        0x0 load address 0x000056d0
                0x1ffffc00                __customSectionStart = .
                0x1ffffc00                __customSection_start__ = .
 *(.customSection)
                0x1ffffc00                __customSection_end__ = .
                0x000056d0                __CUSTOM_END = (__CUSTOM_ROM + (__customSection_end__ - __customSection_start__))
                0x000056d0                __rom_end = __CUSTOM_END

.bss            0x200020c0      0x6f4
                0x200020c0                . = ALIGN (0x4)
                0x200020c0                __BSS_START = .
                0x200020c0                __bss_start__ = .
 *(.bss)
 *(.bss*)
 .bss.g_RtcClkInFreq
                0x200020c0        0x4 ./SDK/platform/drivers/src/clock/S32K1xx/clock_S32K1xx.o
                0x200020c0                g_RtcClkInFreq
 .bss.g_TClkFreq
                0x200020c4        0xc ./SDK/platform/drivers/src/clock/S32K1xx/clock_S32K1xx.o
                0x200020c4                g_TClkFreq
 .bss.g_xtal0ClkFreq
                0x200020d0        0x4 ./SDK/platform/drivers/src/clock/S32K1xx/clock_S32K1xx.o
                0x200020d0                g_xtal0ClkFreq
 .bss.s_virtEdmaState
                0x200020d4        0x4 ./SDK/platform/drivers/src/edma/edma_driver.o
 .bss.g_flexcanStatePtr
                0x200020d8        0xc ./SDK/platform/drivers/src/flexcan/flexcan_driver.o
 .bss.g_interruptDisableCount
                0x200020e4        0x4 ./SDK/platform/drivers/src/interrupt/interrupt_manager.o
 .bss.s_osif_tick_cnt
                0x200020e8        0x4 ./SDK/rtos/osif/osif_baremetal.o
 .bss.flexcanState0
                0x200020ec      0x114 ./board/peripherals_flexcan_config_1.o
                0x200020ec                flexcanState0
 .bss.RecvBuff1_St
                0x20002200       0x4c ./src/CAN.o
                0x20002200                RecvBuff1_St
 .bss.flashSSDConfig
                0x2000224c       0x1c ./src/Flash_EEPROM.o
                0x2000224c                flashSSDConfig
 .bss._1ms_Timer_Counter
                0x20002268        0x4 ./src/Timer.o
                0x20002268                _1ms_Timer_Counter
 .bss._5ms_TimerFlag
                0x2000226c        0x1 ./src/Timer.o
                0x2000226c                _5ms_TimerFlag
 *fill*         0x2000226d        0x3 
 .bss.CH1_nlFrameCtrl_st
                0x20002270       0x18 ./src/DIAG/diag_can_tp/dcan_tp/i15765_init.o
                0x20002270                CH1_nlFrameCtrl_st
 .bss.CH2_nlFrameCtrl_st
                0x20002288       0x18 ./src/DIAG/diag_can_tp/dcan_tp/i15765_init.o
                0x20002288                CH2_nlFrameCtrl_st
 .bss.CHBuffer_au8
                0x200022a0        0x8 ./src/DIAG/diag_can_tp/dcan_tp/i15765_init.o
                0x200022a0                CHBuffer_au8
 .bss.DCAN_ApplCbk
                0x200022a8        0x4 ./src/DIAG/diag_can_tp/dcan_tp/i15765_init.o
                0x200022a8                DCAN_ApplCbk
 .bss.DCAN_CH1_nlDataBuffer
                0x200022ac       0xff ./src/DIAG/diag_can_tp/dcan_tp/i15765_init.o
                0x200022ac                DCAN_CH1_nlDataBuffer
 *fill*         0x200023ab        0x1 
 .bss.DCAN_CH2_nlDataBuffer
                0x200023ac       0xff ./src/DIAG/diag_can_tp/dcan_tp/i15765_init.o
                0x200023ac                DCAN_CH2_nlDataBuffer
 *fill*         0x200024ab        0x1 
 .bss.DCAN_nlFrameCtrl_paSt
                0x200024ac        0x8 ./src/DIAG/diag_can_tp/dcan_tp/i15765_init.o
                0x200024ac                DCAN_nlFrameCtrl_paSt
 .bss.Can_Applidata_St
                0x200024b4       0x10 ./src/DIAG/diag_can_tp/dcan_tp/i15765_nl.o
                0x200024b4                Can_Applidata_St
 .bss.DCAN_nlInputVector_pst
                0x200024c4        0x4 ./src/DIAG/diag_can_tp/dcan_tp/i15765_nl.o
                0x200024c4                DCAN_nlInputVector_pst
 .bss.FunAddessedID_flag
                0x200024c8        0x1 ./src/DIAG/diag_can_tp/dcan_tp/i15765_nl.o
                0x200024c8                FunAddessedID_flag
 *fill*         0x200024c9        0x3 
 .bss.CHBuffer_TP_au8
                0x200024cc        0x8 ./src/DIAG/diag_can_tp/dcan_tp/i15765_tp.o
                0x200024cc                CHBuffer_TP_au8
 .bss.DCAN_TPDataBuffer1_au8
                0x200024d4       0xff ./src/DIAG/diag_can_tp/dcan_tp/i15765_tp.o
                0x200024d4                DCAN_TPDataBuffer1_au8
 *fill*         0x200025d3        0x1 
 .bss.DCAN_TPDataBuffer2_au8
                0x200025d4       0xff ./src/DIAG/diag_can_tp/dcan_tp/i15765_tp.o
                0x200025d4                DCAN_TPDataBuffer2_au8
 *fill*         0x200026d3        0x1 
 .bss.DCAN_TPFrameCtrl1_St
                0x200026d4       0x1c ./src/DIAG/diag_can_tp/dcan_tp/i15765_tp.o
                0x200026d4                DCAN_TPFrameCtrl1_St
 .bss.DCAN_TPFrameCtrl2_St
                0x200026f0       0x1c ./src/DIAG/diag_can_tp/dcan_tp/i15765_tp.o
                0x200026f0                DCAN_TPFrameCtrl2_St
 .bss.DCAN_tpFrameCtrl_paSt
                0x2000270c        0x8 ./src/DIAG/diag_can_tp/dcan_tp/i15765_tp.o
                0x2000270c                DCAN_tpFrameCtrl_paSt
 .bss.count_u8.4404
                0x20002714        0x1 ./src/DIAG/diag_can_tp/dcan_tp/i15765_tp.o
 *fill*         0x20002715        0x3 
 .bss.ServDistUDS_pt
                0x20002718        0x4 ./src/DIAG/diag_can_uds/uds_session/uds_session.o
 .bss.Serv_databuf_St
                0x2000271c        0xc ./src/DIAG/diag_can_uds/uds_session/uds_session.o
                0x2000271c                Serv_databuf_St
 .bss.call_serviceagain_b.4630
                0x20002728        0x1 ./src/DIAG/diag_can_uds/uds_session/uds_session.o
 .bss.current_active_session_u8
                0x20002729        0x1 ./src/DIAG/diag_can_uds/uds_session/uds_session.o
                0x20002729                current_active_session_u8
 *fill*         0x2000272a        0x2 
 .bss.instanceSessTimeout_au8.4605
                0x2000272c        0x1 ./src/DIAG/diag_can_uds/uds_session/uds_session.o
 .bss.instanceSessTimeout_b.4604
                0x2000272d        0x1 ./src/DIAG/diag_can_uds/uds_session/uds_session.o
 .bss.sid_u8.4629
                0x2000272e        0x1 ./src/DIAG/diag_can_uds/uds_session/uds_session.o
 *fill*         0x2000272f        0x1 
 .bss.CAN_HAL2CIL_FnPtr
                0x20002730        0x4 ./src/DIAG/diag_common/diag_cil/can_callback.o
                0x20002730                CAN_HAL2CIL_FnPtr
 .bss.CAN_TxMessage_St
                0x20002734       0x4c ./src/DIAG/diag_common/diag_cil/can_if.o
                0x20002734                CAN_TxMessage_St
 .bss.CIL_CAN_ConfCANIDs_u32
                0x20002780        0xc ./src/DIAG/diag_common/diag_cil/can_if.o
 .bss.CanSB_St  0x2000278c       0x14 ./src/DIAG/diag_common/diag_cil/conf/cil_can_conf.o
                0x2000278c                CanSB_St
 .bss.CAN_IntCbCnt_u16
                0x200027a0        0x2 ./src/DIAG/diag_common/diag_scheduler/can_sched.o
 *fill*         0x200027a2        0x2 
 .bss.CAN_MsgRxBoxTimeOutCnt
                0x200027a4        0x4 ./src/DIAG/diag_common/diag_scheduler/can_sched.o
 .bss.CAN_Transmit_TimerCnt
                0x200027a8        0x2 ./src/DIAG/diag_common/diag_scheduler/can_sched.o
 *fill*         0x200027aa        0x2 
 .bss.CanSB_St_P
                0x200027ac        0x4 ./src/DIAG/diag_common/diag_scheduler/can_sched.o
                0x200027ac                CanSB_St_P
 .bss.TS_time_ms_u32
                0x200027b0        0x4 ./src/DIAG/diag_common/diag_utils/diag_typedefs.o
                0x200027b0                TS_time_ms_u32
 *(COMMON)
                0x200027b4                . = ALIGN (0x4)
                0x200027b4                __bss_end__ = .
                0x200027b4                __BSS_END = .

.heap           0x200027b4      0x204
                0x200027b8                . = ALIGN (0x8)
 *fill*         0x200027b4        0x4 
                0x200027b8                __end__ = .
                0x200027b8                __heap_start__ = .
                0x200027b8                PROVIDE (end = .)
                [!provide]                PROVIDE (_end = .)
                [!provide]                PROVIDE (__end = .)
                0x200027b8                __HeapBase = .
                0x200029b8                . = (. + HEAP_SIZE)
 *fill*         0x200027b8      0x200 
                0x200029b8                __HeapLimit = .
                0x200029b8                __heap_limit = .
                0x200029b8                __heap_end__ = .
                0x20003800                __StackTop = (ORIGIN (m_data_2) + LENGTH (m_data_2))
                0x20003600                __StackLimit = (__StackTop - STACK_SIZE)
                0x20003800                PROVIDE (__stack = __StackTop)
                0x20003800                __RAM_END = __StackTop

.stack          0x20003600      0x200
                0x20003600                . = ALIGN (0x8)
                0x20003600                __stack_start__ = .
                0x20003800                . = (. + STACK_SIZE)
 *fill*         0x20003600      0x200 
                0x20003800                __stack_end__ = .

.ARM.attributes
                0x00000000       0x28
 *(.ARM.attributes)
 .ARM.attributes
                0x00000000       0x1e c:/nxp/s32ds.3.5/s32ds/build_tools/gcc_b1620/gcc-6.3-arm32-eabi/bin/../lib/gcc/arm-none-eabi/6.3.1/thumb/v6-m/crti.o
 .ARM.attributes
                0x0000001e       0x1b ./Project_Settings/Startup_Code/startup_S32K116.o
 .ARM.attributes
                0x00000039       0x32 ./SDK/S32K116_SDK_4.0.1/platform/devices/S32K116/startup/system_S32K116.o
 .ARM.attributes
                0x0000006b       0x32 ./SDK/S32K116_SDK_4.0.1/platform/devices/startup.o
 .ARM.attributes
                0x0000009d       0x32 ./SDK/platform/drivers/src/clock/S32K1xx/clock_S32K1xx.o
 .ARM.attributes
                0x000000cf       0x32 ./SDK/platform/drivers/src/edma/edma_driver.o
 .ARM.attributes
                0x00000101       0x32 ./SDK/platform/drivers/src/edma/edma_hw_access.o
 .ARM.attributes
                0x00000133       0x32 ./SDK/platform/drivers/src/edma/edma_irq.o
 .ARM.attributes
                0x00000165       0x32 ./SDK/platform/drivers/src/flash/flash_driver.o
 .ARM.attributes
                0x00000197       0x32 ./SDK/platform/drivers/src/flexcan/flexcan_driver.o
 .ARM.attributes
                0x000001c9       0x32 ./SDK/platform/drivers/src/flexcan/flexcan_hw_access.o
 .ARM.attributes
                0x000001fb       0x32 ./SDK/platform/drivers/src/flexcan/flexcan_irq.o
 .ARM.attributes
                0x0000022d       0x32 ./SDK/platform/drivers/src/interrupt/interrupt_manager.o
 .ARM.attributes
                0x0000025f       0x32 ./SDK/platform/drivers/src/lptmr/lptmr_driver.o
 .ARM.attributes
                0x00000291       0x32 ./SDK/platform/drivers/src/lptmr/lptmr_hw_access.o
 .ARM.attributes
                0x000002c3       0x32 ./SDK/platform/drivers/src/pins/pins_driver.o
 .ARM.attributes
                0x000002f5       0x32 ./SDK/platform/drivers/src/pins/pins_port_hw_access.o
 .ARM.attributes
                0x00000327       0x32 ./SDK/rtos/osif/osif_baremetal.o
 .ARM.attributes
                0x00000359       0x32 ./board/clock_config.o
 .ARM.attributes
                0x0000038b       0x32 ./board/peripherals_flash_1.o
 .ARM.attributes
                0x000003bd       0x32 ./board/peripherals_flexcan_config_1.o
 .ARM.attributes
                0x000003ef       0x32 ./board/peripherals_lptmr_1.o
 .ARM.attributes
                0x00000421       0x32 ./board/pin_mux.o
 .ARM.attributes
                0x00000453       0x32 ./src/Board_Init.o
 .ARM.attributes
                0x00000485       0x32 ./src/CAN.o
 .ARM.attributes
                0x000004b7       0x32 ./src/Flash_EEPROM.o
 .ARM.attributes
                0x000004e9       0x32 ./src/Timer.o
 .ARM.attributes
                0x0000051b       0x32 ./src/main.o
 .ARM.attributes
                0x0000054d       0x32 ./src/DIAG/diag_appl_test/diag_adapt.o
 .ARM.attributes
                0x0000057f       0x32 ./src/DIAG/diag_can_tp/conf/i15765_conf.o
 .ARM.attributes
                0x000005b1       0x32 ./src/DIAG/diag_can_tp/dcan_tp/i15765_init.o
 .ARM.attributes
                0x000005e3       0x32 ./src/DIAG/diag_can_tp/dcan_tp/i15765_nl.o
 .ARM.attributes
                0x00000615       0x32 ./src/DIAG/diag_can_tp/dcan_tp/i15765_tp.o
 .ARM.attributes
                0x00000647       0x32 ./src/DIAG/diag_can_uds/conf/uds_conf.o
 .ARM.attributes
                0x00000679       0x32 ./src/DIAG/diag_can_uds/uds_session/uds_session.o
 .ARM.attributes
                0x000006ab       0x32 ./src/DIAG/diag_common/diag_cil/can_callback.o
 .ARM.attributes
                0x000006dd       0x32 ./src/DIAG/diag_common/diag_cil/can_if.o
 .ARM.attributes
                0x0000070f       0x32 ./src/DIAG/diag_common/diag_cil/conf/cil_can_conf.o
 .ARM.attributes
                0x00000741       0x32 ./src/DIAG/diag_common/diag_scheduler/can_sched.o
 .ARM.attributes
                0x00000773       0x32 ./src/DIAG/diag_common/diag_scheduler/com_tasksched.o
 .ARM.attributes
                0x000007a5       0x32 ./src/DIAG/diag_common/diag_scheduler/conf/can_sched_conf.o
 .ARM.attributes
                0x000007d7       0x32 ./src/DIAG/diag_common/diag_utils/diag_typedefs.o
 .ARM.attributes
                0x00000809       0x32 ./src/DIAG/diag_common/diag_utils/str_util.o
 .ARM.attributes
                0x0000083b       0x1e c:/nxp/s32ds.3.5/s32ds/build_tools/gcc_b1620/gcc-6.3-arm32-eabi/bin/../lib/gcc/arm-none-eabi/6.3.1/thumb/v6-m\libgcc.a(_udivsi3.o)
 .ARM.attributes
                0x00000859       0x1e c:/nxp/s32ds.3.5/s32ds/build_tools/gcc_b1620/gcc-6.3-arm32-eabi/bin/../lib/gcc/arm-none-eabi/6.3.1/thumb/v6-m\libgcc.a(_dvmd_tls.o)
 .ARM.attributes
                0x00000877       0x1e c:/nxp/s32ds.3.5/s32ds/build_tools/gcc_b1620/gcc-6.3-arm32-eabi/bin/../lib/gcc/arm-none-eabi/6.3.1/thumb/v6-m\libgcc.a(_aeabi_uldivmod.o)
 .ARM.attributes
                0x00000895       0x2c c:/nxp/s32ds.3.5/s32ds/build_tools/gcc_b1620/gcc-6.3-arm32-eabi/bin/../lib/gcc/arm-none-eabi/6.3.1/thumb/v6-m\libgcc.a(_muldi3.o)
 .ARM.attributes
                0x000008c1       0x2c c:/nxp/s32ds.3.5/s32ds/build_tools/gcc_b1620/gcc-6.3-arm32-eabi/bin/../lib/gcc/arm-none-eabi/6.3.1/thumb/v6-m\libgcc.a(_udivmoddi4.o)
 .ARM.attributes
                0x000008ed       0x1e c:/nxp/s32ds.3.5/s32ds/build_tools/gcc_b1620/gcc-6.3-arm32-eabi/bin/../lib/gcc/arm-none-eabi/6.3.1/thumb/v6-m\libgcc.a(_clzdi2.o)
 .ARM.attributes
                0x0000090b       0x1e c:/nxp/s32ds.3.5/s32ds/build_tools/gcc_b1620/gcc-6.3-arm32-eabi/bin/../lib/gcc/arm-none-eabi/6.3.1/thumb/v6-m\libgcc.a(_clzsi2.o)
 .ARM.attributes
                0x00000929       0x2c C:/NXP/S32DS.3.5/S32DS/build_tools/gcc_b1620/gcc-6.3-arm32-eabi/arm-none-eabi/newlib/lib/thumb/v6-m\libc_nano.a(lib_a-memset.o)
                0x00000001                ASSERT ((__rom_end <= (ORIGIN (m_text) + LENGTH (m_text))), Region m_text overflowed!)
                0x00000001                ASSERT ((__StackLimit >= __HeapLimit), region m_data_2 overflowed with stack and heap)
OUTPUT(UDS_BSW_S32K116.elf elf32-littlearm)

.debug_line     0x00000000     0xb294
 .debug_line    0x00000000       0x85 ./Project_Settings/Startup_Code/startup_S32K116.o
 .debug_line    0x00000085      0x266 ./SDK/S32K116_SDK_4.0.1/platform/devices/S32K116/startup/system_S32K116.o
 .debug_line    0x000002eb      0x17a ./SDK/S32K116_SDK_4.0.1/platform/devices/startup.o
 .debug_line    0x00000465     0x138d ./SDK/platform/drivers/src/clock/S32K1xx/clock_S32K1xx.o
 .debug_line    0x000017f2      0x8f0 ./SDK/platform/drivers/src/edma/edma_driver.o
 .debug_line    0x000020e2      0x354 ./SDK/platform/drivers/src/edma/edma_hw_access.o
 .debug_line    0x00002436      0x2f4 ./SDK/platform/drivers/src/edma/edma_irq.o
 .debug_line    0x0000272a      0x7d3 ./SDK/platform/drivers/src/flash/flash_driver.o
 .debug_line    0x00002efd      0xf02 ./SDK/platform/drivers/src/flexcan/flexcan_driver.o
 .debug_line    0x00003dff      0x8e6 ./SDK/platform/drivers/src/flexcan/flexcan_hw_access.o
 .debug_line    0x000046e5       0x85 ./SDK/platform/drivers/src/flexcan/flexcan_irq.o
 .debug_line    0x0000476a      0x34a ./SDK/platform/drivers/src/interrupt/interrupt_manager.o
 .debug_line    0x00004ab4      0x6b6 ./SDK/platform/drivers/src/lptmr/lptmr_driver.o
 .debug_line    0x0000516a      0x1ac ./SDK/platform/drivers/src/lptmr/lptmr_hw_access.o
 .debug_line    0x00005316      0x50e ./SDK/platform/drivers/src/pins/pins_driver.o
 .debug_line    0x00005824      0x2d5 ./SDK/platform/drivers/src/pins/pins_port_hw_access.o
 .debug_line    0x00005af9      0x3e8 ./SDK/rtos/osif/osif_baremetal.o
 .debug_line    0x00005ee1      0x23c ./board/clock_config.o
 .debug_line    0x0000611d      0x15f ./board/peripherals_flash_1.o
 .debug_line    0x0000627c      0x18e ./board/peripherals_flexcan_config_1.o
 .debug_line    0x0000640a      0x15f ./board/peripherals_lptmr_1.o
 .debug_line    0x00006569      0x1ad ./board/pin_mux.o
 .debug_line    0x00006716      0x48b ./src/Board_Init.o
 .debug_line    0x00006ba1      0x3e5 ./src/CAN.o
 .debug_line    0x00006f86      0x413 ./src/Flash_EEPROM.o
 .debug_line    0x00007399      0x420 ./src/Timer.o
 .debug_line    0x000077b9      0x486 ./src/main.o
 .debug_line    0x00007c3f      0x3f2 ./src/DIAG/diag_appl_test/diag_adapt.o
 .debug_line    0x00008031      0x2c9 ./src/DIAG/diag_can_tp/conf/i15765_conf.o
 .debug_line    0x000082fa      0x389 ./src/DIAG/diag_can_tp/dcan_tp/i15765_init.o
 .debug_line    0x00008683      0x634 ./src/DIAG/diag_can_tp/dcan_tp/i15765_nl.o
 .debug_line    0x00008cb7      0x4ad ./src/DIAG/diag_can_tp/dcan_tp/i15765_tp.o
 .debug_line    0x00009164      0x386 ./src/DIAG/diag_can_uds/conf/uds_conf.o
 .debug_line    0x000094ea      0x4bc ./src/DIAG/diag_can_uds/uds_session/uds_session.o
 .debug_line    0x000099a6      0x1c3 ./src/DIAG/diag_common/diag_cil/can_callback.o
 .debug_line    0x00009b69      0x570 ./src/DIAG/diag_common/diag_cil/can_if.o
 .debug_line    0x0000a0d9      0x201 ./src/DIAG/diag_common/diag_cil/conf/cil_can_conf.o
 .debug_line    0x0000a2da      0x3e7 ./src/DIAG/diag_common/diag_scheduler/can_sched.o
 .debug_line    0x0000a6c1      0x42e ./src/DIAG/diag_common/diag_scheduler/com_tasksched.o
 .debug_line    0x0000aaef      0x396 ./src/DIAG/diag_common/diag_scheduler/conf/can_sched_conf.o
 .debug_line    0x0000ae85      0x13f ./src/DIAG/diag_common/diag_utils/diag_typedefs.o
 .debug_line    0x0000afc4      0x2d0 ./src/DIAG/diag_common/diag_utils/str_util.o

.debug_info     0x00000000    0x311fa
 .debug_info    0x00000000       0x26 ./Project_Settings/Startup_Code/startup_S32K116.o
 .debug_info    0x00000026      0x4d9 ./SDK/S32K116_SDK_4.0.1/platform/devices/S32K116/startup/system_S32K116.o
 .debug_info    0x000004ff      0x295 ./SDK/S32K116_SDK_4.0.1/platform/devices/startup.o
 .debug_info    0x00000794     0x6565 ./SDK/platform/drivers/src/clock/S32K1xx/clock_S32K1xx.o
 .debug_info    0x00006cf9     0x38a2 ./SDK/platform/drivers/src/edma/edma_driver.o
 .debug_info    0x0000a59b      0x961 ./SDK/platform/drivers/src/edma/edma_hw_access.o
 .debug_info    0x0000aefc      0x6dc ./SDK/platform/drivers/src/edma/edma_irq.o
 .debug_info    0x0000b5d8     0x1984 ./SDK/platform/drivers/src/flash/flash_driver.o
 .debug_info    0x0000cf5c     0x575b ./SDK/platform/drivers/src/flexcan/flexcan_driver.o
 .debug_info    0x000126b7     0x2052 ./SDK/platform/drivers/src/flexcan/flexcan_hw_access.o
 .debug_info    0x00014709       0xc8 ./SDK/platform/drivers/src/flexcan/flexcan_irq.o
 .debug_info    0x000147d1      0xa84 ./SDK/platform/drivers/src/interrupt/interrupt_manager.o
 .debug_info    0x00015255     0x228d ./SDK/platform/drivers/src/lptmr/lptmr_driver.o
 .debug_info    0x000174e2      0x11c ./SDK/platform/drivers/src/lptmr/lptmr_hw_access.o
 .debug_info    0x000175fe     0x13e1 ./SDK/platform/drivers/src/pins/pins_driver.o
 .debug_info    0x000189df      0x8ac ./SDK/platform/drivers/src/pins/pins_port_hw_access.o
 .debug_info    0x0001928b      0xb2e ./SDK/rtos/osif/osif_baremetal.o
 .debug_info    0x00019db9     0x1227 ./board/clock_config.o
 .debug_info    0x0001afe0      0x108 ./board/peripherals_flash_1.o
 .debug_info    0x0001b0e8      0x4f5 ./board/peripherals_flexcan_config_1.o
 .debug_info    0x0001b5dd      0x281 ./board/peripherals_lptmr_1.o
 .debug_info    0x0001b85e      0x405 ./board/pin_mux.o
 .debug_info    0x0001bc63     0x20dc ./src/Board_Init.o
 .debug_info    0x0001dd3f     0x2410 ./src/CAN.o
 .debug_info    0x0002014f     0x23f7 ./src/Flash_EEPROM.o
 .debug_info    0x00022546     0x247e ./src/Timer.o
 .debug_info    0x000249c4     0x209b ./src/main.o
 .debug_info    0x00026a5f      0xc13 ./src/DIAG/diag_appl_test/diag_adapt.o
 .debug_info    0x00027672      0x7f8 ./src/DIAG/diag_can_tp/conf/i15765_conf.o
 .debug_info    0x00027e6a      0x7b7 ./src/DIAG/diag_can_tp/dcan_tp/i15765_init.o
 .debug_info    0x00028621      0xfc8 ./src/DIAG/diag_can_tp/dcan_tp/i15765_nl.o
 .debug_info    0x000295e9      0xbae ./src/DIAG/diag_can_tp/dcan_tp/i15765_tp.o
 .debug_info    0x0002a197      0xd63 ./src/DIAG/diag_can_uds/conf/uds_conf.o
 .debug_info    0x0002aefa      0xf40 ./src/DIAG/diag_can_uds/uds_session/uds_session.o
 .debug_info    0x0002be3a      0x190 ./src/DIAG/diag_common/diag_cil/can_callback.o
 .debug_info    0x0002bfca     0x255e ./src/DIAG/diag_common/diag_cil/can_if.o
 .debug_info    0x0002e528      0x38a ./src/DIAG/diag_common/diag_cil/conf/cil_can_conf.o
 .debug_info    0x0002e8b2      0xa14 ./src/DIAG/diag_common/diag_scheduler/can_sched.o
 .debug_info    0x0002f2c6      0x98f ./src/DIAG/diag_common/diag_scheduler/com_tasksched.o
 .debug_info    0x0002fc55      0x8d5 ./src/DIAG/diag_common/diag_scheduler/conf/can_sched_conf.o
 .debug_info    0x0003052a       0xa2 ./src/DIAG/diag_common/diag_utils/diag_typedefs.o
 .debug_info    0x000305cc      0xc2e ./src/DIAG/diag_common/diag_utils/str_util.o

.debug_abbrev   0x00000000     0x4c78
 .debug_abbrev  0x00000000       0x14 ./Project_Settings/Startup_Code/startup_S32K116.o
 .debug_abbrev  0x00000014      0x14b ./SDK/S32K116_SDK_4.0.1/platform/devices/S32K116/startup/system_S32K116.o
 .debug_abbrev  0x0000015f       0xe0 ./SDK/S32K116_SDK_4.0.1/platform/devices/startup.o
 .debug_abbrev  0x0000023f      0x41e ./SDK/platform/drivers/src/clock/S32K1xx/clock_S32K1xx.o
 .debug_abbrev  0x0000065d      0x43e ./SDK/platform/drivers/src/edma/edma_driver.o
 .debug_abbrev  0x00000a9b      0x205 ./SDK/platform/drivers/src/edma/edma_hw_access.o
 .debug_abbrev  0x00000ca0      0x1a9 ./SDK/platform/drivers/src/edma/edma_irq.o
 .debug_abbrev  0x00000e49      0x29a ./SDK/platform/drivers/src/flash/flash_driver.o
 .debug_abbrev  0x000010e3      0x46a ./SDK/platform/drivers/src/flexcan/flexcan_driver.o
 .debug_abbrev  0x0000154d      0x3f7 ./SDK/platform/drivers/src/flexcan/flexcan_hw_access.o
 .debug_abbrev  0x00001944       0x6c ./SDK/platform/drivers/src/flexcan/flexcan_irq.o
 .debug_abbrev  0x000019b0      0x1e5 ./SDK/platform/drivers/src/interrupt/interrupt_manager.o
 .debug_abbrev  0x00001b95      0x358 ./SDK/platform/drivers/src/lptmr/lptmr_driver.o
 .debug_abbrev  0x00001eed       0xaf ./SDK/platform/drivers/src/lptmr/lptmr_hw_access.o
 .debug_abbrev  0x00001f9c      0x2ea ./SDK/platform/drivers/src/pins/pins_driver.o
 .debug_abbrev  0x00002286      0x204 ./SDK/platform/drivers/src/pins/pins_port_hw_access.o
 .debug_abbrev  0x0000248a      0x30b ./SDK/rtos/osif/osif_baremetal.o
 .debug_abbrev  0x00002795      0x122 ./board/clock_config.o
 .debug_abbrev  0x000028b7       0x91 ./board/peripherals_flash_1.o
 .debug_abbrev  0x00002948      0x107 ./board/peripherals_flexcan_config_1.o
 .debug_abbrev  0x00002a4f       0x8c ./board/peripherals_lptmr_1.o
 .debug_abbrev  0x00002adb       0xca ./board/pin_mux.o
 .debug_abbrev  0x00002ba5      0x1bd ./src/Board_Init.o
 .debug_abbrev  0x00002d62      0x22d ./src/CAN.o
 .debug_abbrev  0x00002f8f      0x245 ./src/Flash_EEPROM.o
 .debug_abbrev  0x000031d4      0x207 ./src/Timer.o
 .debug_abbrev  0x000033db      0x199 ./src/main.o
 .debug_abbrev  0x00003574      0x145 ./src/DIAG/diag_appl_test/diag_adapt.o
 .debug_abbrev  0x000036b9       0xec ./src/DIAG/diag_can_tp/conf/i15765_conf.o
 .debug_abbrev  0x000037a5      0x174 ./src/DIAG/diag_can_tp/dcan_tp/i15765_init.o
 .debug_abbrev  0x00003919      0x2af ./src/DIAG/diag_can_tp/dcan_tp/i15765_nl.o
 .debug_abbrev  0x00003bc8      0x1e5 ./src/DIAG/diag_can_tp/dcan_tp/i15765_tp.o
 .debug_abbrev  0x00003dad      0x147 ./src/DIAG/diag_can_uds/conf/uds_conf.o
 .debug_abbrev  0x00003ef4      0x2df ./src/DIAG/diag_can_uds/uds_session/uds_session.o
 .debug_abbrev  0x000041d3       0xe1 ./src/DIAG/diag_common/diag_cil/can_callback.o
 .debug_abbrev  0x000042b4      0x282 ./src/DIAG/diag_common/diag_cil/can_if.o
 .debug_abbrev  0x00004536       0xfb ./src/DIAG/diag_common/diag_cil/conf/cil_can_conf.o
 .debug_abbrev  0x00004631      0x1a1 ./src/DIAG/diag_common/diag_scheduler/can_sched.o
 .debug_abbrev  0x000047d2      0x10f ./src/DIAG/diag_common/diag_scheduler/com_tasksched.o
 .debug_abbrev  0x000048e1       0xe2 ./src/DIAG/diag_common/diag_scheduler/conf/can_sched_conf.o
 .debug_abbrev  0x000049c3       0x58 ./src/DIAG/diag_common/diag_utils/diag_typedefs.o
 .debug_abbrev  0x00004a1b      0x25d ./src/DIAG/diag_common/diag_utils/str_util.o

.debug_aranges  0x00000000      0xeb8
 .debug_aranges
                0x00000000       0x20 ./Project_Settings/Startup_Code/startup_S32K116.o
 .debug_aranges
                0x00000020       0x30 ./SDK/S32K116_SDK_4.0.1/platform/devices/S32K116/startup/system_S32K116.o
 .debug_aranges
                0x00000050       0x20 ./SDK/S32K116_SDK_4.0.1/platform/devices/startup.o
 .debug_aranges
                0x00000070      0x138 ./SDK/platform/drivers/src/clock/S32K1xx/clock_S32K1xx.o
 .debug_aranges
                0x000001a8      0x138 ./SDK/platform/drivers/src/edma/edma_driver.o
 .debug_aranges
                0x000002e0       0x88 ./SDK/platform/drivers/src/edma/edma_hw_access.o
 .debug_aranges
                0x00000368       0xa0 ./SDK/platform/drivers/src/edma/edma_irq.o
 .debug_aranges
                0x00000408      0x130 ./SDK/platform/drivers/src/flash/flash_driver.o
 .debug_aranges
                0x00000538      0x178 ./SDK/platform/drivers/src/flexcan/flexcan_driver.o
 .debug_aranges
                0x000006b0       0xf8 ./SDK/platform/drivers/src/flexcan/flexcan_hw_access.o
 .debug_aranges
                0x000007a8       0x28 ./SDK/platform/drivers/src/flexcan/flexcan_irq.o
 .debug_aranges
                0x000007d0       0x70 ./SDK/platform/drivers/src/interrupt/interrupt_manager.o
 .debug_aranges
                0x00000840       0xa8 ./SDK/platform/drivers/src/lptmr/lptmr_driver.o
 .debug_aranges
                0x000008e8       0x20 ./SDK/platform/drivers/src/lptmr/lptmr_hw_access.o
 .debug_aranges
                0x00000908       0xe0 ./SDK/platform/drivers/src/pins/pins_driver.o
 .debug_aranges
                0x000009e8       0x40 ./SDK/platform/drivers/src/pins/pins_port_hw_access.o
 .debug_aranges
                0x00000a28       0x70 ./SDK/rtos/osif/osif_baremetal.o
 .debug_aranges
                0x00000a98       0x18 ./board/clock_config.o
 .debug_aranges
                0x00000ab0       0x18 ./board/peripherals_flash_1.o
 .debug_aranges
                0x00000ac8       0x18 ./board/peripherals_flexcan_config_1.o
 .debug_aranges
                0x00000ae0       0x18 ./board/peripherals_lptmr_1.o
 .debug_aranges
                0x00000af8       0x18 ./board/pin_mux.o
 .debug_aranges
                0x00000b10       0x20 ./src/Board_Init.o
 .debug_aranges
                0x00000b30       0x30 ./src/CAN.o
 .debug_aranges
                0x00000b60       0x38 ./src/Flash_EEPROM.o
 .debug_aranges
                0x00000b98       0x28 ./src/Timer.o
 .debug_aranges
                0x00000bc0       0x20 ./src/main.o
 .debug_aranges
                0x00000be0       0x28 ./src/DIAG/diag_appl_test/diag_adapt.o
 .debug_aranges
                0x00000c08       0x18 ./src/DIAG/diag_can_tp/conf/i15765_conf.o
 .debug_aranges
                0x00000c20       0x28 ./src/DIAG/diag_can_tp/dcan_tp/i15765_init.o
 .debug_aranges
                0x00000c48       0x48 ./src/DIAG/diag_can_tp/dcan_tp/i15765_nl.o
 .debug_aranges
                0x00000c90       0x68 ./src/DIAG/diag_can_tp/dcan_tp/i15765_tp.o
 .debug_aranges
                0x00000cf8       0x18 ./src/DIAG/diag_can_uds/conf/uds_conf.o
 .debug_aranges
                0x00000d10       0x40 ./src/DIAG/diag_can_uds/uds_session/uds_session.o
 .debug_aranges
                0x00000d50       0x28 ./src/DIAG/diag_common/diag_cil/can_callback.o
 .debug_aranges
                0x00000d78       0x40 ./src/DIAG/diag_common/diag_cil/can_if.o
 .debug_aranges
                0x00000db8       0x18 ./src/DIAG/diag_common/diag_cil/conf/cil_can_conf.o
 .debug_aranges
                0x00000dd0       0x30 ./src/DIAG/diag_common/diag_scheduler/can_sched.o
 .debug_aranges
                0x00000e00       0x28 ./src/DIAG/diag_common/diag_scheduler/com_tasksched.o
 .debug_aranges
                0x00000e28       0x18 ./src/DIAG/diag_common/diag_scheduler/conf/can_sched_conf.o
 .debug_aranges
                0x00000e40       0x18 ./src/DIAG/diag_common/diag_utils/diag_typedefs.o
 .debug_aranges
                0x00000e58       0x60 ./src/DIAG/diag_common/diag_utils/str_util.o

.debug_str      0x00000000     0xcd60
 .debug_str     0x00000000       0x7d ./Project_Settings/Startup_Code/startup_S32K116.o
 .debug_str     0x0000007d      0x3b7 ./SDK/S32K116_SDK_4.0.1/platform/devices/S32K116/startup/system_S32K116.o
                                0x442 (size before relaxing)
 .debug_str     0x00000434      0x21e ./SDK/S32K116_SDK_4.0.1/platform/devices/startup.o
                                0x447 (size before relaxing)
 .debug_str     0x00000652     0x39f5 ./SDK/platform/drivers/src/clock/S32K1xx/clock_S32K1xx.o
                               0x3dae (size before relaxing)
 .debug_str     0x00004047     0x21f9 ./SDK/platform/drivers/src/edma/edma_driver.o
                               0x2dd0 (size before relaxing)
 .debug_str     0x00006240       0x46 ./SDK/platform/drivers/src/edma/edma_hw_access.o
                                0x7f7 (size before relaxing)
 .debug_str     0x00006286      0x162 ./SDK/platform/drivers/src/edma/edma_irq.o
                                0x50c (size before relaxing)
 .debug_str     0x000063e8      0x74b ./SDK/platform/drivers/src/flash/flash_driver.o
                               0x1b89 (size before relaxing)
 .debug_str     0x00006b33     0x1b7d ./SDK/platform/drivers/src/flexcan/flexcan_driver.o
                               0x365f (size before relaxing)
 .debug_str     0x000086b0      0x3b8 ./SDK/platform/drivers/src/flexcan/flexcan_hw_access.o
                               0x18f2 (size before relaxing)
 .debug_str     0x00008a68       0x6f ./SDK/platform/drivers/src/flexcan/flexcan_irq.o
                                0x285 (size before relaxing)
 .debug_str     0x00008ad7      0x180 ./SDK/platform/drivers/src/interrupt/interrupt_manager.o
                                0xe28 (size before relaxing)
 .debug_str     0x00008c57      0xa96 ./SDK/platform/drivers/src/lptmr/lptmr_driver.o
                               0x1ac6 (size before relaxing)
 .debug_str     0x000096ed       0x34 ./SDK/platform/drivers/src/lptmr/lptmr_hw_access.o
                                0x26c (size before relaxing)
 .debug_str     0x00009721      0x961 ./SDK/platform/drivers/src/pins/pins_driver.o
                               0x1451 (size before relaxing)
 .debug_str     0x0000a082      0x19d ./SDK/platform/drivers/src/pins/pins_port_hw_access.o
                                0x939 (size before relaxing)
 .debug_str     0x0000a21f      0x19d ./SDK/rtos/osif/osif_baremetal.o
                               0x11df (size before relaxing)
 .debug_str     0x0000a3bc       0x71 ./board/clock_config.o
                               0x2030 (size before relaxing)
 .debug_str     0x0000a42d       0x31 ./board/peripherals_flash_1.o
                                0x2a1 (size before relaxing)
 .debug_str     0x0000a45e       0x49 ./board/peripherals_flexcan_config_1.o
                                0x96a (size before relaxing)
 .debug_str     0x0000a4a7       0x2f ./board/peripherals_lptmr_1.o
                                0x6d6 (size before relaxing)
 .debug_str     0x0000a4d6       0x2c ./board/pin_mux.o
                                0x5fd (size before relaxing)
 .debug_str     0x0000a502       0xf7 ./src/Board_Init.o
                               0x3921 (size before relaxing)
 .debug_str     0x0000a5f9       0xcd ./src/CAN.o
                               0x3b16 (size before relaxing)
 .debug_str     0x0000a6c6       0xf2 ./src/Flash_EEPROM.o
                               0x3ab0 (size before relaxing)
 .debug_str     0x0000a7b8       0x3a ./src/Timer.o
                               0x4198 (size before relaxing)
 .debug_str     0x0000a7f2       0x2e ./src/main.o
                               0x38ee (size before relaxing)
 .debug_str     0x0000a820     0x1046 ./src/DIAG/diag_appl_test/diag_adapt.o
                               0x12ef (size before relaxing)
 .debug_str     0x0000b866      0x134 ./src/DIAG/diag_can_tp/conf/i15765_conf.o
                                0xaa6 (size before relaxing)
 .debug_str     0x0000b99a      0x175 ./src/DIAG/diag_can_tp/dcan_tp/i15765_init.o
                                0x9f5 (size before relaxing)
 .debug_str     0x0000bb0f      0x3a6 ./src/DIAG/diag_can_tp/dcan_tp/i15765_nl.o
                                0xe3c (size before relaxing)
 .debug_str     0x0000beb5      0x24e ./src/DIAG/diag_can_tp/dcan_tp/i15765_tp.o
                                0xc90 (size before relaxing)
 .debug_str     0x0000c103      0x1db ./src/DIAG/diag_can_uds/conf/uds_conf.o
                               0x14a3 (size before relaxing)
 .debug_str     0x0000c2de      0x162 ./src/DIAG/diag_can_uds/uds_session/uds_session.o
                               0x15cc (size before relaxing)
 .debug_str     0x0000c440       0xab ./src/DIAG/diag_common/diag_cil/can_callback.o
                                0x2f6 (size before relaxing)
 .debug_str     0x0000c4eb      0x106 ./src/DIAG/diag_common/diag_cil/can_if.o
                               0x3d3f (size before relaxing)
 .debug_str     0x0000c5f1       0x78 ./src/DIAG/diag_common/diag_cil/conf/cil_can_conf.o
                                0x548 (size before relaxing)
 .debug_str     0x0000c669      0x1ab ./src/DIAG/diag_common/diag_scheduler/can_sched.o
                                0xc44 (size before relaxing)
 .debug_str     0x0000c814       0x37 ./src/DIAG/diag_common/diag_scheduler/com_tasksched.o
                                0xb93 (size before relaxing)
 .debug_str     0x0000c84b       0x3d ./src/DIAG/diag_common/diag_scheduler/conf/can_sched_conf.o
                                0xb85 (size before relaxing)
 .debug_str     0x0000c888       0x33 ./src/DIAG/diag_common/diag_utils/diag_typedefs.o
                                0x257 (size before relaxing)
 .debug_str     0x0000c8bb      0x4a5 ./src/DIAG/diag_common/diag_utils/str_util.o
                                0x756 (size before relaxing)

.debug_loc      0x00000000    0x14d11
 .debug_loc     0x00000000       0xc0 ./SDK/S32K116_SDK_4.0.1/platform/devices/S32K116/startup/system_S32K116.o
 .debug_loc     0x000000c0       0x32 ./SDK/S32K116_SDK_4.0.1/platform/devices/startup.o
 .debug_loc     0x000000f2     0x53fa ./SDK/platform/drivers/src/clock/S32K1xx/clock_S32K1xx.o
 .debug_loc     0x000054ec     0x26dc ./SDK/platform/drivers/src/edma/edma_driver.o
 .debug_loc     0x00007bc8      0x7ee ./SDK/platform/drivers/src/edma/edma_hw_access.o
 .debug_loc     0x000083b6       0x63 ./SDK/platform/drivers/src/edma/edma_irq.o
 .debug_loc     0x00008419     0x1d4a ./SDK/platform/drivers/src/flash/flash_driver.o
 .debug_loc     0x0000a163     0x3d6a ./SDK/platform/drivers/src/flexcan/flexcan_driver.o
 .debug_loc     0x0000decd     0x202a ./SDK/platform/drivers/src/flexcan/flexcan_hw_access.o
 .debug_loc     0x0000fef7      0x321 ./SDK/platform/drivers/src/interrupt/interrupt_manager.o
 .debug_loc     0x00010218     0x1556 ./SDK/platform/drivers/src/lptmr/lptmr_driver.o
 .debug_loc     0x0001176e       0x1f ./SDK/platform/drivers/src/lptmr/lptmr_hw_access.o
 .debug_loc     0x0001178d      0xa12 ./SDK/platform/drivers/src/pins/pins_driver.o
 .debug_loc     0x0001219f      0x53e ./SDK/platform/drivers/src/pins/pins_port_hw_access.o
 .debug_loc     0x000126dd      0x27e ./SDK/rtos/osif/osif_baremetal.o
 .debug_loc     0x0001295b      0x1c0 ./src/CAN.o
 .debug_loc     0x00012b1b      0x306 ./src/Flash_EEPROM.o
 .debug_loc     0x00012e21       0x54 ./src/DIAG/diag_can_tp/dcan_tp/i15765_init.o
 .debug_loc     0x00012e75      0xe35 ./src/DIAG/diag_can_tp/dcan_tp/i15765_nl.o
 .debug_loc     0x00013caa      0x3dc ./src/DIAG/diag_can_tp/dcan_tp/i15765_tp.o
 .debug_loc     0x00014086      0x354 ./src/DIAG/diag_can_uds/uds_session/uds_session.o
 .debug_loc     0x000143da       0x84 ./src/DIAG/diag_common/diag_cil/can_callback.o
 .debug_loc     0x0001445e      0x2b9 ./src/DIAG/diag_common/diag_cil/can_if.o
 .debug_loc     0x00014717       0x6d ./src/DIAG/diag_common/diag_scheduler/can_sched.o
 .debug_loc     0x00014784      0x58d ./src/DIAG/diag_common/diag_utils/str_util.o

.debug_ranges   0x00000000     0x14b0
 .debug_ranges  0x00000000       0x20 ./SDK/S32K116_SDK_4.0.1/platform/devices/S32K116/startup/system_S32K116.o
 .debug_ranges  0x00000020       0x10 ./SDK/S32K116_SDK_4.0.1/platform/devices/startup.o
 .debug_ranges  0x00000030      0x4b0 ./SDK/platform/drivers/src/clock/S32K1xx/clock_S32K1xx.o
 .debug_ranges  0x000004e0      0x158 ./SDK/platform/drivers/src/edma/edma_driver.o
 .debug_ranges  0x00000638       0x90 ./SDK/platform/drivers/src/edma/edma_hw_access.o
 .debug_ranges  0x000006c8       0x90 ./SDK/platform/drivers/src/edma/edma_irq.o
 .debug_ranges  0x00000758      0x190 ./SDK/platform/drivers/src/flash/flash_driver.o
 .debug_ranges  0x000008e8      0x370 ./SDK/platform/drivers/src/flexcan/flexcan_driver.o
 .debug_ranges  0x00000c58      0x178 ./SDK/platform/drivers/src/flexcan/flexcan_hw_access.o
 .debug_ranges  0x00000dd0       0x18 ./SDK/platform/drivers/src/flexcan/flexcan_irq.o
 .debug_ranges  0x00000de8       0x90 ./SDK/platform/drivers/src/interrupt/interrupt_manager.o
 .debug_ranges  0x00000e78      0x1f0 ./SDK/platform/drivers/src/lptmr/lptmr_driver.o
 .debug_ranges  0x00001068       0x10 ./SDK/platform/drivers/src/lptmr/lptmr_hw_access.o
 .debug_ranges  0x00001078       0xe8 ./SDK/platform/drivers/src/pins/pins_driver.o
 .debug_ranges  0x00001160       0x30 ./SDK/platform/drivers/src/pins/pins_port_hw_access.o
 .debug_ranges  0x00001190       0x90 ./SDK/rtos/osif/osif_baremetal.o
 .debug_ranges  0x00001220       0x10 ./src/Board_Init.o
 .debug_ranges  0x00001230       0x38 ./src/CAN.o
 .debug_ranges  0x00001268       0x28 ./src/Flash_EEPROM.o
 .debug_ranges  0x00001290       0x18 ./src/Timer.o
 .debug_ranges  0x000012a8       0x10 ./src/main.o
 .debug_ranges  0x000012b8       0x18 ./src/DIAG/diag_appl_test/diag_adapt.o
 .debug_ranges  0x000012d0       0x18 ./src/DIAG/diag_can_tp/dcan_tp/i15765_init.o
 .debug_ranges  0x000012e8       0x50 ./src/DIAG/diag_can_tp/dcan_tp/i15765_nl.o
 .debug_ranges  0x00001338       0x58 ./src/DIAG/diag_can_tp/dcan_tp/i15765_tp.o
 .debug_ranges  0x00001390       0x50 ./src/DIAG/diag_can_uds/uds_session/uds_session.o
 .debug_ranges  0x000013e0       0x18 ./src/DIAG/diag_common/diag_cil/can_callback.o
 .debug_ranges  0x000013f8       0x30 ./src/DIAG/diag_common/diag_cil/can_if.o
 .debug_ranges  0x00001428       0x20 ./src/DIAG/diag_common/diag_scheduler/can_sched.o
 .debug_ranges  0x00001448       0x18 ./src/DIAG/diag_common/diag_scheduler/com_tasksched.o
 .debug_ranges  0x00001460       0x50 ./src/DIAG/diag_common/diag_utils/str_util.o

.comment        0x00000000       0x7e
 .comment       0x00000000       0x7e ./SDK/S32K116_SDK_4.0.1/platform/devices/S32K116/startup/system_S32K116.o
                                 0x7f (size before relaxing)
 .comment       0x0000007e       0x7f ./SDK/S32K116_SDK_4.0.1/platform/devices/startup.o
 .comment       0x0000007e       0x7f ./SDK/platform/drivers/src/clock/S32K1xx/clock_S32K1xx.o
 .comment       0x0000007e       0x7f ./SDK/platform/drivers/src/edma/edma_driver.o
 .comment       0x0000007e       0x7f ./SDK/platform/drivers/src/edma/edma_hw_access.o
 .comment       0x0000007e       0x7f ./SDK/platform/drivers/src/edma/edma_irq.o
 .comment       0x0000007e       0x7f ./SDK/platform/drivers/src/flash/flash_driver.o
 .comment       0x0000007e       0x7f ./SDK/platform/drivers/src/flexcan/flexcan_driver.o
 .comment       0x0000007e       0x7f ./SDK/platform/drivers/src/flexcan/flexcan_hw_access.o
 .comment       0x0000007e       0x7f ./SDK/platform/drivers/src/flexcan/flexcan_irq.o
 .comment       0x0000007e       0x7f ./SDK/platform/drivers/src/interrupt/interrupt_manager.o
 .comment       0x0000007e       0x7f ./SDK/platform/drivers/src/lptmr/lptmr_driver.o
 .comment       0x0000007e       0x7f ./SDK/platform/drivers/src/lptmr/lptmr_hw_access.o
 .comment       0x0000007e       0x7f ./SDK/platform/drivers/src/pins/pins_driver.o
 .comment       0x0000007e       0x7f ./SDK/platform/drivers/src/pins/pins_port_hw_access.o
 .comment       0x0000007e       0x7f ./SDK/rtos/osif/osif_baremetal.o
 .comment       0x0000007e       0x7f ./board/clock_config.o
 .comment       0x0000007e       0x7f ./board/peripherals_flash_1.o
 .comment       0x0000007e       0x7f ./board/peripherals_flexcan_config_1.o
 .comment       0x0000007e       0x7f ./board/peripherals_lptmr_1.o
 .comment       0x0000007e       0x7f ./board/pin_mux.o
 .comment       0x0000007e       0x7f ./src/Board_Init.o
 .comment       0x0000007e       0x7f ./src/CAN.o
 .comment       0x0000007e       0x7f ./src/Flash_EEPROM.o
 .comment       0x0000007e       0x7f ./src/Timer.o
 .comment       0x0000007e       0x7f ./src/main.o
 .comment       0x0000007e       0x7f ./src/DIAG/diag_appl_test/diag_adapt.o
 .comment       0x0000007e       0x7f ./src/DIAG/diag_can_tp/conf/i15765_conf.o
 .comment       0x0000007e       0x7f ./src/DIAG/diag_can_tp/dcan_tp/i15765_init.o
 .comment       0x0000007e       0x7f ./src/DIAG/diag_can_tp/dcan_tp/i15765_nl.o
 .comment       0x0000007e       0x7f ./src/DIAG/diag_can_tp/dcan_tp/i15765_tp.o
 .comment       0x0000007e       0x7f ./src/DIAG/diag_can_uds/conf/uds_conf.o
 .comment       0x0000007e       0x7f ./src/DIAG/diag_can_uds/uds_session/uds_session.o
 .comment       0x0000007e       0x7f ./src/DIAG/diag_common/diag_cil/can_callback.o
 .comment       0x0000007e       0x7f ./src/DIAG/diag_common/diag_cil/can_if.o
 .comment       0x0000007e       0x7f ./src/DIAG/diag_common/diag_cil/conf/cil_can_conf.o
 .comment       0x0000007e       0x7f ./src/DIAG/diag_common/diag_scheduler/can_sched.o
 .comment       0x0000007e       0x7f ./src/DIAG/diag_common/diag_scheduler/com_tasksched.o
 .comment       0x0000007e       0x7f ./src/DIAG/diag_common/diag_scheduler/conf/can_sched_conf.o
 .comment       0x0000007e       0x7f ./src/DIAG/diag_common/diag_utils/diag_typedefs.o
 .comment       0x0000007e       0x7f ./src/DIAG/diag_common/diag_utils/str_util.o

.debug_frame    0x00000000     0x230c
 .debug_frame   0x00000000       0x48 ./SDK/S32K116_SDK_4.0.1/platform/devices/S32K116/startup/system_S32K116.o
 .debug_frame   0x00000048       0x2c ./SDK/S32K116_SDK_4.0.1/platform/devices/startup.o
 .debug_frame   0x00000074      0x394 ./SDK/platform/drivers/src/clock/S32K1xx/clock_S32K1xx.o
 .debug_frame   0x00000408      0x36c ./SDK/platform/drivers/src/edma/edma_driver.o
 .debug_frame   0x00000774      0x12c ./SDK/platform/drivers/src/edma/edma_hw_access.o
 .debug_frame   0x000008a0      0x1ac ./SDK/platform/drivers/src/edma/edma_irq.o
 .debug_frame   0x00000a4c      0x390 ./SDK/platform/drivers/src/flash/flash_driver.o
 .debug_frame   0x00000ddc      0x518 ./SDK/platform/drivers/src/flexcan/flexcan_driver.o
 .debug_frame   0x000012f4      0x2cc ./SDK/platform/drivers/src/flexcan/flexcan_hw_access.o
 .debug_frame   0x000015c0       0x40 ./SDK/platform/drivers/src/flexcan/flexcan_irq.o
 .debug_frame   0x00001600       0xc8 ./SDK/platform/drivers/src/interrupt/interrupt_manager.o
 .debug_frame   0x000016c8      0x190 ./SDK/platform/drivers/src/lptmr/lptmr_driver.o
 .debug_frame   0x00001858       0x20 ./SDK/platform/drivers/src/lptmr/lptmr_hw_access.o
 .debug_frame   0x00001878      0x1e4 ./SDK/platform/drivers/src/pins/pins_driver.o
 .debug_frame   0x00001a5c       0x90 ./SDK/platform/drivers/src/pins/pins_port_hw_access.o
 .debug_frame   0x00001aec       0xf4 ./SDK/rtos/osif/osif_baremetal.o
 .debug_frame   0x00001be0       0x28 ./src/Board_Init.o
 .debug_frame   0x00001c08       0x64 ./src/CAN.o
 .debug_frame   0x00001c6c       0x88 ./src/Flash_EEPROM.o
 .debug_frame   0x00001cf4       0x40 ./src/Timer.o
 .debug_frame   0x00001d34       0x2c ./src/main.o
 .debug_frame   0x00001d60       0x30 ./src/DIAG/diag_appl_test/diag_adapt.o
 .debug_frame   0x00001d90       0x40 ./src/DIAG/diag_can_tp/dcan_tp/i15765_init.o
 .debug_frame   0x00001dd0       0xd4 ./src/DIAG/diag_can_tp/dcan_tp/i15765_nl.o
 .debug_frame   0x00001ea4      0x10c ./src/DIAG/diag_can_tp/dcan_tp/i15765_tp.o
 .debug_frame   0x00001fb0       0x74 ./src/DIAG/diag_can_uds/uds_session/uds_session.o
 .debug_frame   0x00002024       0x3c ./src/DIAG/diag_common/diag_cil/can_callback.o
 .debug_frame   0x00002060       0x94 ./src/DIAG/diag_common/diag_cil/can_if.o
 .debug_frame   0x000020f4       0x58 ./src/DIAG/diag_common/diag_scheduler/can_sched.o
 .debug_frame   0x0000214c       0x40 ./src/DIAG/diag_common/diag_scheduler/com_tasksched.o
 .debug_frame   0x0000218c       0xd0 ./src/DIAG/diag_common/diag_utils/str_util.o
 .debug_frame   0x0000225c       0x20 c:/nxp/s32ds.3.5/s32ds/build_tools/gcc_b1620/gcc-6.3-arm32-eabi/bin/../lib/gcc/arm-none-eabi/6.3.1/thumb/v6-m\libgcc.a(_udivsi3.o)
 .debug_frame   0x0000227c       0x34 c:/nxp/s32ds.3.5/s32ds/build_tools/gcc_b1620/gcc-6.3-arm32-eabi/bin/../lib/gcc/arm-none-eabi/6.3.1/thumb/v6-m\libgcc.a(_muldi3.o)
 .debug_frame   0x000022b0       0x3c c:/nxp/s32ds.3.5/s32ds/build_tools/gcc_b1620/gcc-6.3-arm32-eabi/bin/../lib/gcc/arm-none-eabi/6.3.1/thumb/v6-m\libgcc.a(_udivmoddi4.o)
 .debug_frame   0x000022ec       0x20 C:/NXP/S32DS.3.5/S32DS/build_tools/gcc_b1620/gcc-6.3-arm32-eabi/arm-none-eabi/newlib/lib/thumb/v6-m\libc_nano.a(lib_a-memset.o)
